Component: ARM Compiler 6.14 Tool: armlink [5db06800]

==============================================================================

Section Cross References

    startup_stm32f030x8.o(RESET) refers to startup_stm32f030x8.o(STACK) for __initial_sp
    startup_stm32f030x8.o(RESET) refers to startup_stm32f030x8.o(.text) for Reset_Handler
    startup_stm32f030x8.o(RESET) refers to stm32f0xx_it.o(.text.NMI_Handler) for NMI_Handler
    startup_stm32f030x8.o(RESET) refers to stm32f0xx_it.o(.text.HardFault_Handler) for HardFault_Handler
    startup_stm32f030x8.o(RESET) refers to stm32f0xx_it.o(.text.SVC_Handler) for SVC_Handler
    startup_stm32f030x8.o(RESET) refers to stm32f0xx_it.o(.text.PendSV_Handler) for PendSV_Handler
    startup_stm32f030x8.o(RESET) refers to stm32f0xx_it.o(.text.SysTick_Handler) for SysTick_Handler
    startup_stm32f030x8.o(RESET) refers to stm32f0xx_it.o(.text.USART1_IRQHandler) for USART1_IRQHandler
    startup_stm32f030x8.o(RESET) refers to stm32f0xx_it.o(.text.USART2_IRQHandler) for USART2_IRQHandler
    startup_stm32f030x8.o(.text) refers to system_stm32f0xx.o(.text.SystemInit) for SystemInit
    startup_stm32f030x8.o(.text) refers to entry.o(.ARM.Collect$$$$00000000) for __main
    stm32f0xx_hal_msp.o(.ARM.exidx.text.HAL_MspInit) refers to stm32f0xx_hal_msp.o(.text.HAL_MspInit) for [Anonymous Symbol]
    stm32f0xx_hal_msp.o(.ARM.exidx.text.HAL_CRC_MspInit) refers to stm32f0xx_hal_msp.o(.text.HAL_CRC_MspInit) for [Anonymous Symbol]
    stm32f0xx_hal_msp.o(.ARM.exidx.text.HAL_CRC_MspDeInit) refers to stm32f0xx_hal_msp.o(.text.HAL_CRC_MspDeInit) for [Anonymous Symbol]
    stm32f0xx_hal_msp.o(.text.HAL_I2C_MspInit) refers to stm32f0xx_hal_gpio.o(.text.HAL_GPIO_Init) for HAL_GPIO_Init
    stm32f0xx_hal_msp.o(.ARM.exidx.text.HAL_I2C_MspInit) refers to stm32f0xx_hal_msp.o(.text.HAL_I2C_MspInit) for [Anonymous Symbol]
    stm32f0xx_hal_msp.o(.text.HAL_I2C_MspDeInit) refers to stm32f0xx_hal_gpio.o(.text.HAL_GPIO_DeInit) for HAL_GPIO_DeInit
    stm32f0xx_hal_msp.o(.ARM.exidx.text.HAL_I2C_MspDeInit) refers to stm32f0xx_hal_msp.o(.text.HAL_I2C_MspDeInit) for [Anonymous Symbol]
    stm32f0xx_hal_msp.o(.ARM.exidx.text.HAL_RTC_MspInit) refers to stm32f0xx_hal_msp.o(.text.HAL_RTC_MspInit) for [Anonymous Symbol]
    stm32f0xx_hal_msp.o(.ARM.exidx.text.HAL_RTC_MspDeInit) refers to stm32f0xx_hal_msp.o(.text.HAL_RTC_MspDeInit) for [Anonymous Symbol]
    stm32f0xx_hal_msp.o(.text.HAL_UART_MspInit) refers to stm32f0xx_hal_gpio.o(.text.HAL_GPIO_Init) for HAL_GPIO_Init
    stm32f0xx_hal_msp.o(.text.HAL_UART_MspInit) refers to stm32f0xx_hal_cortex.o(.text.HAL_NVIC_SetPriority) for HAL_NVIC_SetPriority
    stm32f0xx_hal_msp.o(.text.HAL_UART_MspInit) refers to stm32f0xx_hal_cortex.o(.text.HAL_NVIC_EnableIRQ) for HAL_NVIC_EnableIRQ
    stm32f0xx_hal_msp.o(.ARM.exidx.text.HAL_UART_MspInit) refers to stm32f0xx_hal_msp.o(.text.HAL_UART_MspInit) for [Anonymous Symbol]
    stm32f0xx_hal_msp.o(.text.HAL_UART_MspDeInit) refers to stm32f0xx_hal_gpio.o(.text.HAL_GPIO_DeInit) for HAL_GPIO_DeInit
    stm32f0xx_hal_msp.o(.text.HAL_UART_MspDeInit) refers to stm32f0xx_hal_cortex.o(.text.HAL_NVIC_DisableIRQ) for HAL_NVIC_DisableIRQ
    stm32f0xx_hal_msp.o(.ARM.exidx.text.HAL_UART_MspDeInit) refers to stm32f0xx_hal_msp.o(.text.HAL_UART_MspDeInit) for [Anonymous Symbol]
    stm32f0xx_it.o(.ARM.exidx.text.NMI_Handler) refers to stm32f0xx_it.o(.text.NMI_Handler) for [Anonymous Symbol]
    stm32f0xx_it.o(.ARM.exidx.text.HardFault_Handler) refers to stm32f0xx_it.o(.text.HardFault_Handler) for [Anonymous Symbol]
    stm32f0xx_it.o(.ARM.exidx.text.SVC_Handler) refers to stm32f0xx_it.o(.text.SVC_Handler) for [Anonymous Symbol]
    stm32f0xx_it.o(.ARM.exidx.text.PendSV_Handler) refers to stm32f0xx_it.o(.text.PendSV_Handler) for [Anonymous Symbol]
    stm32f0xx_it.o(.text.SysTick_Handler) refers to stm32f0xx_hal.o(.text.HAL_IncTick) for HAL_IncTick
    stm32f0xx_it.o(.text.SysTick_Handler) refers to main.o(.text.status) for status
    stm32f0xx_it.o(.ARM.exidx.text.SysTick_Handler) refers to stm32f0xx_it.o(.text.SysTick_Handler) for [Anonymous Symbol]
    stm32f0xx_it.o(.text.USART1_IRQHandler) refers to stm32f0xx_hal_uart.o(.text.HAL_UART_IRQHandler) for HAL_UART_IRQHandler
    stm32f0xx_it.o(.text.USART1_IRQHandler) refers to main.o(.bss.huart1) for huart1
    stm32f0xx_it.o(.ARM.exidx.text.USART1_IRQHandler) refers to stm32f0xx_it.o(.text.USART1_IRQHandler) for [Anonymous Symbol]
    stm32f0xx_it.o(.text.USART2_IRQHandler) refers to stm32f0xx_hal_uart.o(.text.HAL_UART_IRQHandler) for HAL_UART_IRQHandler
    stm32f0xx_it.o(.text.USART2_IRQHandler) refers to main.o(.bss.huart2) for huart2
    stm32f0xx_it.o(.ARM.exidx.text.USART2_IRQHandler) refers to stm32f0xx_it.o(.text.USART2_IRQHandler) for [Anonymous Symbol]
    common.o(.text.DelayMs) refers to stm32f0xx_hal.o(.text.HAL_GetTick) for HAL_GetTick
    common.o(.ARM.exidx.text.DelayMs) refers to common.o(.text.DelayMs) for [Anonymous Symbol]
[...]
    __arm_cp.0_1                             0x080017f8   Number         4  stm32f0xx_hal_rcc_ex.o(.text.HAL_RCCEx_PeriphCLKConfig)
    __arm_cp.0_2                             0x080017fc   Number         4  stm32f0xx_hal_rcc_ex.o(.text.HAL_RCCEx_PeriphCLKConfig)
    __arm_cp.0_3                             0x08001800   Number         4  stm32f0xx_hal_rcc_ex.o(.text.HAL_RCCEx_PeriphCLKConfig)
    [Anonymous Symbol]                       0x08001804   Section        0  stm32f0xx_hal_rcc.o(.text.HAL_RCC_ClockConfig)
    __arm_cp.2_0                             0x080019b4   Number         4  stm32f0xx_hal_rcc.o(.text.HAL_RCC_ClockConfig)
    __arm_cp.2_2                             0x080019b8   Number         4  stm32f0xx_hal_rcc.o(.text.HAL_RCC_ClockConfig)
    __arm_cp.2_3                             0x080019bc   Number         4  stm32f0xx_hal_rcc.o(.text.HAL_RCC_ClockConfig)
    __arm_cp.2_5                             0x080019c0   Number         4  stm32f0xx_hal_rcc.o(.text.HAL_RCC_ClockConfig)
    [Anonymous Symbol]                       0x080019c4   Section        0  stm32f0xx_hal_rcc.o(.text.HAL_RCC_GetHCLKFreq)
    __arm_cp.7_0                             0x080019cc   Number         4  stm32f0xx_hal_rcc.o(.text.HAL_RCC_GetHCLKFreq)
    [Anonymous Symbol]                       0x080019d0   Section        0  stm32f0xx_hal_rcc.o(.text.HAL_RCC_GetPCLK1Freq)
    __arm_cp.8_1                             0x080019ec   Number         4  stm32f0xx_hal_rcc.o(.text.HAL_RCC_GetPCLK1Freq)
    [Anonymous Symbol]                       0x080019f0   Section        0  stm32f0xx_hal_rcc.o(.text.HAL_RCC_GetSysClockFreq)
    __arm_cp.3_0                             0x08001a88   Number         4  stm32f0xx_hal_rcc.o(.text.HAL_RCC_GetSysClockFreq)
    __arm_cp.3_1                             0x08001a8c   Number         4  stm32f0xx_hal_rcc.o(.text.HAL_RCC_GetSysClockFreq)
    __arm_cp.3_2                             0x08001a90   Number         4  stm32f0xx_hal_rcc.o(.text.HAL_RCC_GetSysClockFreq)
    __arm_cp.3_3                             0x08001a94   Number         4  stm32f0xx_hal_rcc.o(.text.HAL_RCC_GetSysClockFreq)
    __arm_cp.3_4                             0x08001a98   Number         4  stm32f0xx_hal_rcc.o(.text.HAL_RCC_GetSysClockFreq)
    __arm_cp.3_5                             0x08001a9c   Number         4  stm32f0xx_hal_rcc.o(.text.HAL_RCC_GetSysClockFreq)
    [Anonymous Symbol]                       0x08001aa0   Section        0  stm32f0xx_hal_uart_ex.o(.text.HAL_RS485Ex_Init)
    __arm_cp.0_0                             0x08001b74   Number         4  stm32f0xx_hal_uart_ex.o(.text.HAL_RS485Ex_Init)
    [Anonymous Symbol]                       0x08001b78   Section        0  stm32f0xx_hal_rtc.o(.text.HAL_RTC_GetDate)
    [Anonymous Symbol]                       0x08001bf0   Section        0  stm32f0xx_hal_rtc.o(.text.HAL_RTC_GetTime)
    __arm_cp.8_0                             0x08001c88   Number         4  stm32f0xx_hal_rtc.o(.text.HAL_RTC_GetTime)
    __arm_cp.8_1                             0x08001c8c   Number         4  stm32f0xx_hal_rtc.o(.text.HAL_RTC_GetTime)
    [Anonymous Symbol]                       0x08001c90   Section        0  stm32f0xx_hal_rtc.o(.text.HAL_RTC_Init)
    __arm_cp.0_0                             0x08001da4   Number         4  stm32f0xx_hal_rtc.o(.text.HAL_RTC_Init)
    [Anonymous Symbol]                       0x08001da8   Section        0  stm32f0xx_hal_msp.o(.text.HAL_RTC_MspDeInit)
    [Anonymous Symbol]                       0x08001dcc   Section        0  stm32f0xx_hal_msp.o(.text.HAL_RTC_MspInit)
    __arm_cp.5_0                             0x08001df0   Number         4  stm32f0xx_hal_msp.o(.text.HAL_RTC_MspInit)
    __arm_cp.5_1                             0x08001df4   Number         4  stm32f0xx_hal_msp.o(.text.HAL_RTC_MspInit)
    [Anonymous Symbol]                       0x08001df8   Section        0  stm32f0xx_hal_rtc.o(.text.HAL_RTC_SetDate)
    __arm_cp.10_0                            0x08001f1c   Number         4  stm32f0xx_hal_rtc.o(.text.HAL_RTC_SetDate)
    [Anonymous Symbol]                       0x08001f20   Section        0  stm32f0xx_hal_rtc.o(.text.HAL_RTC_WaitForSynchro)
    __arm_cp.19_0                            0x08001f74   Number         4  stm32f0xx_hal_rtc.o(.text.HAL_RTC_WaitForSynchro)
    __arm_cp.19_1                            0x08001f78   Number         4  stm32f0xx_hal_rtc.o(.text.HAL_RTC_WaitForSynchro)
    [Anonymous Symbol]                       0x08001f7c   Section        0  stm32f0xx_hal_cortex.o(.text.HAL_SYSTICK_Config)
    [Anonymous Symbol]                       0x08001f8c   Section        0  stm32f0xx_hal_uart.o(.text.HAL_UARTEx_RxEventCallback)
    [Anonymous Symbol]                       0x08001f9a   Section        0  stm32f0xx_it.o(.text.HardFault_Handler)
    [Anonymous Symbol]                       0x08001f9e   Section        0  stm32f0xx_it.o(.text.PendSV_Handler)
    [Anonymous Symbol]                       0x08001fa0   Section        0  main.o(.text.HAL_UART_ErrorCallback)
    __arm_cp.17_0                            0x08001fd0   Number         4  main.o(.text.HAL_UART_ErrorCallback)
    __arm_cp.17_1                            0x08001fd4   Number         4  main.o(.text.HAL_UART_ErrorCallback)
    [Anonymous Symbol]                       0x08001fd8   Section        0  main.o(.text.HAL_UART_TxCpltCallback)
    MX_CRC_Init                              0x08001fe1   Thumb Code    24  main.o(.text.MX_CRC_Init)
    [Anonymous Symbol]                       0x08001fe0   Section        0  main.o(.text.MX_CRC_Init)
    __arm_cp.3_0                             0x08001ff0   Number         4  main.o(.text.MX_CRC_Init)
    __arm_cp.3_1                             0x08001ff4   Number         4  main.o(.text.MX_CRC_Init)
    [Anonymous Symbol]                       0x08001ff8   Section        0  stm32f0xx_it.o(.text.NMI_Handler)
    [Anonymous Symbol]                       0x08001ffc   Section        0  stm32f0xx_it.o(.text.SVC_Handler)
    [Anonymous Symbol]                       0x08001ffe   Section        0  system_stm32f0xx.o(.text.SystemInit)
    __tagsym$$used.0                         0x08002000   Number         0  common.o(.ARM.__at_0x08002000)
    __tagsym$$used.1                         0x08002004   Number         0  common.o(.ARM.__at_0x08002004)
    __tagsym$$used.2                         0x08002008   Number         0  common.o(.ARM.__at_0x08002008)
    __tagsym$$used.3                         0x0800200c   Number         0  common.o(.ARM.__at_0x0800200C)
    [Anonymous Symbol]                       0x08002010   Section        0  stm32f0xx_hal_rcc.o(.text.HAL_RCC_OscConfig)
    __arm_cp.1_0                             0x0800269c   Number         4  stm32f0xx_hal_rcc.o(.text.HAL_RCC_OscConfig)
    __arm_cp.1_1                             0x080026a0   Number         4  stm32f0xx_hal_rcc.o(.text.HAL_RCC_OscConfig)
    __arm_cp.1_2                             0x080026a4   Number         4  stm32f0xx_hal_rcc.o(.text.HAL_RCC_OscConfig)
    __arm_cp.1_3                             0x080026a8   Number         4  stm32f0xx_hal_rcc.o(.text.HAL_RCC_OscConfig)
    __arm_cp.1_4                             0x080026ac   Number         4  stm32f0xx_hal_rcc.o(.text.HAL_RCC_OscConfig)
    __arm_cp.1_5                             0x080026b0   Number         4  stm32f0xx_hal_rcc.o(.text.HAL_RCC_OscConfig)
    __arm_cp.1_6                             0x080026b4   Number         4  stm32f0xx_hal_rcc.o(.text.HAL_RCC_OscConfig)
    __arm_cp.1_7                             0x080026b8   Number         4  stm32f0xx_hal_rcc.o(.text.HAL_RCC_OscConfig)
    __arm_cp.1_8                             0x080026bc   Number         4  stm32f0xx_hal_rcc.o(.text.HAL_RCC_OscConfig)
    [Anonymous Symbol]                       0x080026c0   Section        0  stm32f0xx_hal_rtc.o(.text.HAL_RTC_SetTime)
    __arm_cp.6_0                             0x08002814   Number         4  stm32f0xx_hal_rtc.o(.text.HAL_RTC_SetTime)
    [Anonymous Symbol]                       0x08002818   Section        0  stm32f0xx_hal_uart.o(.text.HAL_UART_AbortReceive)
    [Anonymous Symbol]                       0x0800296c   Section        0  stm32f0xx_hal_uart.o(.text.HAL_UART_IRQHandler)
    __arm_cp.41_3                            0x08002d48   Number         4  stm32f0xx_hal_uart.o(.text.HAL_UART_IRQHandler)
    __arm_cp.41_4                            0x08002d4c   Number         4  stm32f0xx_hal_uart.o(.text.HAL_UART_IRQHandler)
    __arm_cp.41_2                            0x08002e50   Number         4  stm32f0xx_hal_uart.o(.text.HAL_UART_IRQHandler)
    [Anonymous Symbol]                       0x08002e54   Section        0  stm32f0xx_hal_uart.o(.text.HAL_UART_Init)
    [Anonymous Symbol]                       0x08002f04   Section        0  stm32f0xx_hal_msp.o(.text.HAL_UART_MspDeInit)
    [Anonymous Symbol]                       0x08002f68   Section        0  stm32f0xx_hal_msp.o(.text.HAL_UART_MspInit)
    __arm_cp.7_0                             0x0800306c   Number         4  stm32f0xx_hal_msp.o(.text.HAL_UART_MspInit)
    __arm_cp.7_1                             0x08003070   Number         4  stm32f0xx_hal_msp.o(.text.HAL_UART_MspInit)
    __arm_cp.7_2                             0x08003074   Number         4  stm32f0xx_hal_msp.o(.text.HAL_UART_MspInit)
    __arm_cp.7_3                             0x08003078   Number         4  stm32f0xx_hal_msp.o(.text.HAL_UART_MspInit)
    __arm_cp.7_4                             0x0800307c   Number         4  stm32f0xx_hal_msp.o(.text.HAL_UART_MspInit)
    [Anonymous Symbol]                       0x08003080   Section        0  stm32f0xx_hal_uart.o(.text.HAL_UART_Receive)
    [Anonymous Symbol]                       0x08003240   Section        0  stm32f0xx_hal_uart.o(.text.HAL_UART_Receive_IT)
    [Anonymous Symbol]                       0x08003308   Section        0  main.o(.text.HAL_UART_RxCpltCallback)
    __arm_cp.15_0                            0x08003388   Number         4  main.o(.text.HAL_UART_RxCpltCallback)
    __arm_cp.15_1                            0x0800338c   Number         4  main.o(.text.HAL_UART_RxCpltCallback)
    __arm_cp.15_2                            0x08003390   Number         4  main.o(.text.HAL_UART_RxCpltCallback)
    __arm_cp.15_3                            0x08003394   Number         4  main.o(.text.HAL_UART_RxCpltCallback)
    __arm_cp.15_4                            0x08003398   Number         4  main.o(.text.HAL_UART_RxCpltCallback)
    __arm_cp.15_5                            0x0800339c   Number         4  main.o(.text.HAL_UART_RxCpltCallback)
    __arm_cp.15_6                            0x080033a0   Number         4  main.o(.text.HAL_UART_RxCpltCallback)
    __arm_cp.15_7                            0x080033a4   Number         4  main.o(.text.HAL_UART_RxCpltCallback)
    __arm_cp.15_8                            0x080033a8   Number         4  main.o(.text.HAL_UART_RxCpltCallback)
    [Anonymous Symbol]                       0x080033ac   Section        0  stm32f0xx_hal_uart.o(.text.HAL_UART_Transmit)
    __arm_cp.9_0                             0x08003510   Number         4  stm32f0xx_hal_uart.o(.text.HAL_UART_Transmit)
    I2C_Flush_TXDR                           0x08003515   Thumb Code    64  stm32f0xx_hal_i2c.o(.text.I2C_Flush_TXDR)
    [Anonymous Symbol]                       0x08003514   Section        0  stm32f0xx_hal_i2c.o(.text.I2C_Flush_TXDR)
    I2C_IsErrorOccurred                      0x08003555   Thumb Code   500  stm32f0xx_hal_i2c.o(.text.I2C_IsErrorOccurred)
    [Anonymous Symbol]                       0x08003554   Section        0  stm32f0xx_hal_i2c.o(.text.I2C_IsErrorOccurred)
    I2C_TransferConfig                       0x08003749   Thumb Code    88  stm32f0xx_hal_i2c.o(.text.I2C_TransferConfig)
    [Anonymous Symbol]                       0x08003748   Section        0  stm32f0xx_hal_i2c.o(.text.I2C_TransferConfig)
    __arm_cp.6_0                             0x08003798   Number         4  stm32f0xx_hal_i2c.o(.text.I2C_TransferConfig)
    __arm_cp.6_1                             0x0800379c   Number         4  stm32f0xx_hal_i2c.o(.text.I2C_TransferConfig)
    I2C_WaitOnFlagUntilTimeout               0x080037a1   Thumb Code   172  stm32f0xx_hal_i2c.o(.text.I2C_WaitOnFlagUntilTimeout)
    [Anonymous Symbol]                       0x080037a0   Section        0  stm32f0xx_hal_i2c.o(.text.I2C_WaitOnFlagUntilTimeout)
    I2C_WaitOnRXNEFlagUntilTimeout           0x0800384d   Thumb Code   308  stm32f0xx_hal_i2c.o(.text.I2C_WaitOnRXNEFlagUntilTimeout)
    [Anonymous Symbol]                       0x0800384c   Section        0  stm32f0xx_hal_i2c.o(.text.I2C_WaitOnRXNEFlagUntilTimeout)
    __arm_cp.10_0                            0x0800397c   Number         4  stm32f0xx_hal_i2c.o(.text.I2C_WaitOnRXNEFlagUntilTimeout)
    I2C_WaitOnSTOPFlagUntilTimeout           0x08003981   Thumb Code   160  stm32f0xx_hal_i2c.o(.text.I2C_WaitOnSTOPFlagUntilTimeout)
    [Anonymous Symbol]                       0x08003980   Section        0  stm32f0xx_hal_i2c.o(.text.I2C_WaitOnSTOPFlagUntilTimeout)
    I2C_WaitOnTXISFlagUntilTimeout           0x08003a21   Thumb Code   172  stm32f0xx_hal_i2c.o(.text.I2C_WaitOnTXISFlagUntilTimeout)
    [Anonymous Symbol]                       0x08003a20   Section        0  stm32f0xx_hal_i2c.o(.text.I2C_WaitOnTXISFlagUntilTimeout)
    [Anonymous Symbol]                       0x08003acc   Section        0  logger.o(.text.LOGGER_Delete)
    __arm_cp.4_3                             0x08003bc4   Number         4  logger.o(.text.LOGGER_Delete)
    [Anonymous Symbol]                       0x08003bc8   Section        0  logger.o(.text.LOGGER_Init)
    __arm_cp.1_7                             0x08003d2c   Number         4  logger.o(.text.LOGGER_Init)
    [Anonymous Symbol]                       0x08003d30   Section        0  logger.o(.text.LOGGER_Read)
    __arm_cp.3_1                             0x08003dd0   Number         4  logger.o(.text.LOGGER_Read)
    __arm_cp.3_2                             0x08003dd4   Number         4  logger.o(.text.LOGGER_Read)
    __arm_cp.3_3                             0x08003dd8   Number         4  logger.o(.text.LOGGER_Read)
    [Anonymous Symbol]                       0x08003ddc   Section        0  logger.o(.text.LOGGER_Service)
    __arm_cp.0_0                             0x08003e18   Number         4  logger.o(.text.LOGGER_Service)
    __arm_cp.0_1                             0x08003e1c   Number         4  logger.o(.text.LOGGER_Service)
    [Anonymous Symbol]                       0x08003e20   Section        0  logger.o(.text.LOGGER_Write)
    __arm_cp.2_1                             0x08003f74   Number         4  logger.o(.text.LOGGER_Write)
    __arm_cp.2_2                             0x08003f78   Number         4  logger.o(.text.LOGGER_Write)
    __arm_cp.2_3                             0x08003f7c   Number         4  logger.o(.text.LOGGER_Write)
    __arm_cp.2_4                             0x08003f80   Number         4  logger.o(.text.LOGGER_Write)
    __arm_cp.2_5                             0x08003f84   Number         4  logger.o(.text.LOGGER_Write)
    __arm_cp.2_6                             0x08003f88   Number         4  logger.o(.text.LOGGER_Write)
    __arm_cp.2_8                             0x08003f8c   Number         4  logger.o(.text.LOGGER_Write)
    __arm_cp.2_9                             0x08003f90   Number         4  logger.o(.text.LOGGER_Write)
    __arm_cp.2_10                            0x08003f94   Number         4  logger.o(.text.LOGGER_Write)
    MX_GPIO_Init                             0x08003f99   Thumb Code   332  main.o(.text.MX_GPIO_Init)
    [Anonymous Symbol]                       0x08003f98   Section        0  main.o(.text.MX_GPIO_Init)
    __arm_cp.2_0                             0x080040d0   Number         4  main.o(.text.MX_GPIO_Init)
    __arm_cp.2_1                             0x080040d4   Number         4  main.o(.text.MX_GPIO_Init)
    __arm_cp.2_2                             0x080040d8   Number         4  main.o(.text.MX_GPIO_Init)
    __arm_cp.2_3                             0x080040dc   Number         4  main.o(.text.MX_GPIO_Init)
    __arm_cp.2_4                             0x080040e0   Number         4  main.o(.text.MX_GPIO_Init)
    MX_I2C1_Init                             0x080040e5   Thumb Code   100  main.o(.text.MX_I2C1_Init)
    [Anonymous Symbol]                       0x080040e4   Section        0  main.o(.text.MX_I2C1_Init)
    __arm_cp.4_0                             0x08004140   Number         4  main.o(.text.MX_I2C1_Init)
    __arm_cp.4_1                             0x08004144   Number         4  main.o(.text.MX_I2C1_Init)
    MX_IWDG_Init                             0x08004149   Thumb Code    48  main.o(.text.MX_IWDG_Init)
    [Anonymous Symbol]                       0x08004148   Section        0  main.o(.text.MX_IWDG_Init)
    __arm_cp.5_0                             0x0800416c   Number         4  main.o(.text.MX_IWDG_Init)
    __arm_cp.5_1                             0x08004170   Number         4  main.o(.text.MX_IWDG_Init)
    __arm_cp.5_2                             0x08004174   Number         4  main.o(.text.MX_IWDG_Init)
    MX_RTC_Init                              0x08004179   Thumb Code    52  main.o(.text.MX_RTC_Init)
    [Anonymous Symbol]                       0x08004178   Section        0  main.o(.text.MX_RTC_Init)
    __arm_cp.8_0                             0x080041a4   Number         4  main.o(.text.MX_RTC_Init)
    __arm_cp.8_1                             0x080041a8   Number         4  main.o(.text.MX_RTC_Init)
    MX_USART1_UART_Init                      0x080041ad   Thumb Code   104  main.o(.text.MX_USART1_UART_Init)
    [Anonymous Symbol]                       0x080041ac   Section        0  main.o(.text.MX_USART1_UART_Init)
    __arm_cp.6_0                             0x08004204   Number         4  main.o(.text.MX_USART1_UART_Init)
    __arm_cp.6_1                             0x08004208   Number         4  main.o(.text.MX_USART1_UART_Init)
    __arm_cp.6_2                             0x0800420c   Number         4  main.o(.text.MX_USART1_UART_Init)
    __arm_cp.6_3                             0x08004210   Number         4  main.o(.text.MX_USART1_UART_Init)
    MX_USART2_UART_Init                      0x08004215   Thumb Code   100  main.o(.text.MX_USART2_UART_Init)
    [Anonymous Symbol]                       0x08004214   Section        0  main.o(.text.MX_USART2_UART_Init)
    __arm_cp.7_0                             0x08004268   Number         4  main.o(.text.MX_USART2_UART_Init)
    __arm_cp.7_1                             0x0800426c   Number         4  main.o(.text.MX_USART2_UART_Init)
    __arm_cp.7_2                             0x08004270   Number         4  main.o(.text.MX_USART2_UART_Init)
    __arm_cp.7_3                             0x08004274   Number         4  main.o(.text.MX_USART2_UART_Init)
    [Anonymous Symbol]                       0x08004278   Section        0  stm32f0xx_hal_rtc.o(.text.RTC_Bcd2ToByte)
    [Anonymous Symbol]                       0x0800429e   Section        0  stm32f0xx_hal_rtc.o(.text.RTC_ByteToBcd2)
    [Anonymous Symbol]                       0x080042d8   Section        0  stm32f0xx_hal_rtc.o(.text.RTC_EnterInitMode)
    __arm_cp.2_0                             0x0800435c   Number         4  stm32f0xx_hal_rtc.o(.text.RTC_EnterInitMode)
    [Anonymous Symbol]                       0x08004360   Section        0  stm32f0xx_hal_rtc.o(.text.RTC_ExitInitMode)
    [Anonymous Symbol]                       0x080043aa   Section        0  common.o(.text.Str2Hex)
    SysTick_Config                           0x0800450d   Thumb Code    84  stm32f0xx_hal_cortex.o(.text.SysTick_Config)
    [Anonymous Symbol]                       0x0800450c   Section        0  stm32f0xx_hal_cortex.o(.text.SysTick_Config)
    __arm_cp.9_0                             0x08004554   Number         4  stm32f0xx_hal_cortex.o(.text.SysTick_Config)
    __arm_cp.9_1                             0x08004558   Number         4  stm32f0xx_hal_cortex.o(.text.SysTick_Config)
    __arm_cp.9_2                             0x0800455c   Number         4  stm32f0xx_hal_cortex.o(.text.SysTick_Config)
    [Anonymous Symbol]                       0x08004560   Section        0  stm32f0xx_it.o(.text.SysTick_Handler)
    [Anonymous Symbol]                       0x0800456c   Section        0  main.o(.text.SystemClock_Config)
    __arm_cp.1_0                             0x08004618   Number         4  main.o(.text.SystemClock_Config)
    __arm_cp.1_1                             0x0800461c   Number         4  main.o(.text.SystemClock_Config)
    [Anonymous Symbol]                       0x08004620   Section        0  stm32f0xx_hal_uart.o(.text.UART_AdvFeatureConfig)
    [Anonymous Symbol]                       0x0800477c   Section        0  stm32f0xx_hal_uart.o(.text.UART_CheckIdleState)
    __arm_cp.4_0                             0x080048d4   Number         4  stm32f0xx_hal_uart.o(.text.UART_CheckIdleState)
    UART_DMAAbortOnError                     0x080048d9   Thumb Code    36  stm32f0xx_hal_uart.o(.text.UART_DMAAbortOnError)
    [Anonymous Symbol]                       0x080048d8   Section        0  stm32f0xx_hal_uart.o(.text.UART_DMAAbortOnError)
    UART_EndRxTransfer                       0x080048fd   Thumb Code   176  stm32f0xx_hal_uart.o(.text.UART_EndRxTransfer)
    [Anonymous Symbol]                       0x080048fc   Section        0  stm32f0xx_hal_uart.o(.text.UART_EndRxTransfer)
    UART_EndTransmit_IT                      0x080049ad   Thumb Code    74  stm32f0xx_hal_uart.o(.text.UART_EndTransmit_IT)
    [Anonymous Symbol]                       0x080049ac   Section        0  stm32f0xx_hal_uart.o(.text.UART_EndTransmit_IT)
    UART_RxISR_16BIT                         0x080049f7   Thumb Code   386  stm32f0xx_hal_uart.o(.text.UART_RxISR_16BIT)
    [Anonymous Symbol]                       0x080049f6   Section        0  stm32f0xx_hal_uart.o(.text.UART_RxISR_16BIT)
    UART_RxISR_8BIT                          0x08004b79   Thumb Code   382  stm32f0xx_hal_uart.o(.text.UART_RxISR_8BIT)
    [Anonymous Symbol]                       0x08004b78   Section        0  stm32f0xx_hal_uart.o(.text.UART_RxISR_8BIT)
    [Anonymous Symbol]                       0x08004cf8   Section        0  stm32f0xx_hal_uart.o(.text.UART_SetConfig)
    __arm_cp.2_0                             0x08004f28   Number         4  stm32f0xx_hal_uart.o(.text.UART_SetConfig)
    __arm_cp.2_1                             0x08004f2c   Number         4  stm32f0xx_hal_uart.o(.text.UART_SetConfig)
    __arm_cp.2_2                             0x08004f30   Number         4  stm32f0xx_hal_uart.o(.text.UART_SetConfig)
    __arm_cp.2_3                             0x08004f34   Number         4  stm32f0xx_hal_uart.o(.text.UART_SetConfig)
    __arm_cp.2_4                             0x08004f38   Number         4  stm32f0xx_hal_uart.o(.text.UART_SetConfig)
    [Anonymous Symbol]                       0x08004f3c   Section        0  stm32f0xx_hal_uart.o(.text.UART_Start_Receive_IT)
    __arm_cp.16_0                            0x080050a4   Number         4  stm32f0xx_hal_uart.o(.text.UART_Start_Receive_IT)
    __arm_cp.16_1                            0x080050a8   Number         4  stm32f0xx_hal_uart.o(.text.UART_Start_Receive_IT)
    __arm_cp.16_2                            0x080050ac   Number         4  stm32f0xx_hal_uart.o(.text.UART_Start_Receive_IT)
    [Anonymous Symbol]                       0x080050b0   Section        0  stm32f0xx_hal_uart.o(.text.UART_WaitOnFlagUntilTimeout)
    [Anonymous Symbol]                       0x080051ac   Section        0  stm32f0xx_it.o(.text.USART1_IRQHandler)
    __arm_cp.5_0                             0x080051b8   Number         4  stm32f0xx_it.o(.text.USART1_IRQHandler)
    [Anonymous Symbol]                       0x080051bc   Section        0  stm32f0xx_it.o(.text.USART2_IRQHandler)
    __arm_cp.6_0                             0x080051c8   Number         4  stm32f0xx_it.o(.text.USART2_IRQHandler)
    __NVIC_DisableIRQ                        0x080051cd   Thumb Code    52  stm32f0xx_hal_cortex.o(.text.__NVIC_DisableIRQ)
    [Anonymous Symbol]                       0x080051cc   Section        0  stm32f0xx_hal_cortex.o(.text.__NVIC_DisableIRQ)
    __arm_cp.5_0                             0x080051fc   Number         4  stm32f0xx_hal_cortex.o(.text.__NVIC_DisableIRQ)
    __NVIC_EnableIRQ                         0x08005201   Thumb Code    44  stm32f0xx_hal_cortex.o(.text.__NVIC_EnableIRQ)
    [Anonymous Symbol]                       0x08005200   Section        0  stm32f0xx_hal_cortex.o(.text.__NVIC_EnableIRQ)
    __arm_cp.3_0                             0x08005228   Number         4  stm32f0xx_hal_cortex.o(.text.__NVIC_EnableIRQ)
    __NVIC_SetPriority                       0x0800522d   Thumb Code   136  stm32f0xx_hal_cortex.o(.text.__NVIC_SetPriority)
    [Anonymous Symbol]                       0x0800522c   Section        0  stm32f0xx_hal_cortex.o(.text.__NVIC_SetPriority)
    __arm_cp.1_0                             0x080052ac   Number         4  stm32f0xx_hal_cortex.o(.text.__NVIC_SetPriority)
    __arm_cp.1_1                             0x080052b0   Number         4  stm32f0xx_hal_cortex.o(.text.__NVIC_SetPriority)
    __NVIC_SystemReset                       0x080052b5   Thumb Code    28  stm32f0xx_hal_cortex.o(.text.__NVIC_SystemReset)
    [Anonymous Symbol]                       0x080052b4   Section        0  stm32f0xx_hal_cortex.o(.text.__NVIC_SystemReset)
    __arm_cp.7_0                             0x080052c8   Number         4  stm32f0xx_hal_cortex.o(.text.__NVIC_SystemReset)
    __arm_cp.7_1                             0x080052cc   Number         4  stm32f0xx_hal_cortex.o(.text.__NVIC_SystemReset)
    card_blocked                             0x080052d1   Thumb Code    96  main.o(.text.card_blocked)
    [Anonymous Symbol]                       0x080052d0   Section        0  main.o(.text.card_blocked)
    card_invalid                             0x08005331   Thumb Code    92  main.o(.text.card_invalid)
    [Anonymous Symbol]                       0x08005330   Section        0  main.o(.text.card_invalid)
    card_valid                               0x0800538d   Thumb Code   152  main.o(.text.card_valid)
    [Anonymous Symbol]                       0x0800538c   Section        0  main.o(.text.card_valid)
    __arm_cp.21_0                            0x080053fc   Number         4  main.o(.text.card_valid)
    __arm_cp.21_1                            0x08005400   Number         4  main.o(.text.card_valid)
    __arm_cp.21_2                            0x08005404   Number         4  main.o(.text.card_valid)
    __arm_cp.21_3                            0x08005408   Number         4  main.o(.text.card_valid)
    __arm_cp.21_4                            0x0800540c   Number         4  main.o(.text.card_valid)
    __arm_cp.21_5                            0x08005410   Number         4  main.o(.text.card_valid)
    __arm_cp.21_6                            0x08005414   Number         4  main.o(.text.card_valid)
    __arm_cp.21_8                            0x08005418   Number         4  main.o(.text.card_valid)
    __arm_cp.21_9                            0x0800541c   Number         4  main.o(.text.card_valid)
    __arm_cp.21_10                           0x08005420   Number         4  main.o(.text.card_valid)
    delete_all_cards                         0x08005425   Thumb Code   184  main.o(.text.delete_all_cards)
    [Anonymous Symbol]                       0x08005424   Section        0  main.o(.text.delete_all_cards)
    delete_all_events                        0x080054dd   Thumb Code   184  main.o(.text.delete_all_events)
    [Anonymous Symbol]                       0x080054dc   Section        0  main.o(.text.delete_all_events)
    __arm_cp.29_0                            0x08005590   Number         4  main.o(.text.delete_all_events)
    delete_card                              0x08005595   Thumb Code   340  main.o(.text.delete_card)
    [Anonymous Symbol]                       0x08005594   Section        0  main.o(.text.delete_card)
    __arm_cp.27_0                            0x080056dc   Number         4  main.o(.text.delete_card)
    __arm_cp.27_1                            0x080056e0   Number         4  main.o(.text.delete_card)
    __arm_cp.27_2                            0x080056e4   Number         4  main.o(.text.delete_card)
    enable_rfid_receiver                     0x080056e9   Thumb Code    96  main.o(.text.enable_rfid_receiver)
    [Anonymous Symbol]                       0x080056e8   Section        0  main.o(.text.enable_rfid_receiver)
    __arm_cp.14_0                            0x0800573c   Number         4  main.o(.text.enable_rfid_receiver)
    __arm_cp.14_1                            0x08005740   Number         4  main.o(.text.enable_rfid_receiver)
    __arm_cp.14_2                            0x08005744   Number         4  main.o(.text.enable_rfid_receiver)
    enable_rs485_receiver                    0x08005749   Thumb Code   104  main.o(.text.enable_rs485_receiver)
    [Anonymous Symbol]                       0x08005748   Section        0  main.o(.text.enable_rs485_receiver)
    __arm_cp.18_0                            0x080057a0   Number         4  main.o(.text.enable_rs485_receiver)
    __arm_cp.18_1                            0x080057a4   Number         4  main.o(.text.enable_rs485_receiver)
    __arm_cp.18_2                            0x080057a8   Number         4  main.o(.text.enable_rs485_receiver)
    __arm_cp.18_3                            0x080057ac   Number         4  main.o(.text.enable_rs485_receiver)
    find_card                                0x080057b1   Thumb Code   184  main.o(.text.find_card)
    [Anonymous Symbol]                       0x080057b0   Section        0  main.o(.text.find_card)
    __arm_cp.20_0                            0x08005864   Number         4  main.o(.text.find_card)
    init                                     0x08005869   Thumb Code   536  main.o(.text.init)
    [Anonymous Symbol]                       0x08005868   Section        0  main.o(.text.init)
    __arm_cp.9_0                             0x08005a60   Number         4  main.o(.text.init)
    __arm_cp.9_1                             0x08005a64   Number         4  main.o(.text.init)
    __arm_cp.9_2                             0x08005a68   Number         4  main.o(.text.init)
    __arm_cp.9_3                             0x08005a6c   Number         4  main.o(.text.init)
    __arm_cp.9_4                             0x08005a70   Number         4  main.o(.text.init)
    __arm_cp.9_5                             0x08005a74   Number         4  main.o(.text.init)
    __arm_cp.9_6                             0x08005a78   Number         4  main.o(.text.init)
    __arm_cp.9_7                             0x08005a7c   Number         4  main.o(.text.init)
    [Anonymous Symbol]                       0x08005a80   Section        0  main.o(.text.main)
    __arm_cp.0_0                             0x08005ad0   Number         4  main.o(.text.main)
    [Anonymous Symbol]                       0x08005ad4   Section        0  common.o(.text.mem_comp)
    [Anonymous Symbol]                       0x08005b36   Section        0  common.o(.text.mem_copy)
    [Anonymous Symbol]                       0x08005b6c   Section        0  common.o(.text.mem_set)
    new_event                                0x08005b99   Thumb Code   472  main.o(.text.new_event)
    [Anonymous Symbol]                       0x08005b98   Section        0  main.o(.text.new_event)
    __arm_cp.23_0                            0x08005d58   Number         4  main.o(.text.new_event)
    __arm_cp.23_1                            0x08005d5c   Number         4  main.o(.text.new_event)
    __arm_cp.23_2                            0x08005d60   Number         4  main.o(.text.new_event)
    __arm_cp.23_3                            0x08005d64   Number         4  main.o(.text.new_event)
    __arm_cp.23_4                            0x08005d68   Number         4  main.o(.text.new_event)
    __arm_cp.23_5                            0x08005d6c   Number         4  main.o(.text.new_event)
    rfid                                     0x08005d71   Thumb Code   268  main.o(.text.rfid)
    [Anonymous Symbol]                       0x08005d70   Section        0  main.o(.text.rfid)
    __arm_cp.10_0                            0x08005e60   Number         4  main.o(.text.rfid)
    __arm_cp.10_1                            0x08005e64   Number         4  main.o(.text.rfid)
    __arm_cp.10_2                            0x08005e68   Number         4  main.o(.text.rfid)
    __arm_cp.10_3                            0x08005e6c   Number         4  main.o(.text.rfid)
    __arm_cp.10_4                            0x08005e70   Number         4  main.o(.text.rfid)
    __arm_cp.10_5                            0x08005e74   Number         4  main.o(.text.rfid)
    __arm_cp.10_6                            0x08005e78   Number         4  main.o(.text.rfid)
    rs485                                    0x08005e7d   Thumb Code   904  main.o(.text.rs485)
    [Anonymous Symbol]                       0x08005e7c   Section        0  main.o(.text.rs485)
    __arm_cp.11_0                            0x080061d4   Number         4  main.o(.text.rs485)
    __arm_cp.11_1                            0x080061d8   Number         4  main.o(.text.rs485)
    __arm_cp.11_2                            0x080061dc   Number         4  main.o(.text.rs485)
    __arm_cp.11_3                            0x080061e0   Number         4  main.o(.text.rs485)
    __arm_cp.11_4                            0x080061e4   Number         4  main.o(.text.rs485)
    __arm_cp.11_7                            0x080061e8   Number         4  main.o(.text.rs485)
    __arm_cp.11_8                            0x080061ec   Number         4  main.o(.text.rs485)
    __arm_cp.11_9                            0x080061f0   Number         4  main.o(.text.rs485)
    __arm_cp.11_10                           0x080061f4   Number         4  main.o(.text.rs485)
    __arm_cp.11_11                           0x080061f8   Number         4  main.o(.text.rs485)
    __arm_cp.11_12                           0x080061fc   Number         4  main.o(.text.rs485)
    __arm_cp.11_13                           0x08006200   Number         4  main.o(.text.rs485)
    save_door_tmr                            0x08006205   Thumb Code   156  main.o(.text.save_door_tmr)
    [Anonymous Symbol]                       0x08006204   Section        0  main.o(.text.save_door_tmr)
    __arm_cp.26_0                            0x0800629c   Number         4  main.o(.text.save_door_tmr)
    save_flags                               0x080062a1   Thumb Code   152  main.o(.text.save_flags)
    [Anonymous Symbol]                       0x080062a0   Section        0  main.o(.text.save_flags)
    __arm_cp.19_0                            0x0800632c   Number         4  main.o(.text.save_flags)
    __arm_cp.19_1                            0x08006330   Number         4  main.o(.text.save_flags)
    __arm_cp.19_2                            0x08006334   Number         4  main.o(.text.save_flags)
    [Anonymous Symbol]                       0x08006338   Section        0  main.o(.text.status)
    __arm_cp.13_19                           0x08006600   Number         4  main.o(.text.status)
    __arm_cp.13_23                           0x08006610   Number         4  main.o(.text.status)
    __arm_cp.13_0                            0x08006864   Number         4  main.o(.text.status)
    __arm_cp.13_1                            0x08006868   Number         4  main.o(.text.status)
    __arm_cp.13_2                            0x0800686c   Number         4  main.o(.text.status)
    __arm_cp.13_3                            0x08006870   Number         4  main.o(.text.status)
    __arm_cp.13_6                            0x08006874   Number         4  main.o(.text.status)
    __arm_cp.13_7                            0x08006878   Number         4  main.o(.text.status)
    __arm_cp.13_8                            0x0800687c   Number         4  main.o(.text.status)
    __arm_cp.13_9                            0x08006880   Number         4  main.o(.text.status)
    __arm_cp.13_10                           0x08006884   Number         4  main.o(.text.status)
    __arm_cp.13_11                           0x08006888   Number         4  main.o(.text.status)
    __arm_cp.13_12                           0x0800688c   Number         4  main.o(.text.status)
    __arm_cp.13_13                           0x08006890   Number         4  main.o(.text.status)
    __arm_cp.13_14                           0x08006894   Number         4  main.o(.text.status)
    __arm_cp.13_15                           0x08006898   Number         4  main.o(.text.status)
    write_card                               0x0800689d   Thumb Code   344  main.o(.text.write_card)
    [Anonymous Symbol]                       0x0800689c   Section        0  main.o(.text.write_card)
    __arm_cp.25_0                            0x080069e8   Number         4  main.o(.text.write_card)
    __arm_cp.25_1                            0x080069ec   Number         4  main.o(.text.write_card)
    __arm_cp.25_2                            0x080069f0   Number         4  main.o(.text.write_card)
    i.__aeabi_errno_addr                     0x080069f4   Section        0  errno.o(i.__aeabi_errno_addr)
    i.__scatterload_copy                     0x080069fc   Section       14  handlers.o(i.__scatterload_copy)
    i.__scatterload_null                     0x08006a0a   Section        2  handlers.o(i.__scatterload_null)
    i.__scatterload_zeroinit                 0x08006a0c   Section       14  handlers.o(i.__scatterload_zeroinit)
    .constdata                               0x08006a1a   Section      129  ctype_o.o(.constdata)
    table                                    0x08006a9c   Data           4  ctype_o.o(.constdata)
    .constdata                               0x08006a9c   Section        4  ctype_o.o(.constdata)
    HAL_RCC_GetSysClockFreq.aPLLMULFactorTable 0x08006ab8   Data          16  stm32f0xx_hal_rcc.o(.rodata.HAL_RCC_GetSysClockFreq.aPLLMULFactorTable)
    [Anonymous Symbol]                       0x08006ab8   Section        0  stm32f0xx_hal_rcc.o(.rodata.HAL_RCC_GetSysClockFreq.aPLLMULFactorTable)
    HAL_RCC_GetSysClockFreq.aPredivFactorTable 0x08006ac8   Data          16  stm32f0xx_hal_rcc.o(.rodata.HAL_RCC_GetSysClockFreq.aPredivFactorTable)
    [Anonymous Symbol]                       0x08006ac8   Section        0  stm32f0xx_hal_rcc.o(.rodata.HAL_RCC_GetSysClockFreq.aPredivFactorTable)
    _errno                                   0x20000000   Data           4  errno.o(.data)
    .data                                    0x20000000   Section        4  errno.o(.data)
    buzz_cnt                                 0x20000011   Data           1  main.o(.bss.buzz_cnt)
    [Anonymous Symbol]                       0x20000011   Section        0  main.o(.bss.buzz_cnt)
    buzz_tmr                                 0x20000014   Data           4  main.o(.bss.buzz_tmr)
    [Anonymous Symbol]                       0x20000014   Section        0  main.o(.bss.buzz_tmr)
    card_cnt                                 0x20000018   Data           2  main.o(.bss.card_cnt)
    [Anonymous Symbol]                       0x20000018   Section        0  main.o(.bss.card_cnt)
    door_cnt                                 0x2000001b   Data           1  main.o(.bss.door_cnt)
    [Anonymous Symbol]                       0x2000001b   Section        0  main.o(.bss.door_cnt)
    door_time                                0x2000001c   Data           4  main.o(.bss.door_time)
    [Anonymous Symbol]                       0x2000001c   Section        0  main.o(.bss.door_time)
    door_tmr                                 0x20000020   Data           4  main.o(.bss.door_tmr)
    [Anonymous Symbol]                       0x20000020   Section        0  main.o(.bss.door_tmr)
    init.add                                 0x200001d4   Data           4  main.o(.bss.init.add)
    [Anonymous Symbol]                       0x200001d4   Section        0  main.o(.bss.init.add)
    init.buf                                 0x200001d8   Data          16  main.o(.bss.init.buf)
    [Anonymous Symbol]                       0x200001d8   Section        0  main.o(.bss.init.buf)
    led_cnt                                  0x200001e9   Data           1  main.o(.bss.led_cnt)
    [Anonymous Symbol]                       0x200001e9   Section        0  main.o(.bss.led_cnt)
    led_tmr                                  0x200001ec   Data           4  main.o(.bss.led_tmr)
    [Anonymous Symbol]                       0x200001ec   Section        0  main.o(.bss.led_tmr)
    logger_next_log_address                  0x200001fc   Data           4  logger.o(.bss.logger_next_log_address)
    [Anonymous Symbol]                       0x200001fc   Section        0  logger.o(.bss.logger_next_log_address)
    logger_next_log_id                       0x20000200   Data           4  logger.o(.bss.logger_next_log_id)
    [Anonymous Symbol]                       0x20000200   Section        0  logger.o(.bss.logger_next_log_id)
    logger_tmr                               0x20000204   Data           4  logger.o(.bss.logger_tmr)
    [Anonymous Symbol]                       0x20000204   Section        0  logger.o(.bss.logger_tmr)
    rfbuf                                    0x2000020c   Data          16  main.o(.bss.rfbuf)
    [Anonymous Symbol]                       0x2000020c   Section        0  main.o(.bss.rfbuf)
    rfcnt                                    0x2000021c   Data           1  main.o(.bss.rfcnt)
    [Anonymous Symbol]                       0x2000021c   Section        0  main.o(.bss.rfcnt)
    rfid.buf                                 0x2000021d   Data           4  main.o(.bss.rfid.buf)
    [Anonymous Symbol]                       0x2000021d   Section        0  main.o(.bss.rfid.buf)
    rfid.rftmr                               0x20000224   Data           4  main.o(.bss.rfid.rftmr)
    [Anonymous Symbol]                       0x20000224   Section        0  main.o(.bss.rfid.rftmr)
    rs485.i                                  0x20000228   Data           1  main.o(.bss.rs485.i)
    [Anonymous Symbol]                       0x20000228   Section        0  main.o(.bss.rs485.i)
    rs485.resp                               0x20000229   Data          32  main.o(.bss.rs485.resp)
    [Anonymous Symbol]                       0x20000229   Section        0  main.o(.bss.rs485.resp)
    rsadd                                    0x20000249   Data           1  main.o(.bss.rsadd)
    [Anonymous Symbol]                       0x20000249   Section        0  main.o(.bss.rsadd)
    rsbuf                                    0x2000024a   Data          64  main.o(.bss.rsbuf)
    [Anonymous Symbol]                       0x2000024a   Section        0  main.o(.bss.rsbuf)
    rscnt                                    0x2000028a   Data           1  main.o(.bss.rscnt)
    [Anonymous Symbol]                       0x2000028a   Section        0  main.o(.bss.rscnt)
    rstmr                                    0x2000028c   Data           4  main.o(.bss.rstmr)
    [Anonymous Symbol]                       0x2000028c   Section        0  main.o(.bss.rstmr)
    sta_cnt                                  0x200002a4   Data           1  main.o(.bss.sta_cnt)
    [Anonymous Symbol]                       0x200002a4   Section        0  main.o(.bss.sta_cnt)
    sta_tmr                                  0x200002a8   Data           4  main.o(.bss.sta_tmr)
    [Anonymous Symbol]                       0x200002a8   Section        0  main.o(.bss.sta_tmr)
    STACK                                    0x200002b8   Section     1024  startup_stm32f030x8.o(STACK)

    Global Symbols

    Symbol Name                              Value     Ov Type        Size  Object(Section)

    BuildAttributes$$THM_ISAv3M$S$PE$A:L22$X:L11$S22$IEEE1$IW$~IW$USESV6$~STKCKD$USESV7$~SHL$OSPACE$EBA8$MICROLIB$REQ8$PRES8$EABIv2 0x00000000   Number         0  anon$$obj.o ABSOLUTE
    __cpp_initialize__aeabi_                  - Undefined Weak Reference
    __cxa_finalize                            - Undefined Weak Reference
    __decompress                              - Undefined Weak Reference
    _clock_init                               - Undefined Weak Reference
    _microlib_exit                            - Undefined Weak Reference
    __Vectors_Size                           0x000000b4   Number         0  startup_stm32f030x8.o ABSOLUTE
    __Vectors                                0x08000000   Data           4  startup_stm32f030x8.o(RESET)
    __Vectors_End                            0x080000b4   Data           0  startup_stm32f030x8.o(RESET)
    __main                                   0x080000b5   Thumb Code     0  entry.o(.ARM.Collect$$$$00000000)
    _main_stk                                0x080000b5   Thumb Code     0  entry2.o(.ARM.Collect$$$$00000001)
    _main_scatterload                        0x080000b9   Thumb Code     0  entry5.o(.ARM.Collect$$$$00000004)
    __main_after_scatterload                 0x080000bd   Thumb Code     0  entry5.o(.ARM.Collect$$$$00000004)
    _main_clock                              0x080000bd   Thumb Code     0  entry7b.o(.ARM.Collect$$$$00000008)
    _main_cpp_init                           0x080000bd   Thumb Code     0  entry8b.o(.ARM.Collect$$$$0000000A)
    _main_init                               0x080000bd   Thumb Code     0  entry9a.o(.ARM.Collect$$$$0000000B)
    __rt_final_cpp                           0x080000c5   Thumb Code     0  entry10a.o(.ARM.Collect$$$$0000000D)
    __rt_final_exit                          0x080000c5   Thumb Code     0  entry11a.o(.ARM.Collect$$$$0000000F)
    Reset_Handler                            0x080000c9   Thumb Code     8  startup_stm32f030x8.o(.text)
    ADC1_IRQHandler                          0x080000db   Thumb Code     0  startup_stm32f030x8.o(.text)
    DMA1_Channel1_IRQHandler                 0x080000db   Thumb Code     0  startup_stm32f030x8.o(.text)
    DMA1_Channel2_3_IRQHandler               0x080000db   Thumb Code     0  startup_stm32f030x8.o(.text)
    DMA1_Channel4_5_IRQHandler               0x080000db   Thumb Code     0  startup_stm32f030x8.o(.text)
    EXTI0_1_IRQHandler                       0x080000db   Thumb Code     0  startup_stm32f030x8.o(.text)
    EXTI2_3_IRQHandler                       0x080000db   Thumb Code     0  startup_stm32f030x8.o(.text)
    EXTI4_15_IRQHandler                      0x080000db   Thumb Code     0  startup_stm32f030x8.o(.text)
    FLASH_IRQHandler                         0x080000db   Thumb Code     0  startup_stm32f030x8.o(.text)
    I2C1_IRQHandler                          0x080000db   Thumb Code     0  startup_stm32f030x8.o(.text)
    I2C2_IRQHandler                          0x080000db   Thumb Code     0  startup_stm32f030x8.o(.text)
    RCC_IRQHandler                           0x080000db   Thumb Code     0  startup_stm32f030x8.o(.text)
    RTC_IRQHandler                           0x080000db   Thumb Code     0  startup_stm32f030x8.o(.text)
    SPI1_IRQHandler                          0x080000db   Thumb Code     0  startup_stm32f030x8.o(.text)
    SPI2_IRQHandler                          0x080000db   Thumb Code     0  startup_stm32f030x8.o(.text)
    TIM14_IRQHandler                         0x080000db   Thumb Code     0  startup_stm32f030x8.o(.text)
    TIM15_IRQHandler                         0x080000db   Thumb Code     0  startup_stm32f030x8.o(.text)
    TIM16_IRQHandler                         0x080000db   Thumb Code     0  startup_stm32f030x8.o(.text)
    TIM17_IRQHandler                         0x080000db   Thumb Code     0  startup_stm32f030x8.o(.text)
    TIM1_BRK_UP_TRG_COM_IRQHandler           0x080000db   Thumb Code     0  startup_stm32f030x8.o(.text)
    TIM1_CC_IRQHandler                       0x080000db   Thumb Code     0  startup_stm32f030x8.o(.text)
    TIM3_IRQHandler                          0x080000db   Thumb Code     0  startup_stm32f030x8.o(.text)
    TIM6_IRQHandler                          0x080000db   Thumb Code     0  startup_stm32f030x8.o(.text)
    WWDG_IRQHandler                          0x080000db   Thumb Code     0  startup_stm32f030x8.o(.text)
    __aeabi_uidiv                            0x080000e5   Thumb Code     0  uidiv.o(.text)
    __aeabi_uidivmod                         0x080000e5   Thumb Code    44  uidiv.o(.text)
    __aeabi_uldivmod                         0x08000111   Thumb Code    96  uldiv.o(.text)
    __aeabi_lmul                             0x08000171   Thumb Code   122  llmul.o(.text)
    _ll_mul                                  0x08000171   Thumb Code     0  llmul.o(.text)
    __aeabi_llsr                             0x080001eb   Thumb Code    34  llushr.o(.text)
    _ll_ushift_r                             0x080001eb   Thumb Code     0  llushr.o(.text)
    __aeabi_memset                           0x0800020d   Thumb Code    14  memseta.o(.text)
    __aeabi_memset4                          0x0800020d   Thumb Code     0  memseta.o(.text)
    __aeabi_memset8                          0x0800020d   Thumb Code     0  memseta.o(.text)
    __aeabi_memclr                           0x0800021b   Thumb Code     4  memseta.o(.text)
    __aeabi_memclr4                          0x0800021b   Thumb Code     0  memseta.o(.text)
    __aeabi_memclr8                          0x0800021b   Thumb Code     0  memseta.o(.text)
    _memset$wrapper                          0x0800021f   Thumb Code    18  memseta.o(.text)
    strtoul                                  0x08000231   Thumb Code   118  strtoul.o(.text)
    __aeabi_llsl                             0x080002a7   Thumb Code    32  llshl.o(.text)
    _ll_shift_l                              0x080002a7   Thumb Code     0  llshl.o(.text)
    __rt_ctype_table                         0x080002c9   Thumb Code     4  ctype_o.o(.text)
    _strtoul                                 0x080002d1   Thumb Code   166  _strtoul.o(.text)
    __scatterload                            0x08000379   Thumb Code    28  init.o(.text)
    __scatterload_rt2                        0x08000379   Thumb Code     0  init.o(.text)
    _chval                                   0x0800039d   Thumb Code    30  _chval.o(.text)
    Error_Handler                            0x080003bd   Thumb Code    76  main.o(.text.Error_Handler)
    HAL_CRC_Init                             0x08000409   Thumb Code   146  stm32f0xx_hal_crc.o(.text.HAL_CRC_Init)
    HAL_CRC_MspDeInit                        0x0800049d   Thumb Code    32  stm32f0xx_hal_msp.o(.text.HAL_CRC_MspDeInit)
    HAL_CRC_MspInit                          0x080004bd   Thumb Code    52  stm32f0xx_hal_msp.o(.text.HAL_CRC_MspInit)
    HAL_DMA_Abort                            0x080004f1   Thumb Code   114  stm32f0xx_hal_dma.o(.text.HAL_DMA_Abort)
    HAL_DMA_Abort_IT                         0x08000563   Thumb Code   120  stm32f0xx_hal_dma.o(.text.HAL_DMA_Abort_IT)
    HAL_DMA_GetError                         0x080005db   Thumb Code    12  stm32f0xx_hal_dma.o(.text.HAL_DMA_GetError)
    HAL_DeInit                               0x080005e9   Thumb Code    52  stm32f0xx_hal.o(.text.HAL_DeInit)
    HAL_GPIO_DeInit                          0x0800061d   Thumb Code   356  stm32f0xx_hal_gpio.o(.text.HAL_GPIO_DeInit)
    HAL_GPIO_Init                            0x08000781   Thumb Code   744  stm32f0xx_hal_gpio.o(.text.HAL_GPIO_Init)
    HAL_GPIO_ReadPin                         0x08000a69   Thumb Code    46  stm32f0xx_hal_gpio.o(.text.HAL_GPIO_ReadPin)
    HAL_GPIO_WritePin                        0x08000a97   Thumb Code    50  stm32f0xx_hal_gpio.o(.text.HAL_GPIO_WritePin)
    HAL_GetTick                              0x08000ac9   Thumb Code    12  stm32f0xx_hal.o(.text.HAL_GetTick)
    HAL_I2CEx_ConfigAnalogFilter             0x08000ad5   Thumb Code   150  stm32f0xx_hal_i2c_ex.o(.text.HAL_I2CEx_ConfigAnalogFilter)
    HAL_I2CEx_ConfigDigitalFilter            0x08000b6b   Thumb Code   160  stm32f0xx_hal_i2c_ex.o(.text.HAL_I2CEx_ConfigDigitalFilter)
    HAL_I2C_Init                             0x08000c0d   Thumb Code   268  stm32f0xx_hal_i2c.o(.text.HAL_I2C_Init)
    HAL_I2C_IsDeviceReady                    0x08000d19   Thumb Code   616  stm32f0xx_hal_i2c.o(.text.HAL_I2C_IsDeviceReady)
    HAL_I2C_Master_Receive                   0x08000f81   Thumb Code   520  stm32f0xx_hal_i2c.o(.text.HAL_I2C_Master_Receive)
    HAL_I2C_Master_Transmit                  0x08001189   Thumb Code   524  stm32f0xx_hal_i2c.o(.text.HAL_I2C_Master_Transmit)
    HAL_I2C_MspDeInit                        0x08001395   Thumb Code    56  stm32f0xx_hal_msp.o(.text.HAL_I2C_MspDeInit)
    HAL_I2C_MspInit                          0x080013cd   Thumb Code   124  stm32f0xx_hal_msp.o(.text.HAL_I2C_MspInit)
    HAL_IWDG_Init                            0x08001449   Thumb Code   176  stm32f0xx_hal_iwdg.o(.text.HAL_IWDG_Init)
    HAL_IWDG_Refresh                         0x080014f9   Thumb Code    24  stm32f0xx_hal_iwdg.o(.text.HAL_IWDG_Refresh)
    HAL_IncTick                              0x08001511   Thumb Code    20  stm32f0xx_hal.o(.text.HAL_IncTick)
    HAL_Init                                 0x08001525   Thumb Code    36  stm32f0xx_hal.o(.text.HAL_Init)
    HAL_InitTick                             0x08001549   Thumb Code   124  stm32f0xx_hal.o(.text.HAL_InitTick)
    HAL_MspDeInit                            0x080015c5   Thumb Code     2  stm32f0xx_hal.o(.text.HAL_MspDeInit)
    HAL_MspInit                              0x080015c9   Thumb Code    60  stm32f0xx_hal_msp.o(.text.HAL_MspInit)
    HAL_NVIC_DisableIRQ                      0x08001605   Thumb Code    24  stm32f0xx_hal_cortex.o(.text.HAL_NVIC_DisableIRQ)
    HAL_NVIC_EnableIRQ                       0x0800161d   Thumb Code    24  stm32f0xx_hal_cortex.o(.text.HAL_NVIC_EnableIRQ)
    HAL_NVIC_SetPriority                     0x08001635   Thumb Code    30  stm32f0xx_hal_cortex.o(.text.HAL_NVIC_SetPriority)
    HAL_NVIC_SystemReset                     0x08001653   Thumb Code     4  stm32f0xx_hal_cortex.o(.text.HAL_NVIC_SystemReset)
    HAL_PWR_EnableBkUpAccess                 0x08001659   Thumb Code    16  stm32f0xx_hal_pwr.o(.text.HAL_PWR_EnableBkUpAccess)
    HAL_RCCEx_PeriphCLKConfig                0x08001669   Thumb Code   412  stm32f0xx_hal_rcc_ex.o(.text.HAL_RCCEx_PeriphCLKConfig)
    HAL_RCC_ClockConfig                      0x08001805   Thumb Code   448  stm32f0xx_hal_rcc.o(.text.HAL_RCC_ClockConfig)
    HAL_RCC_GetHCLKFreq                      0x080019c5   Thumb Code    12  stm32f0xx_hal_rcc.o(.text.HAL_RCC_GetHCLKFreq)
    HAL_RCC_GetPCLK1Freq                     0x080019d1   Thumb Code    32  stm32f0xx_hal_rcc.o(.text.HAL_RCC_GetPCLK1Freq)
    HAL_RCC_GetSysClockFreq                  0x080019f1   Thumb Code   176  stm32f0xx_hal_rcc.o(.text.HAL_RCC_GetSysClockFreq)
    HAL_RS485Ex_Init                         0x08001aa1   Thumb Code   216  stm32f0xx_hal_uart_ex.o(.text.HAL_RS485Ex_Init)
    HAL_RTC_GetDate                          0x08001b79   Thumb Code   120  stm32f0xx_hal_rtc.o(.text.HAL_RTC_GetDate)
    HAL_RTC_GetTime                          0x08001bf1   Thumb Code   160  stm32f0xx_hal_rtc.o(.text.HAL_RTC_GetTime)
    HAL_RTC_Init                             0x08001c91   Thumb Code   280  stm32f0xx_hal_rtc.o(.text.HAL_RTC_Init)
    HAL_RTC_MspDeInit                        0x08001da9   Thumb Code    36  stm32f0xx_hal_msp.o(.text.HAL_RTC_MspDeInit)
    HAL_RTC_MspInit                          0x08001dcd   Thumb Code    44  stm32f0xx_hal_msp.o(.text.HAL_RTC_MspInit)
    HAL_RTC_SetDate                          0x08001df9   Thumb Code   296  stm32f0xx_hal_rtc.o(.text.HAL_RTC_SetDate)
    HAL_RTC_WaitForSynchro                   0x08001f21   Thumb Code    92  stm32f0xx_hal_rtc.o(.text.HAL_RTC_WaitForSynchro)
    HAL_SYSTICK_Config                       0x08001f7d   Thumb Code    16  stm32f0xx_hal_cortex.o(.text.HAL_SYSTICK_Config)
    HAL_UARTEx_RxEventCallback               0x08001f8d   Thumb Code    14  stm32f0xx_hal_uart.o(.text.HAL_UARTEx_RxEventCallback)
    HardFault_Handler                        0x08001f9b   Thumb Code     4  stm32f0xx_it.o(.text.HardFault_Handler)
    PendSV_Handler                           0x08001f9f   Thumb Code     2  stm32f0xx_it.o(.text.PendSV_Handler)
    HAL_UART_ErrorCallback                   0x08001fa1   Thumb Code    56  main.o(.text.HAL_UART_ErrorCallback)
    HAL_UART_TxCpltCallback                  0x08001fd9   Thumb Code     8  main.o(.text.HAL_UART_TxCpltCallback)
    NMI_Handler                              0x08001ff9   Thumb Code     4  stm32f0xx_it.o(.text.NMI_Handler)
    SVC_Handler                              0x08001ffd   Thumb Code     2  stm32f0xx_it.o(.text.SVC_Handler)
    SystemInit                               0x08001fff   Thumb Code     2  system_stm32f0xx.o(.text.SystemInit)
    size                                     0x08002000   Data           4  common.o(.ARM.__at_0x08002000)
    crc_32                                   0x08002004   Data           4  common.o(.ARM.__at_0x08002004)
    version                                  0x08002008   Data           4  common.o(.ARM.__at_0x08002008)
    address                                  0x0800200c   Data           4  common.o(.ARM.__at_0x0800200C)
    HAL_RCC_OscConfig                        0x08002011   Thumb Code  1712  stm32f0xx_hal_rcc.o(.text.HAL_RCC_OscConfig)
    HAL_RTC_SetTime                          0x080026c1   Thumb Code   344  stm32f0xx_hal_rtc.o(.text.HAL_RTC_SetTime)
    HAL_UART_AbortReceive                    0x08002819   Thumb Code   338  stm32f0xx_hal_uart.o(.text.HAL_UART_AbortReceive)
    HAL_UART_IRQHandler                      0x0800296d   Thumb Code  1256  stm32f0xx_hal_uart.o(.text.HAL_UART_IRQHandler)
    HAL_UART_Init                            0x08002e55   Thumb Code   174  stm32f0xx_hal_uart.o(.text.HAL_UART_Init)
    HAL_UART_MspDeInit                       0x08002f05   Thumb Code   100  stm32f0xx_hal_msp.o(.text.HAL_UART_MspDeInit)
    HAL_UART_MspInit                         0x08002f69   Thumb Code   280  stm32f0xx_hal_msp.o(.text.HAL_UART_MspInit)
    HAL_UART_Receive                         0x08003081   Thumb Code   448  stm32f0xx_hal_uart.o(.text.HAL_UART_Receive)
    HAL_UART_Receive_IT                      0x08003241   Thumb Code   200  stm32f0xx_hal_uart.o(.text.HAL_UART_Receive_IT)
    HAL_UART_RxCpltCallback                  0x08003309   Thumb Code   164  main.o(.text.HAL_UART_RxCpltCallback)
    HAL_UART_Transmit                        0x080033ad   Thumb Code   360  stm32f0xx_hal_uart.o(.text.HAL_UART_Transmit)
    LOGGER_Delete                            0x08003acd   Thumb Code   252  logger.o(.text.LOGGER_Delete)
    LOGGER_Init                              0x08003bc9   Thumb Code   360  logger.o(.text.LOGGER_Init)
    LOGGER_Read                              0x08003d31   Thumb Code   172  logger.o(.text.LOGGER_Read)
    LOGGER_Service                           0x08003ddd   Thumb Code    68  logger.o(.text.LOGGER_Service)
    LOGGER_Write                             0x08003e21   Thumb Code   376  logger.o(.text.LOGGER_Write)
    RTC_Bcd2ToByte                           0x08004279   Thumb Code    38  stm32f0xx_hal_rtc.o(.text.RTC_Bcd2ToByte)
    RTC_ByteToBcd2                           0x0800429f   Thumb Code    56  stm32f0xx_hal_rtc.o(.text.RTC_ByteToBcd2)
    RTC_EnterInitMode                        0x080042d9   Thumb Code   136  stm32f0xx_hal_rtc.o(.text.RTC_EnterInitMode)
    RTC_ExitInitMode                         0x08004361   Thumb Code    74  stm32f0xx_hal_rtc.o(.text.RTC_ExitInitMode)
    Str2Hex                                  0x080043ab   Thumb Code   352  common.o(.text.Str2Hex)
    SysTick_Handler                          0x08004561   Thumb Code    12  stm32f0xx_it.o(.text.SysTick_Handler)
    SystemClock_Config                       0x0800456d   Thumb Code   180  main.o(.text.SystemClock_Config)
    UART_AdvFeatureConfig                    0x08004621   Thumb Code   346  stm32f0xx_hal_uart.o(.text.UART_AdvFeatureConfig)
    UART_CheckIdleState                      0x0800477d   Thumb Code   348  stm32f0xx_hal_uart.o(.text.UART_CheckIdleState)
    UART_SetConfig                           0x08004cf9   Thumb Code   580  stm32f0xx_hal_uart.o(.text.UART_SetConfig)
    UART_Start_Receive_IT                    0x08004f3d   Thumb Code   372  stm32f0xx_hal_uart.o(.text.UART_Start_Receive_IT)
    UART_WaitOnFlagUntilTimeout              0x080050b1   Thumb Code   250  stm32f0xx_hal_uart.o(.text.UART_WaitOnFlagUntilTimeout)
    USART1_IRQHandler                        0x080051ad   Thumb Code    16  stm32f0xx_it.o(.text.USART1_IRQHandler)
    USART2_IRQHandler                        0x080051bd   Thumb Code    16  stm32f0xx_it.o(.text.USART2_IRQHandler)
    main                                     0x08005a81   Thumb Code    84  main.o(.text.main)
    mem_comp                                 0x08005ad5   Thumb Code    98  common.o(.text.mem_comp)
    mem_copy                                 0x08005b37   Thumb Code    54  common.o(.text.mem_copy)
    mem_set                                  0x08005b6d   Thumb Code    42  common.o(.text.mem_set)
    status                                   0x08006339   Thumb Code  1380  main.o(.text.status)
    __aeabi_errno_addr                       0x080069f5   Thumb Code     4  errno.o(i.__aeabi_errno_addr)
    __rt_errno_addr                          0x080069f5   Thumb Code     0  errno.o(i.__aeabi_errno_addr)
    __scatterload_copy                       0x080069fd   Thumb Code    14  handlers.o(i.__scatterload_copy)
    __scatterload_null                       0x08006a0b   Thumb Code     2  handlers.o(i.__scatterload_null)
    __scatterload_zeroinit                   0x08006a0d   Thumb Code    14  handlers.o(i.__scatterload_zeroinit)
    __ctype_table                            0x08006a1a   Data         129  ctype_o.o(.constdata)
    AHBPrescTable                            0x08006aa0   Data          16  system_stm32f0xx.o(.rodata.AHBPrescTable)
    APBPrescTable                            0x08006ab0   Data           8  system_stm32f0xx.o(.rodata.APBPrescTable)
    Region$$Table$$Base                      0x08006ad8   Number         0  anon$$obj.o(Region$$Table)
    Region$$Table$$Limit                     0x08006af8   Number         0  anon$$obj.o(Region$$Table)
    SystemCoreClock                          0x20000004   Data           4  system_stm32f0xx.o(.data.SystemCoreClock)
    uwTickFreq                               0x20000008   Data           1  stm32f0xx_hal.o(.data.uwTickFreq)
    uwTickPrio                               0x2000000c   Data           4  stm32f0xx_hal.o(.data.uwTickPrio)
    buzz                                     0x20000010   Data           1  main.o(.bss.buzz)
    door                                     0x2000001a   Data           1  main.o(.bss.door)
    hcrc                                     0x20000024   Data          28  main.o(.bss.hcrc)
    hi2c1                                    0x20000040   Data          84  main.o(.bss.hi2c1)
    hiwdg                                    0x20000094   Data          16  main.o(.bss.hiwdg)
    hrtc                                     0x200000a4   Data          32  main.o(.bss.hrtc)
    huart1                                   0x200000c4   Data         136  main.o(.bss.huart1)
    huart2                                   0x2000014c   Data         136  main.o(.bss.huart2)
    led                                      0x200001e8   Data           1  main.o(.bss.led)
    logger                                   0x200001f0   Data           5  logger.o(.bss.logger)
    logger_list_count                        0x200001f8   Data           4  logger.o(.bss.logger_list_count)
    rdate                                    0x20000208   Data           4  main.o(.bss.rdate)
    rtime                                    0x20000290   Data          20  main.o(.bss.rtime)
    state                                    0x200002ac   Data           1  main.o(.bss.state)
    sysfl                                    0x200002ad   Data           1  main.o(.bss.sysfl)
    uwTick                                   0x200002b0   Data           4  stm32f0xx_hal.o(.bss.uwTick)
    __initial_sp                             0x200006b8   Data           0  startup_stm32f030x8.o(STACK)



==============================================================================

Memory Map of the image

  Image Entry point : 0x080000b5

  Load Region LR_IROM1 (Base: 0x08000000, Size: 0x00006b08, Max: 0x00010000, ABSOLUTE)

    Execution Region ER_IROM1 (Exec base: 0x08000000, Load base: 0x08000000, Size: 0x00006af8, Max: 0x00010000, ABSOLUTE)

    Exec Addr    Load Addr    Size         Type   Attr      Idx    E Section Name        Object

    0x08000000   0x08000000   0x000000b4   Data   RO            3    RESET               startup_stm32f030x8.o
    0x080000b4   0x080000b4   0x00000000   Code   RO         1098  * .ARM.Collect$$$$00000000  mc_p.l(entry.o)
    0x080000b4   0x080000b4   0x00000004   Code   RO         1113    .ARM.Collect$$$$00000001  mc_p.l(entry2.o)
    0x080000b8   0x080000b8   0x00000004   Code   RO         1116    .ARM.Collect$$$$00000004  mc_p.l(entry5.o)
    0x080000bc   0x080000bc   0x00000000   Code   RO         1118    .ARM.Collect$$$$00000008  mc_p.l(entry7b.o)
    0x080000bc   0x080000bc   0x00000000   Code   RO         1120    .ARM.Collect$$$$0000000A  mc_p.l(entry8b.o)
    0x080000bc   0x080000bc   0x00000008   Code   RO         1121    .ARM.Collect$$$$0000000B  mc_p.l(entry9a.o)
    0x080000c4   0x080000c4   0x00000000   Code   RO         1123    .ARM.Collect$$$$0000000D  mc_p.l(entry10a.o)
    0x080000c4   0x080000c4   0x00000000   Code   RO         1125    .ARM.Collect$$$$0000000F  mc_p.l(entry11a.o)
    0x080000c4   0x080000c4   0x00000004   Code   RO         1114    .ARM.Collect$$$$00002712  mc_p.l(entry2.o)
    0x080000c8   0x080000c8   0x0000001c   Code   RO            4    .text               startup_stm32f030x8.o
    0x080000e4   0x080000e4   0x0000002c   Code   RO         1101    .text               mc_p.l(uidiv.o)
    0x08000110   0x08000110   0x00000060   Code   RO         1103    .text               mc_p.l(uldiv.o)
    0x08000170   0x08000170   0x0000007a   Code   RO         1105    .text               mc_p.l(llmul.o)
    0x080001ea   0x080001ea   0x00000022   Code   RO         1107    .text               mc_p.l(llushr.o)
    0x0800020c   0x0800020c   0x00000024   Code   RO         1109    .text               mc_p.l(memseta.o)
    0x08000230   0x08000230   0x00000076   Code   RO         1111    .text               mc_p.l(strtoul.o)
    0x080002a6   0x080002a6   0x00000020   Code   RO         1127    .text               mc_p.l(llshl.o)
    0x080002c6   0x080002c6   0x00000002   PAD
    0x080002c8   0x080002c8   0x00000008   Code   RO         1129    .text               mc_p.l(ctype_o.o)
    0x080002d0   0x080002d0   0x000000a6   Code   RO         1164    .text               mc_p.l(_strtoul.o)
    0x08000376   0x08000376   0x00000002   PAD
    0x08000378   0x08000378   0x00000024   Code   RO         1166    .text               mc_p.l(init.o)
    0x0800039c   0x0800039c   0x0000001e   Code   RO         1168    .text               mc_p.l(_chval.o)
    0x080003ba   0x080003ba   0x00000002   PAD
    0x080003bc   0x080003bc   0x0000004c   Code   RO          177    .text.Error_Handler  main.o
    0x08000408   0x08000408   0x00000092   Code   RO         1060    .text.HAL_CRC_Init  stm32f0xx_hal_crc.o
    0x0800049a   0x0800049a   0x00000002   PAD
    0x0800049c   0x0800049c   0x00000020   Code   RO           15    .text.HAL_CRC_MspDeInit  stm32f0xx_hal_msp.o
    0x080004bc   0x080004bc   0x00000034   Code   RO           13    .text.HAL_CRC_MspInit  stm32f0xx_hal_msp.o
    0x080004f0   0x080004f0   0x00000072   Code   RO          579    .text.HAL_DMA_Abort  stm32f0xx_hal_dma.o
    0x08000562   0x08000562   0x00000078   Code   RO          581    .text.HAL_DMA_Abort_IT  stm32f0xx_hal_dma.o
    0x080005da   0x080005da   0x0000000c   Code   RO          593    .text.HAL_DMA_GetError  stm32f0xx_hal_dma.o
    0x080005e6   0x080005e6   0x00000002   PAD
    0x080005e8   0x080005e8   0x00000034   Code   RO          494    .text.HAL_DeInit    stm32f0xx_hal.o
    0x0800061c   0x0800061c   0x00000164   Code   RO          546    .text.HAL_GPIO_DeInit  stm32f0xx_hal_gpio.o
    0x08000780   0x08000780   0x000002e8   Code   RO          544    .text.HAL_GPIO_Init  stm32f0xx_hal_gpio.o
    0x08000a68   0x08000a68   0x0000002e   Code   RO          548    .text.HAL_GPIO_ReadPin  stm32f0xx_hal_gpio.o
    0x08000a96   0x08000a96   0x00000032   Code   RO          550    .text.HAL_GPIO_WritePin  stm32f0xx_hal_gpio.o
    0x08000ac8   0x08000ac8   0x0000000c   Code   RO          500    .text.HAL_GetTick   stm32f0xx_hal.o
    0x08000ad4   0x08000ad4   0x00000096   Code   RO          425    .text.HAL_I2CEx_ConfigAnalogFilter  stm32f0xx_hal_i2c_ex.o
    0x08000b6a   0x08000b6a   0x000000a0   Code   RO          427    .text.HAL_I2CEx_ConfigDigitalFilter  stm32f0xx_hal_i2c_ex.o
    0x08000c0a   0x08000c0a   0x00000002   PAD
    0x08000c0c   0x08000c0c   0x0000010c   Code   RO          256    .text.HAL_I2C_Init  stm32f0xx_hal_i2c.o
    0x08000d18   0x08000d18   0x00000268   Code   RO          340    .text.HAL_I2C_IsDeviceReady  stm32f0xx_hal_i2c.o
    0x08000f80   0x08000f80   0x00000208   Code   RO          274    .text.HAL_I2C_Master_Receive  stm32f0xx_hal_i2c.o
    0x08001188   0x08001188   0x0000020c   Code   RO          264    .text.HAL_I2C_Master_Transmit  stm32f0xx_hal_i2c.o
    0x08001394   0x08001394   0x00000038   Code   RO           19    .text.HAL_I2C_MspDeInit  stm32f0xx_hal_msp.o
    0x080013cc   0x080013cc   0x0000007c   Code   RO           17    .text.HAL_I2C_MspInit  stm32f0xx_hal_msp.o
    0x08001448   0x08001448   0x000000b0   Code   RO          783    .text.HAL_IWDG_Init  stm32f0xx_hal_iwdg.o
    0x080014f8   0x080014f8   0x00000018   Code   RO          785    .text.HAL_IWDG_Refresh  stm32f0xx_hal_iwdg.o
    0x08001510   0x08001510   0x00000014   Code   RO          498    .text.HAL_IncTick   stm32f0xx_hal.o
    0x08001524   0x08001524   0x00000024   Code   RO          488    .text.HAL_Init      stm32f0xx_hal.o
    0x08001548   0x08001548   0x0000007c   Code   RO          490    .text.HAL_InitTick  stm32f0xx_hal.o
    0x080015c4   0x080015c4   0x00000002   Code   RO          496    .text.HAL_MspDeInit  stm32f0xx_hal.o
    0x080015c6   0x080015c6   0x00000002   PAD
    0x080015c8   0x080015c8   0x0000003c   Code   RO           11    .text.HAL_MspInit   stm32f0xx_hal_msp.o
    0x08001604   0x08001604   0x00000018   Code   RO          610    .text.HAL_NVIC_DisableIRQ  stm32f0xx_hal_cortex.o
    0x0800161c   0x0800161c   0x00000018   Code   RO          606    .text.HAL_NVIC_EnableIRQ  stm32f0xx_hal_cortex.o
    0x08001634   0x08001634   0x0000001e   Code   RO          602    .text.HAL_NVIC_SetPriority  stm32f0xx_hal_cortex.o
    0x08001652   0x08001652   0x00000004   Code   RO          614    .text.HAL_NVIC_SystemReset  stm32f0xx_hal_cortex.o
    0x08001656   0x08001656   0x00000002   PAD
    0x08001658   0x08001658   0x00000010   Code   RO          653    .text.HAL_PWR_EnableBkUpAccess  stm32f0xx_hal_pwr.o
    0x08001668   0x08001668   0x0000019c   Code   RO          475    .text.HAL_RCCEx_PeriphCLKConfig  stm32f0xx_hal_rcc_ex.o
    0x08001804   0x08001804   0x000001c0   Code   RO          444    .text.HAL_RCC_ClockConfig  stm32f0xx_hal_rcc.o
    0x080019c4   0x080019c4   0x0000000c   Code   RO          454    .text.HAL_RCC_GetHCLKFreq  stm32f0xx_hal_rcc.o
    0x080019d0   0x080019d0   0x00000020   Code   RO          456    .text.HAL_RCC_GetPCLK1Freq  stm32f0xx_hal_rcc.o
    0x080019f0   0x080019f0   0x000000b0   Code   RO          446    .text.HAL_RCC_GetSysClockFreq  stm32f0xx_hal_rcc.o
    0x08001aa0   0x08001aa0   0x000000d8   Code   RO         1041    .text.HAL_RS485Ex_Init  stm32f0xx_hal_uart_ex.o
    0x08001b78   0x08001b78   0x00000078   Code   RO          816    .text.HAL_RTC_GetDate  stm32f0xx_hal_rtc.o
    0x08001bf0   0x08001bf0   0x000000a0   Code   RO          810    .text.HAL_RTC_GetTime  stm32f0xx_hal_rtc.o
    0x08001c90   0x08001c90   0x00000118   Code   RO          794    .text.HAL_RTC_Init  stm32f0xx_hal_rtc.o
    0x08001da8   0x08001da8   0x00000024   Code   RO           23    .text.HAL_RTC_MspDeInit  stm32f0xx_hal_msp.o
    0x08001dcc   0x08001dcc   0x0000002c   Code   RO           21    .text.HAL_RTC_MspInit  stm32f0xx_hal_msp.o
    0x08001df8   0x08001df8   0x00000128   Code   RO          814    .text.HAL_RTC_SetDate  stm32f0xx_hal_rtc.o
    0x08001f20   0x08001f20   0x0000005c   Code   RO          832    .text.HAL_RTC_WaitForSynchro  stm32f0xx_hal_rtc.o
    0x08001f7c   0x08001f7c   0x00000010   Code   RO          618    .text.HAL_SYSTICK_Config  stm32f0xx_hal_cortex.o
    0x08001f8c   0x08001f8c   0x0000000e   Code   RO          994    .text.HAL_UARTEx_RxEventCallback  stm32f0xx_hal_uart.o
    0x08001f9a   0x08001f9a   0x00000004   Code   RO           38    .text.HardFault_Handler  stm32f0xx_it.o
    0x08001f9e   0x08001f9e   0x00000002   Code   RO           42    .text.PendSV_Handler  stm32f0xx_it.o
    0x08001fa0   0x08001fa0   0x00000038   Code   RO          187    .text.HAL_UART_ErrorCallback  main.o
    0x08001fd8   0x08001fd8   0x00000008   Code   RO          185    .text.HAL_UART_TxCpltCallback  main.o
    0x08001fe0   0x08001fe0   0x00000018   Code   RO          159    .text.MX_CRC_Init   main.o
    0x08001ff8   0x08001ff8   0x00000004   Code   RO           36    .text.NMI_Handler   stm32f0xx_it.o
    0x08001ffc   0x08001ffc   0x00000002   Code   RO           40    .text.SVC_Handler   stm32f0xx_it.o
    0x08001ffe   0x08001ffe   0x00000002   Code   RO         1085    .text.SystemInit    system_stm32f0xx.o
    0x08002000   0x08002000   0x00000004   Data   RO          111    .ARM.__at_0x08002000  common.o
    0x08002004   0x08002004   0x00000004   Data   RO          112    .ARM.__at_0x08002004  common.o
    0x08002008   0x08002008   0x00000004   Data   RO          113    .ARM.__at_0x08002008  common.o
    0x0800200c   0x0800200c   0x00000004   Data   RO          114    .ARM.__at_0x0800200C  common.o
    0x08002010   0x08002010   0x000006b0   Code   RO          442    .text.HAL_RCC_OscConfig  stm32f0xx_hal_rcc.o
    0x080026c0   0x080026c0   0x00000158   Code   RO          806    .text.HAL_RTC_SetTime  stm32f0xx_hal_rtc.o
    0x08002818   0x08002818   0x00000152   Code   RO          966    .text.HAL_UART_AbortReceive  stm32f0xx_hal_uart.o
    0x0800296a   0x0800296a   0x00000002   PAD
    0x0800296c   0x0800296c   0x000004e8   Code   RO          988    .text.HAL_UART_IRQHandler  stm32f0xx_hal_uart.o
    0x08002e54   0x08002e54   0x000000ae   Code   RO          906    .text.HAL_UART_Init  stm32f0xx_hal_uart.o
    0x08002f02   0x08002f02   0x00000002   PAD
    0x08002f04   0x08002f04   0x00000064   Code   RO           27    .text.HAL_UART_MspDeInit  stm32f0xx_hal_msp.o
    0x08002f68   0x08002f68   0x00000118   Code   RO           25    .text.HAL_UART_MspInit  stm32f0xx_hal_msp.o
    0x08003080   0x08003080   0x000001c0   Code   RO          928    .text.HAL_UART_Receive  stm32f0xx_hal_uart.o
    0x08003240   0x08003240   0x000000c8   Code   RO          936    .text.HAL_UART_Receive_IT  stm32f0xx_hal_uart.o
    0x08003308   0x08003308   0x000000a4   Code   RO          183    .text.HAL_UART_RxCpltCallback  main.o
    0x080033ac   0x080033ac   0x00000168   Code   RO          924    .text.HAL_UART_Transmit  stm32f0xx_hal_uart.o
    0x08003514   0x08003514   0x00000040   Code   RO          280    .text.I2C_Flush_TXDR  stm32f0xx_hal_i2c.o
    0x08003554   0x08003554   0x000001f4   Code   RO          416    .text.I2C_IsErrorOccurred  stm32f0xx_hal_i2c.o
    0x08003748   0x08003748   0x00000058   Code   RO          268    .text.I2C_TransferConfig  stm32f0xx_hal_i2c.o
    0x080037a0   0x080037a0   0x000000ac   Code   RO          266    .text.I2C_WaitOnFlagUntilTimeout  stm32f0xx_hal_i2c.o
    0x0800384c   0x0800384c   0x00000134   Code   RO          276    .text.I2C_WaitOnRXNEFlagUntilTimeout  stm32f0xx_hal_i2c.o
    0x08003980   0x08003980   0x000000a0   Code   RO          272    .text.I2C_WaitOnSTOPFlagUntilTimeout  stm32f0xx_hal_i2c.o
    0x08003a20   0x08003a20   0x000000ac   Code   RO          270    .text.I2C_WaitOnTXISFlagUntilTimeout  stm32f0xx_hal_i2c.o
    0x08003acc   0x08003acc   0x000000fc   Code   RO          139    .text.LOGGER_Delete  logger.o
    0x08003bc8   0x08003bc8   0x00000168   Code   RO          133    .text.LOGGER_Init   logger.o
    0x08003d30   0x08003d30   0x000000ac   Code   RO          137    .text.LOGGER_Read   logger.o
    0x08003ddc   0x08003ddc   0x00000044   Code   RO          131    .text.LOGGER_Service  logger.o
    0x08003e20   0x08003e20   0x00000178   Code   RO          135    .text.LOGGER_Write  logger.o
    0x08003f98   0x08003f98   0x0000014c   Code   RO          157    .text.MX_GPIO_Init  main.o
    0x080040e4   0x080040e4   0x00000064   Code   RO          161    .text.MX_I2C1_Init  main.o
    0x08004148   0x08004148   0x00000030   Code   RO          163    .text.MX_IWDG_Init  main.o
    0x08004178   0x08004178   0x00000034   Code   RO          169    .text.MX_RTC_Init   main.o
    0x080041ac   0x080041ac   0x00000068   Code   RO          165    .text.MX_USART1_UART_Init  main.o
    0x08004214   0x08004214   0x00000064   Code   RO          167    .text.MX_USART2_UART_Init  main.o
    0x08004278   0x08004278   0x00000026   Code   RO          812    .text.RTC_Bcd2ToByte  stm32f0xx_hal_rtc.o
    0x0800429e   0x0800429e   0x00000038   Code   RO          808    .text.RTC_ByteToBcd2  stm32f0xx_hal_rtc.o
    0x080042d6   0x080042d6   0x00000002   PAD
    0x080042d8   0x080042d8   0x00000088   Code   RO          798    .text.RTC_EnterInitMode  stm32f0xx_hal_rtc.o
    0x08004360   0x08004360   0x0000004a   Code   RO          800    .text.RTC_ExitInitMode  stm32f0xx_hal_rtc.o
    0x080043aa   0x080043aa   0x00000160   Code   RO           75    .text.Str2Hex       common.o
    0x0800450a   0x0800450a   0x00000002   PAD
    0x0800450c   0x0800450c   0x00000054   Code   RO          620    .text.SysTick_Config  stm32f0xx_hal_cortex.o
    0x08004560   0x08004560   0x0000000c   Code   RO           44    .text.SysTick_Handler  stm32f0xx_it.o
    0x0800456c   0x0800456c   0x000000b4   Code   RO          155    .text.SystemClock_Config  main.o
    0x08004620   0x08004620   0x0000015a   Code   RO          912    .text.UART_AdvFeatureConfig  stm32f0xx_hal_uart.o
    0x0800477a   0x0800477a   0x00000002   PAD
    0x0800477c   0x0800477c   0x0000015c   Code   RO          914    .text.UART_CheckIdleState  stm32f0xx_hal_uart.o
    0x080048d8   0x080048d8   0x00000024   Code   RO          990    .text.UART_DMAAbortOnError  stm32f0xx_hal_uart.o
    0x080048fc   0x080048fc   0x000000b0   Code   RO          960    .text.UART_EndRxTransfer  stm32f0xx_hal_uart.o
    0x080049ac   0x080049ac   0x0000004a   Code   RO          996    .text.UART_EndTransmit_IT  stm32f0xx_hal_uart.o
    0x080049f6   0x080049f6   0x00000182   Code   RO         1026    .text.UART_RxISR_16BIT  stm32f0xx_hal_uart.o
    0x08004b78   0x08004b78   0x0000017e   Code   RO         1028    .text.UART_RxISR_8BIT  stm32f0xx_hal_uart.o
    0x08004cf6   0x08004cf6   0x00000002   PAD
    0x08004cf8   0x08004cf8   0x00000244   Code   RO          910    .text.UART_SetConfig  stm32f0xx_hal_uart.o
    0x08004f3c   0x08004f3c   0x00000174   Code   RO          938    .text.UART_Start_Receive_IT  stm32f0xx_hal_uart.o
    0x080050b0   0x080050b0   0x000000fa   Code   RO          926    .text.UART_WaitOnFlagUntilTimeout  stm32f0xx_hal_uart.o
    0x080051aa   0x080051aa   0x00000002   PAD
    0x080051ac   0x080051ac   0x00000010   Code   RO           46    .text.USART1_IRQHandler  stm32f0xx_it.o
    0x080051bc   0x080051bc   0x00000010   Code   RO           48    .text.USART2_IRQHandler  stm32f0xx_it.o
    0x080051cc   0x080051cc   0x00000034   Code   RO          612    .text.__NVIC_DisableIRQ  stm32f0xx_hal_cortex.o
    0x08005200   0x08005200   0x0000002c   Code   RO          608    .text.__NVIC_EnableIRQ  stm32f0xx_hal_cortex.o
    0x0800522c   0x0800522c   0x00000088   Code   RO          604    .text.__NVIC_SetPriority  stm32f0xx_hal_cortex.o
    0x080052b4   0x080052b4   0x0000001c   Code   RO          616    .text.__NVIC_SystemReset  stm32f0xx_hal_cortex.o
    0x080052d0   0x080052d0   0x00000060   Code   RO          201    .text.card_blocked  main.o
    0x08005330   0x08005330   0x0000005c   Code   RO          197    .text.card_invalid  main.o
    0x0800538c   0x0800538c   0x00000098   Code   RO          195    .text.card_valid    main.o
    0x08005424   0x08005424   0x000000b8   Code   RO          209    .text.delete_all_cards  main.o
    0x080054dc   0x080054dc   0x000000b8   Code   RO          211    .text.delete_all_events  main.o
    0x08005594   0x08005594   0x00000154   Code   RO          207    .text.delete_card   main.o
    0x080056e8   0x080056e8   0x00000060   Code   RO          181    .text.enable_rfid_receiver  main.o
    0x08005748   0x08005748   0x00000068   Code   RO          189    .text.enable_rs485_receiver  main.o
    0x080057b0   0x080057b0   0x000000b8   Code   RO          193    .text.find_card     main.o
    0x08005868   0x08005868   0x00000218   Code   RO          171    .text.init          main.o
    0x08005a80   0x08005a80   0x00000054   Code   RO          153    .text.main          main.o
    0x08005ad4   0x08005ad4   0x00000062   Code   RO           89    .text.mem_comp      common.o
    0x08005b36   0x08005b36   0x00000036   Code   RO           87    .text.mem_copy      common.o
    0x08005b6c   0x08005b6c   0x0000002a   Code   RO           81    .text.mem_set       common.o
    0x08005b96   0x08005b96   0x00000002   PAD
    0x08005b98   0x08005b98   0x000001d8   Code   RO          199    .text.new_event     main.o
    0x08005d70   0x08005d70   0x0000010c   Code   RO          173    .text.rfid          main.o
    0x08005e7c   0x08005e7c   0x00000388   Code   RO          175    .text.rs485         main.o
    0x08006204   0x08006204   0x0000009c   Code   RO          205    .text.save_door_tmr  main.o
    0x080062a0   0x080062a0   0x00000098   Code   RO          191    .text.save_flags    main.o
    0x08006338   0x08006338   0x00000564   Code   RO          179    .text.status        main.o
    0x0800689c   0x0800689c   0x00000158   Code   RO          203    .text.write_card    main.o
    0x080069f4   0x080069f4   0x00000008   Code   RO         1157    i.__aeabi_errno_addr  mc_p.l(errno.o)
    0x080069fc   0x080069fc   0x0000000e   Code   RO         1172    i.__scatterload_copy  mc_p.l(handlers.o)
    0x08006a0a   0x08006a0a   0x00000002   Code   RO         1173    i.__scatterload_null  mc_p.l(handlers.o)
    0x08006a0c   0x08006a0c   0x0000000e   Code   RO         1174    i.__scatterload_zeroinit  mc_p.l(handlers.o)
    0x08006a1a   0x08006a1a   0x00000081   Data   RO         1130    .constdata          mc_p.l(ctype_o.o)
    0x08006a9b   0x08006a9b   0x00000001   PAD
    0x08006a9c   0x08006a9c   0x00000004   Data   RO         1131    .constdata          mc_p.l(ctype_o.o)
    0x08006aa0   0x08006aa0   0x00000010   Data   RO         1090    .rodata.AHBPrescTable  system_stm32f0xx.o
    0x08006ab0   0x08006ab0   0x00000008   Data   RO         1091    .rodata.APBPrescTable  system_stm32f0xx.o
    0x08006ab8   0x08006ab8   0x00000010   Data   RO          466    .rodata.HAL_RCC_GetSysClockFreq.aPLLMULFactorTable  stm32f0xx_hal_rcc.o
    0x08006ac8   0x08006ac8   0x00000010   Data   RO          467    .rodata.HAL_RCC_GetSysClockFreq.aPredivFactorTable  stm32f0xx_hal_rcc.o
    0x08006ad8   0x08006ad8   0x00000020   Data   RO         1171    Region$$Table       anon$$obj.o


    Execution Region RW_IRAM1 (Exec base: 0x20000000, Load base: 0x08006af8, Size: 0x000006b8, Max: 0x00002000, ABSOLUTE)

    Exec Addr    Load Addr    Size         Type   Attr      Idx    E Section Name        Object

    0x20000000   0x08006af8   0x00000004   Data   RW         1160    .data               mc_p.l(errno.o)
    0x20000004   0x08006afc   0x00000004   Data   RW         1089    .data.SystemCoreClock  system_stm32f0xx.o
    0x20000008   0x08006b00   0x00000001   Data   RW          535    .data.uwTickFreq    stm32f0xx_hal.o
    0x20000009   0x08006b01   0x00000003   PAD
    0x2000000c   0x08006b04   0x00000004   Data   RW          534    .data.uwTickPrio    stm32f0xx_hal.o
    0x20000010        -       0x00000001   Zero   RW          216    .bss.buzz           main.o
    0x20000011        -       0x00000001   Zero   RW          220    .bss.buzz_cnt       main.o
    0x20000012   0x08006b08   0x00000002   PAD
    0x20000014        -       0x00000004   Zero   RW          221    .bss.buzz_tmr       main.o
    0x20000018        -       0x00000002   Zero   RW          244    .bss.card_cnt       main.o
    0x2000001a        -       0x00000001   Zero   RW          213    .bss.door           main.o
    0x2000001b        -       0x00000001   Zero   RW          226    .bss.door_cnt       main.o
    0x2000001c        -       0x00000004   Zero   RW          228    .bss.door_time      main.o
    0x20000020        -       0x00000004   Zero   RW          227    .bss.door_tmr       main.o
    0x20000024        -       0x0000001c   Zero   RW          236    .bss.hcrc           main.o
    0x20000040        -       0x00000054   Zero   RW          237    .bss.hi2c1          main.o
    0x20000094        -       0x00000010   Zero   RW          218    .bss.hiwdg          main.o
    0x200000a4        -       0x00000020   Zero   RW          238    .bss.hrtc           main.o
    0x200000c4        -       0x00000088   Zero   RW          231    .bss.huart1         main.o
    0x2000014c        -       0x00000088   Zero   RW          234    .bss.huart2         main.o
    0x200001d4        -       0x00000004   Zero   RW          242    .bss.init.add       main.o
    0x200001d8        -       0x00000010   Zero   RW          241    .bss.init.buf       main.o
    0x200001e8        -       0x00000001   Zero   RW          215    .bss.led            main.o
    0x200001e9        -       0x00000001   Zero   RW          224    .bss.led_cnt        main.o
    0x200001ea   0x08006b08   0x00000002   PAD
    0x200001ec        -       0x00000004   Zero   RW          225    .bss.led_tmr        main.o
    0x200001f0        -       0x00000005   Zero   RW          144    .bss.logger         logger.o
    0x200001f5   0x08006b08   0x00000003   PAD
    0x200001f8        -       0x00000004   Zero   RW          142    .bss.logger_list_count  logger.o
    0x200001fc        -       0x00000004   Zero   RW          145    .bss.logger_next_log_address  logger.o
    0x20000200        -       0x00000004   Zero   RW          143    .bss.logger_next_log_id  logger.o
    0x20000204        -       0x00000004   Zero   RW          141    .bss.logger_tmr     logger.o
    0x20000208        -       0x00000004   Zero   RW          240    .bss.rdate          main.o
    0x2000020c        -       0x00000010   Zero   RW          235    .bss.rfbuf          main.o
    0x2000021c        -       0x00000001   Zero   RW          233    .bss.rfcnt          main.o
    0x2000021d        -       0x00000004   Zero   RW          246    .bss.rfid.buf       main.o
    0x20000221   0x08006b08   0x00000003   PAD
    0x20000224        -       0x00000004   Zero   RW          245    .bss.rfid.rftmr     main.o
    0x20000228        -       0x00000001   Zero   RW          247    .bss.rs485.i        main.o
    0x20000229        -       0x00000020   Zero   RW          248    .bss.rs485.resp     main.o
    0x20000249        -       0x00000001   Zero   RW          243    .bss.rsadd          main.o
    0x2000024a        -       0x00000040   Zero   RW          232    .bss.rsbuf          main.o
    0x2000028a        -       0x00000001   Zero   RW          230    .bss.rscnt          main.o
    0x2000028b   0x08006b08   0x00000001   PAD
    0x2000028c        -       0x00000004   Zero   RW          229    .bss.rstmr          main.o
    0x20000290        -       0x00000014   Zero   RW          239    .bss.rtime          main.o
    0x200002a4        -       0x00000001   Zero   RW          222    .bss.sta_cnt        main.o
    0x200002a5   0x08006b08   0x00000003   PAD
    0x200002a8        -       0x00000004   Zero   RW          223    .bss.sta_tmr        main.o
    0x200002ac        -       0x00000001   Zero   RW          214    .bss.state          main.o
    0x200002ad        -       0x00000001   Zero   RW          219    .bss.sysfl          main.o
    0x200002ae   0x08006b08   0x00000002   PAD
    0x200002b0        -       0x00000004   Zero   RW          536    .bss.uwTick         stm32f0xx_hal.o
    0x200002b4   0x08006b08   0x00000004   PAD
    0x200002b8        -       0x00000400   Zero   RW            1    STACK               startup_stm32f030x8.o


==============================================================================

Image component sizes


      Code (inc. data)   RO Data    RW Data    ZI Data      Debug   Object Name

       546          0         16          0          0       7967   common.o
      1228         64          0          0         21       2933   logger.o
      6972        576          0          0        635      17228   main.o
        28          8        180          0       1024        584   startup_stm32f030x8.o
       246         36          0          5          4       5144   stm32f0xx_hal.o
       442         36          0          0          0       5105   stm32f0xx_hal_cortex.o
       146          0          0          0          0       3922   stm32f0xx_hal_crc.o
       246          0          0          0          0       6281   stm32f0xx_hal_dma.o
      1196         40          0          0          0       4477   stm32f0xx_hal_gpio.o
      3392         40          0          0          0      37086   stm32f0xx_hal_i2c.o
       310          0          0          0          0       4759   stm32f0xx_hal_i2c_ex.o
       200         12          0          0          0       1628   stm32f0xx_hal_iwdg.o
       784         56          0          0          0       9161   stm32f0xx_hal_msp.o
        16          0          0          0          0       2844   stm32f0xx_hal_pwr.o
      2380         96         32          0          0       7488   stm32f0xx_hal_rcc.o
       412         16          0          0          0       2884   stm32f0xx_hal_rcc_ex.o
      1596         32          0          0          0       9481   stm32f0xx_hal_rtc.o
      5740         76          0          0          0      33718   stm32f0xx_hal_uart.o
       216          4          0          0          0       6202   stm32f0xx_hal_uart_ex.o
        56          8          0          0          0        878   stm32f0xx_it.o
         2          0         24          4          0       1565   system_stm32f0xx.o

    ----------------------------------------------------------------------
     26180       1100        284         12       1704     171335   Object Totals
         0          0         32          0          0          0   (incl. Generated)
        26          0          0          3         20          0   (incl. Padding)

    ----------------------------------------------------------------------

      Code (inc. data)   RO Data    RW Data    ZI Data      Debug   Library Member Name

        30          0          0          0          0         60   _chval.o
       166          0          0          0          0         84   _strtoul.o
         8          4        133          0          0         60   ctype_o.o
         0          0          0          0          0          0   entry.o
         0          0          0          0          0          0   entry10a.o
         0          0          0          0          0          0   entry11a.o
         8          4          0          0          0          0   entry2.o
         4          0          0          0          0          0   entry5.o
         0          0          0          0          0          0   entry7b.o
         0          0          0          0          0          0   entry8b.o
         8          4          0          0          0          0   entry9a.o
         8          4          0          4          0         60   errno.o
        30          0          0          0          0          0   handlers.o
        36          8          0          0          0         68   init.o
       122          0          0          0          0         84   llmul.o
        32          0          0          0          0         68   llshl.o
        34          0          0          0          0         68   llushr.o
        36          0          0          0          0        100   memseta.o
       118          0          0          0          0         84   strtoul.o
        44          0          0          0          0         72   uidiv.o
        96          0          0          0          0         84   uldiv.o

    ----------------------------------------------------------------------
       786         24        134          4          0        892   Library Totals
         6          0          1          0          0          0   (incl. Padding)

    ----------------------------------------------------------------------

      Code (inc. data)   RO Data    RW Data    ZI Data      Debug   Library Name

       780         24        133          4          0        892   mc_p.l

    ----------------------------------------------------------------------
       786         24        134          4          0        892   Library Totals

    ----------------------------------------------------------------------

==============================================================================


      Code (inc. data)   RO Data    RW Data    ZI Data      Debug   

     26966       1124        418         16       1704     171723   Grand Totals
     26966       1124        418         16       1704     171723   ELF Image Totals
     26966       1124        418         16          0          0   ROM Totals

==============================================================================

    Total RO  Size (Code + RO Data)                27384 (  26.74kB)
    Total RW  Size (RW Data + ZI Data)              1720 (   1.68kB)
    Total ROM Size (Code + RO Data + RW Data)      27400 (  26.76kB)

==============================================================================

