Component: ARM Compiler 5.06 update 6 (build 750) Tool: armlink [4d35ed]

==============================================================================

Section Cross References

    startup_stm32f030x6.o(RESET) refers to startup_stm32f030x6.o(STACK) for __initial_sp
    startup_stm32f030x6.o(RESET) refers to startup_stm32f030x6.o(.text) for Reset_Handler
    startup_stm32f030x6.o(RESET) refers to stm32f0xx_it.o(i.NMI_Handler) for NMI_Handler
    startup_stm32f030x6.o(RESET) refers to stm32f0xx_it.o(i.HardFault_Handler) for HardFault_Handler
    startup_stm32f030x6.o(RESET) refers to stm32f0xx_it.o(i.SVC_Handler) for SVC_Handler
    startup_stm32f030x6.o(RESET) refers to stm32f0xx_it.o(i.PendSV_Handler) for PendSV_Handler
    startup_stm32f030x6.o(RESET) refers to stm32f0xx_it.o(i.SysTick_Handler) for SysTick_Handler
    startup_stm32f030x6.o(RESET) refers to stm32f0xx_it.o(i.EXTI4_15_IRQHandler) for EXTI4_15_IRQHandler
    startup_stm32f030x6.o(RESET) refers to stm32f0xx_it.o(i.TIM14_IRQHandler) for TIM14_IRQHandler
    startup_stm32f030x6.o(RESET) refers to stm32f0xx_it.o(i.USART1_IRQHandler) for USART1_IRQHandler
    startup_stm32f030x6.o(.text) refers to system_stm32f0xx.o(i.SystemInit) for SystemInit
    startup_stm32f030x6.o(.text) refers to entry.o(.ARM.Collect$$$$00000000) for __main
    common.o(i.DelayMs) refers to stm32f0xx_hal.o(i.HAL_GetTick) for HAL_GetTick
    common.o(i.GetFwInfo) refers to stm32f0xx_hal_crc.o(i.HAL_CRC_Calculate) for HAL_CRC_Calculate
    common.o(i.GetFwInfo) refers to stm32f0xx_hal_crc.o(i.HAL_CRC_Accumulate) for HAL_CRC_Accumulate
    common.o(i.GetFwInfo) refers to main.o(.bss) for hcrc
    common.o(i.Int2Str) refers to uidiv.o(.text) for __aeabi_uidivmod
    common.o(i.rtc2unix) refers to common.o(i.Bcd2Dec) for Bcd2Dec
    common.o(i.rtc2unix) refers to uidiv.o(.text) for __aeabi_uidivmod
    common.o(i.rtc2unix) refers to common.o(.constdata) for rtc_months
    common.o(.data) refers to common.o(.conststring) for .conststring
    eeprom.o(i.EEPROM_Save) refers to common.o(i.mem_cpy) for mem_cpy
    eeprom.o(i.EEPROM_Save) refers to stm32f0xx_hal_i2c.o(i.HAL_I2C_Master_Transmit) for HAL_I2C_Master_Transmit
    eeprom.o(i.EEPROM_Save) refers to stm32f0xx_hal_i2c.o(i.HAL_I2C_IsDeviceReady) for HAL_I2C_IsDeviceReady
    eeprom.o(i.EEPROM_Save) refers to main.o(i.Error_Handler) for Error_Handler
    eeprom.o(i.EEPROM_Save) refers to eeprom.o(.bss) for ebuf
    eeprom.o(i.EEPROM_Save) refers to main.o(.bss) for hi2c1
    logger.o(i.LOGGER_Delete) refers to common.o(i.mem_set) for mem_set
    logger.o(i.LOGGER_Delete) refers to stm32f0xx_hal_i2c.o(i.HAL_I2C_IsDeviceReady) for HAL_I2C_IsDeviceReady
    logger.o(i.LOGGER_Delete) refers to main.o(i.Error_Handler) for Error_Handler
    logger.o(i.LOGGER_Delete) refers to stm32f0xx_hal_i2c.o(i.HAL_I2C_Master_Transmit) for HAL_I2C_Master_Transmit
    logger.o(i.LOGGER_Delete) refers to stm32f0xx_hal.o(i.HAL_Delay) for HAL_Delay
    logger.o(i.LOGGER_Delete) refers to logger.o(.data) for logger_tmr
    logger.o(i.LOGGER_Delete) refers to main.o(.bss) for hi2c1
    logger.o(i.LOGGER_Delete) refers to main.o(.data) for sysfl
    logger.o(i.LOGGER_Init) refers to common.o(i.mem_set) for mem_set
    logger.o(i.LOGGER_Init) refers to stm32f0xx_hal_i2c.o(i.HAL_I2C_IsDeviceReady) for HAL_I2C_IsDeviceReady
    logger.o(i.LOGGER_Init) refers to main.o(i.Error_Handler) for Error_Handler
    logger.o(i.LOGGER_Init) refers to stm32f0xx_hal_i2c.o(i.HAL_I2C_Master_Transmit) for HAL_I2C_Master_Transmit
    logger.o(i.LOGGER_Init) refers to stm32f0xx_hal_i2c.o(i.HAL_I2C_Master_Receive) for HAL_I2C_Master_Receive
    logger.o(i.LOGGER_Init) refers to main.o(.data) for sysfl
    logger.o(i.LOGGER_Init) refers to logger.o(.data) for logger_tmr
    logger.o(i.LOGGER_Init) refers to main.o(.bss) for hi2c1
    logger.o(i.LOGGER_Read) refers to stm32f0xx_hal.o(i.HAL_GetTick) for HAL_GetTick
    logger.o(i.LOGGER_Read) refers to stm32f0xx_hal_i2c.o(i.HAL_I2C_IsDeviceReady) for HAL_I2C_IsDeviceReady
    logger.o(i.LOGGER_Read) refers to main.o(i.Error_Handler) for Error_Handler
    logger.o(i.LOGGER_Read) refers to stm32f0xx_hal_i2c.o(i.HAL_I2C_Master_Transmit) for HAL_I2C_Master_Transmit
    logger.o(i.LOGGER_Read) refers to stm32f0xx_hal_i2c.o(i.HAL_I2C_Master_Receive) for HAL_I2C_Master_Receive
    logger.o(i.LOGGER_Read) refers to logger.o(.data) for logger_tmr
    logger.o(i.LOGGER_Read) refers to main.o(.bss) for hi2c1
    logger.o(i.LOGGER_Service) refers to stm32f0xx_hal.o(i.HAL_GetTick) for HAL_GetTick
    logger.o(i.LOGGER_Service) refers to logger.o(.data) for logger_tmr
    logger.o(i.LOGGER_Service) refers to main.o(.data) for sysfl
    logger.o(i.LOGGER_Write) refers to stm32f0xx_hal_rtc.o(i.HAL_RTC_GetTime) for HAL_RTC_GetTime
    logger.o(i.LOGGER_Write) refers to stm32f0xx_hal_rtc.o(i.HAL_RTC_GetDate) for HAL_RTC_GetDate
    logger.o(i.LOGGER_Write) refers to common.o(i.mem_set) for mem_set
[...]
    Removing stm32f0xx_hal_tim.o(i.TIM_OC2_SetConfig), (176 bytes).
    Removing stm32f0xx_hal_tim.o(i.TIM_OC3_SetConfig), (172 bytes).
    Removing stm32f0xx_hal_tim.o(i.TIM_OC4_SetConfig), (120 bytes).
    Removing stm32f0xx_hal_tim.o(i.TIM_SlaveTimer_SetConfig), (184 bytes).
    Removing stm32f0xx_hal_tim.o(i.TIM_TI1_ConfigInputStage), (50 bytes).
    Removing stm32f0xx_hal_tim.o(i.TIM_TI1_SetConfig), (96 bytes).
    Removing stm32f0xx_hal_tim.o(i.TIM_TI2_ConfigInputStage), (50 bytes).
    Removing stm32f0xx_hal_tim.o(i.TIM_TI2_SetConfig), (72 bytes).
    Removing stm32f0xx_hal_tim.o(i.TIM_TI3_SetConfig), (70 bytes).
    Removing stm32f0xx_hal_tim.o(i.TIM_TI4_SetConfig), (78 bytes).
    Removing stm32f0xx_hal_tim_ex.o(.rev16_text), (4 bytes).
    Removing stm32f0xx_hal_tim_ex.o(.revsh_text), (4 bytes).
    Removing stm32f0xx_hal_tim_ex.o(i.HAL_TIMEx_CommutHalfCpltCallback), (2 bytes).
    Removing stm32f0xx_hal_tim_ex.o(i.HAL_TIMEx_ConfigBreakDeadTime), (140 bytes).
    Removing stm32f0xx_hal_tim_ex.o(i.HAL_TIMEx_ConfigCommutEvent), (138 bytes).
    Removing stm32f0xx_hal_tim_ex.o(i.HAL_TIMEx_ConfigCommutEvent_DMA), (168 bytes).
    Removing stm32f0xx_hal_tim_ex.o(i.HAL_TIMEx_ConfigCommutEvent_IT), (138 bytes).
    Removing stm32f0xx_hal_tim_ex.o(i.HAL_TIMEx_GetChannelNState), (40 bytes).
    Removing stm32f0xx_hal_tim_ex.o(i.HAL_TIMEx_HallSensor_DeInit), (100 bytes).
    Removing stm32f0xx_hal_tim_ex.o(i.HAL_TIMEx_HallSensor_GetState), (8 bytes).
    Removing stm32f0xx_hal_tim_ex.o(i.HAL_TIMEx_HallSensor_Init), (232 bytes).
    Removing stm32f0xx_hal_tim_ex.o(i.HAL_TIMEx_HallSensor_MspDeInit), (2 bytes).
    Removing stm32f0xx_hal_tim_ex.o(i.HAL_TIMEx_HallSensor_MspInit), (2 bytes).
    Removing stm32f0xx_hal_tim_ex.o(i.HAL_TIMEx_HallSensor_Start), (144 bytes).
    Removing stm32f0xx_hal_tim_ex.o(i.HAL_TIMEx_HallSensor_Start_DMA), (224 bytes).
    Removing stm32f0xx_hal_tim_ex.o(i.HAL_TIMEx_HallSensor_Start_IT), (152 bytes).
    Removing stm32f0xx_hal_tim_ex.o(i.HAL_TIMEx_HallSensor_Stop), (80 bytes).
    Removing stm32f0xx_hal_tim_ex.o(i.HAL_TIMEx_HallSensor_Stop_DMA), (92 bytes).
    Removing stm32f0xx_hal_tim_ex.o(i.HAL_TIMEx_HallSensor_Stop_IT), (92 bytes).
    Removing stm32f0xx_hal_tim_ex.o(i.HAL_TIMEx_MasterConfigSynchronization), (120 bytes).
    Removing stm32f0xx_hal_tim_ex.o(i.HAL_TIMEx_OCN_Start), (180 bytes).
    Removing stm32f0xx_hal_tim_ex.o(i.HAL_TIMEx_OCN_Start_DMA), (468 bytes).
    Removing stm32f0xx_hal_tim_ex.o(i.HAL_TIMEx_OCN_Start_IT), (260 bytes).
    Removing stm32f0xx_hal_tim_ex.o(i.HAL_TIMEx_OCN_Stop), (148 bytes).
    Removing stm32f0xx_hal_tim_ex.o(i.HAL_TIMEx_OCN_Stop_DMA), (240 bytes).
    Removing stm32f0xx_hal_tim_ex.o(i.HAL_TIMEx_OCN_Stop_IT), (244 bytes).
    Removing stm32f0xx_hal_tim_ex.o(i.HAL_TIMEx_OnePulseN_Start), (118 bytes).
    Removing stm32f0xx_hal_tim_ex.o(i.HAL_TIMEx_OnePulseN_Start_IT), (140 bytes).
    Removing stm32f0xx_hal_tim_ex.o(i.HAL_TIMEx_OnePulseN_Stop), (148 bytes).
    Removing stm32f0xx_hal_tim_ex.o(i.HAL_TIMEx_OnePulseN_Stop_IT), (172 bytes).
    Removing stm32f0xx_hal_tim_ex.o(i.HAL_TIMEx_PWMN_Start), (180 bytes).
    Removing stm32f0xx_hal_tim_ex.o(i.HAL_TIMEx_PWMN_Start_DMA), (468 bytes).
    Removing stm32f0xx_hal_tim_ex.o(i.HAL_TIMEx_PWMN_Start_IT), (260 bytes).
    Removing stm32f0xx_hal_tim_ex.o(i.HAL_TIMEx_PWMN_Stop), (148 bytes).
    Removing stm32f0xx_hal_tim_ex.o(i.HAL_TIMEx_PWMN_Stop_DMA), (240 bytes).
    Removing stm32f0xx_hal_tim_ex.o(i.HAL_TIMEx_PWMN_Stop_IT), (244 bytes).
    Removing stm32f0xx_hal_tim_ex.o(i.HAL_TIMEx_RemapConfig), (42 bytes).
    Removing stm32f0xx_hal_tim_ex.o(i.TIMEx_DMACommutationCplt), (20 bytes).
    Removing stm32f0xx_hal_tim_ex.o(i.TIMEx_DMACommutationHalfCplt), (20 bytes).
    Removing stm32f0xx_hal_tim_ex.o(i.TIM_CCxNChannelCmd), (34 bytes).
    Removing stm32f0xx_hal_tim_ex.o(i.TIM_DMADelayPulseNCplt), (88 bytes).
    Removing stm32f0xx_hal_tim_ex.o(i.TIM_DMAErrorCCxN), (70 bytes).
    Removing stm32f0xx_hal_uart.o(.rev16_text), (4 bytes).
    Removing stm32f0xx_hal_uart.o(.revsh_text), (4 bytes).
    Removing stm32f0xx_hal_uart.o(i.HAL_HalfDuplex_EnableReceiver), (116 bytes).
    Removing stm32f0xx_hal_uart.o(i.HAL_HalfDuplex_EnableTransmitter), (116 bytes).
    Removing stm32f0xx_hal_uart.o(i.HAL_HalfDuplex_Init), (116 bytes).
    Removing stm32f0xx_hal_uart.o(i.HAL_MultiProcessor_DisableMuteMode), (78 bytes).
    Removing stm32f0xx_hal_uart.o(i.HAL_MultiProcessor_EnableMuteMode), (78 bytes).
    Removing stm32f0xx_hal_uart.o(i.HAL_MultiProcessor_EnterMuteMode), (14 bytes).
    Removing stm32f0xx_hal_uart.o(i.HAL_MultiProcessor_Init), (160 bytes).
    Removing stm32f0xx_hal_uart.o(i.HAL_UART_Abort), (342 bytes).
    Removing stm32f0xx_hal_uart.o(i.HAL_UART_AbortCpltCallback), (2 bytes).
    Removing stm32f0xx_hal_uart.o(i.HAL_UART_AbortReceiveCpltCallback), (2 bytes).
    Removing stm32f0xx_hal_uart.o(i.HAL_UART_AbortReceive_IT), (276 bytes).
    Removing stm32f0xx_hal_uart.o(i.HAL_UART_AbortTransmit), (140 bytes).
    Removing stm32f0xx_hal_uart.o(i.HAL_UART_AbortTransmitCpltCallback), (2 bytes).
    Removing stm32f0xx_hal_uart.o(i.HAL_UART_AbortTransmit_IT), (164 bytes).
    Removing stm32f0xx_hal_uart.o(i.HAL_UART_Abort_IT), (400 bytes).
    Removing stm32f0xx_hal_uart.o(i.HAL_UART_DMAPause), (184 bytes).
    Removing stm32f0xx_hal_uart.o(i.HAL_UART_DMAResume), (172 bytes).
    Removing stm32f0xx_hal_uart.o(i.HAL_UART_DMAStop), (198 bytes).
    Removing stm32f0xx_hal_uart.o(i.HAL_UART_DeInit), (80 bytes).
    Removing stm32f0xx_hal_uart.o(i.HAL_UART_DisableReceiverTimeout), (68 bytes).
    Removing stm32f0xx_hal_uart.o(i.HAL_UART_EnableReceiverTimeout), (68 bytes).
    Removing stm32f0xx_hal_uart.o(i.HAL_UART_ErrorCallback), (2 bytes).
    Removing stm32f0xx_hal_uart.o(i.HAL_UART_GetError), (8 bytes).
    Removing stm32f0xx_hal_uart.o(i.HAL_UART_GetState), (14 bytes).
    Removing stm32f0xx_hal_uart.o(i.HAL_UART_Init), (126 bytes).
    Removing stm32f0xx_hal_uart.o(i.HAL_UART_MspDeInit), (2 bytes).
    Removing stm32f0xx_hal_uart.o(i.HAL_UART_MspInit), (2 bytes).
    Removing stm32f0xx_hal_uart.o(i.HAL_UART_Receive_DMA), (126 bytes).
    Removing stm32f0xx_hal_uart.o(i.HAL_UART_ReceiverTimeout_Config), (16 bytes).
    Removing stm32f0xx_hal_uart.o(i.HAL_UART_RxCpltCallback), (2 bytes).
    Removing stm32f0xx_hal_uart.o(i.HAL_UART_RxHalfCpltCallback), (2 bytes).
    Removing stm32f0xx_hal_uart.o(i.HAL_UART_Transmit_DMA), (200 bytes).
    Removing stm32f0xx_hal_uart.o(i.HAL_UART_Transmit_IT), (156 bytes).
    Removing stm32f0xx_hal_uart.o(i.HAL_UART_TxCpltCallback), (2 bytes).
    Removing stm32f0xx_hal_uart.o(i.HAL_UART_TxHalfCpltCallback), (2 bytes).
    Removing stm32f0xx_hal_uart.o(i.UART_DMAError), (88 bytes).
    Removing stm32f0xx_hal_uart.o(i.UART_DMAReceiveCplt), (198 bytes).
    Removing stm32f0xx_hal_uart.o(i.UART_DMARxAbortCallback), (84 bytes).
    Removing stm32f0xx_hal_uart.o(i.UART_DMARxHalfCplt), (38 bytes).
    Removing stm32f0xx_hal_uart.o(i.UART_DMARxOnlyAbortCallback), (48 bytes).
    Removing stm32f0xx_hal_uart.o(i.UART_DMATransmitCplt), (94 bytes).
    Removing stm32f0xx_hal_uart.o(i.UART_DMATxAbortCallback), (72 bytes).
    Removing stm32f0xx_hal_uart.o(i.UART_DMATxHalfCplt), (14 bytes).
    Removing stm32f0xx_hal_uart.o(i.UART_DMATxOnlyAbortCallback), (24 bytes).
    Removing stm32f0xx_hal_uart.o(i.UART_EndTxTransfer), (44 bytes).
    Removing stm32f0xx_hal_uart.o(i.UART_Start_Receive_DMA), (220 bytes).
    Removing stm32f0xx_hal_uart.o(i.UART_TxISR_16BIT), (118 bytes).
    Removing stm32f0xx_hal_uart.o(i.UART_TxISR_8BIT), (114 bytes).
    Removing stm32f0xx_hal_uart_ex.o(.rev16_text), (4 bytes).
    Removing stm32f0xx_hal_uart_ex.o(.revsh_text), (4 bytes).
    Removing stm32f0xx_hal_uart_ex.o(i.HAL_MultiProcessorEx_AddressLength_Set), (64 bytes).
    Removing stm32f0xx_hal_uart_ex.o(i.HAL_UARTEx_GetRxEventType), (6 bytes).
    Removing stm32f0xx_hal_uart_ex.o(i.HAL_UARTEx_ReceiveToIdle), (392 bytes).
    Removing stm32f0xx_hal_uart_ex.o(i.HAL_UARTEx_ReceiveToIdle_DMA), (138 bytes).
    Removing stm32f0xx_hal_uart_ex.o(i.HAL_UARTEx_ReceiveToIdle_IT), (138 bytes).
    Removing stm32f0xx_hal_uart_ex.o(i.__set_PRIMASK), (6 bytes).
    Removing system_stm32f0xx.o(.rev16_text), (4 bytes).
    Removing system_stm32f0xx.o(.revsh_text), (4 bytes).
    Removing system_stm32f0xx.o(i.SystemCoreClockUpdate), (176 bytes).

512 unused section(s) (total 54250 bytes) removed from the image.

==============================================================================

Image Symbol Table

    Local Symbols

    Symbol Name                              Value     Ov Type        Size  Object(Section)

    ../Core/Src/main.c                       0x00000000   Number         0  main.o ABSOLUTE
    ../Core/Src/stm32f0xx_hal_msp.c          0x00000000   Number         0  stm32f0xx_hal_msp.o ABSOLUTE
    ../Core/Src/stm32f0xx_it.c               0x00000000   Number         0  stm32f0xx_it.o ABSOLUTE
    ../Core/Src/system_stm32f0xx.c           0x00000000   Number         0  system_stm32f0xx.o ABSOLUTE
    ../Drivers/STM32F0xx_HAL_Driver/Src/stm32f0xx_hal.c 0x00000000   Number         0  stm32f0xx_hal.o ABSOLUTE
    ../Drivers/STM32F0xx_HAL_Driver/Src/stm32f0xx_hal_cortex.c 0x00000000   Number         0  stm32f0xx_hal_cortex.o ABSOLUTE
    ../Drivers/STM32F0xx_HAL_Driver/Src/stm32f0xx_hal_crc.c 0x00000000   Number         0  stm32f0xx_hal_crc.o ABSOLUTE
    ../Drivers/STM32F0xx_HAL_Driver/Src/stm32f0xx_hal_crc_ex.c 0x00000000   Number         0  stm32f0xx_hal_crc_ex.o ABSOLUTE
    ../Drivers/STM32F0xx_HAL_Driver/Src/stm32f0xx_hal_dma.c 0x00000000   Number         0  stm32f0xx_hal_dma.o ABSOLUTE
    ../Drivers/STM32F0xx_HAL_Driver/Src/stm32f0xx_hal_exti.c 0x00000000   Number         0  stm32f0xx_hal_exti.o ABSOLUTE
    ../Drivers/STM32F0xx_HAL_Driver/Src/stm32f0xx_hal_flash.c 0x00000000   Number         0  stm32f0xx_hal_flash.o ABSOLUTE
    ../Drivers/STM32F0xx_HAL_Driver/Src/stm32f0xx_hal_flash_ex.c 0x00000000   Number         0  stm32f0xx_hal_flash_ex.o ABSOLUTE
    ../Drivers/STM32F0xx_HAL_Driver/Src/stm32f0xx_hal_gpio.c 0x00000000   Number         0  stm32f0xx_hal_gpio.o ABSOLUTE
    ../Drivers/STM32F0xx_HAL_Driver/Src/stm32f0xx_hal_i2c.c 0x00000000   Number         0  stm32f0xx_hal_i2c.o ABSOLUTE
    ../Drivers/STM32F0xx_HAL_Driver/Src/stm32f0xx_hal_i2c_ex.c 0x00000000   Number         0  stm32f0xx_hal_i2c_ex.o ABSOLUTE
    ../Drivers/STM32F0xx_HAL_Driver/Src/stm32f0xx_hal_iwdg.c 0x00000000   Number         0  stm32f0xx_hal_iwdg.o ABSOLUTE
    ../Drivers/STM32F0xx_HAL_Driver/Src/stm32f0xx_hal_pwr.c 0x00000000   Number         0  stm32f0xx_hal_pwr.o ABSOLUTE
    ../Drivers/STM32F0xx_HAL_Driver/Src/stm32f0xx_hal_pwr_ex.c 0x00000000   Number         0  stm32f0xx_hal_pwr_ex.o ABSOLUTE
    ../Drivers/STM32F0xx_HAL_Driver/Src/stm32f0xx_hal_rcc.c 0x00000000   Number         0  stm32f0xx_hal_rcc.o ABSOLUTE
    ../Drivers/STM32F0xx_HAL_Driver/Src/stm32f0xx_hal_rcc_ex.c 0x00000000   Number         0  stm32f0xx_hal_rcc_ex.o ABSOLUTE
    ../Drivers/STM32F0xx_HAL_Driver/Src/stm32f0xx_hal_rtc.c 0x00000000   Number         0  stm32f0xx_hal_rtc.o ABSOLUTE
    ../Drivers/STM32F0xx_HAL_Driver/Src/stm32f0xx_hal_rtc_ex.c 0x00000000   Number         0  stm32f0xx_hal_rtc_ex.o ABSOLUTE
    ../Drivers/STM32F0xx_HAL_Driver/Src/stm32f0xx_hal_tim.c 0x00000000   Number         0  stm32f0xx_hal_tim.o ABSOLUTE
    ../Drivers/STM32F0xx_HAL_Driver/Src/stm32f0xx_hal_tim_ex.c 0x00000000   Number         0  stm32f0xx_hal_tim_ex.o ABSOLUTE
    ../Drivers/STM32F0xx_HAL_Driver/Src/stm32f0xx_hal_uart.c 0x00000000   Number         0  stm32f0xx_hal_uart.o ABSOLUTE
    ../Drivers/STM32F0xx_HAL_Driver/Src/stm32f0xx_hal_uart_ex.c 0x00000000   Number         0  stm32f0xx_hal_uart_ex.o ABSOLUTE
    ../clib/microlib/division.c              0x00000000   Number         0  uidiv.o ABSOLUTE
    ../clib/microlib/division.c              0x00000000   Number         0  uldiv.o ABSOLUTE
    ../clib/microlib/init/entry.s            0x00000000   Number         0  entry9b.o ABSOLUTE
    ../clib/microlib/init/entry.s            0x00000000   Number         0  entry9a.o ABSOLUTE
    ../clib/microlib/init/entry.s            0x00000000   Number         0  entry8b.o ABSOLUTE
    ../clib/microlib/init/entry.s            0x00000000   Number         0  entry8a.o ABSOLUTE
    ../clib/microlib/init/entry.s            0x00000000   Number         0  entry7b.o ABSOLUTE
    ../clib/microlib/init/entry.s            0x00000000   Number         0  entry5.o ABSOLUTE
    ../clib/microlib/init/entry.s            0x00000000   Number         0  entry2.o ABSOLUTE
    ../clib/microlib/init/entry.s            0x00000000   Number         0  entry.o ABSOLUTE
    ../clib/microlib/init/entry.s            0x00000000   Number         0  entry11b.o ABSOLUTE
    ../clib/microlib/init/entry.s            0x00000000   Number         0  entry7a.o ABSOLUTE
    ../clib/microlib/init/entry.s            0x00000000   Number         0  entry11a.o ABSOLUTE
    ../clib/microlib/init/entry.s            0x00000000   Number         0  entry10b.o ABSOLUTE
    ../clib/microlib/init/entry.s            0x00000000   Number         0  entry10a.o ABSOLUTE
    ../clib/microlib/longlong.c              0x00000000   Number         0  llshl.o ABSOLUTE
    ../clib/microlib/longlong.c              0x00000000   Number         0  llushr.o ABSOLUTE
    ../clib/microlib/string/memset.c         0x00000000   Number         0  memseta.o ABSOLUTE
    ..\Common\common.c                       0x00000000   Number         0  common.o ABSOLUTE
    ..\Core\Src\eeprom.c                     0x00000000   Number         0  eeprom.o ABSOLUTE
    ..\Core\Src\logger.c                     0x00000000   Number         0  logger.o ABSOLUTE
    ..\Core\Src\main.c                       0x00000000   Number         0  main.o ABSOLUTE
    ..\Core\Src\rfid.c                       0x00000000   Number         0  rfid.o ABSOLUTE
    ..\Core\Src\stm32f0xx_hal_msp.c          0x00000000   Number         0  stm32f0xx_hal_msp.o ABSOLUTE
    ..\Core\Src\stm32f0xx_it.c               0x00000000   Number         0  stm32f0xx_it.o ABSOLUTE
    ..\Core\Src\system_stm32f0xx.c           0x00000000   Number         0  system_stm32f0xx.o ABSOLUTE
    ..\Drivers\STM32F0xx_HAL_Driver\Src\stm32f0xx_hal.c 0x00000000   Number         0  stm32f0xx_hal.o ABSOLUTE
    ..\Drivers\STM32F0xx_HAL_Driver\Src\stm32f0xx_hal_cortex.c 0x00000000   Number         0  stm32f0xx_hal_cortex.o ABSOLUTE
    ..\Drivers\STM32F0xx_HAL_Driver\Src\stm32f0xx_hal_crc.c 0x00000000   Number         0  stm32f0xx_hal_crc.o ABSOLUTE
    ..\Drivers\STM32F0xx_HAL_Driver\Src\stm32f0xx_hal_crc_ex.c 0x00000000   Number         0  stm32f0xx_hal_crc_ex.o ABSOLUTE
    ..\Drivers\STM32F0xx_HAL_Driver\Src\stm32f0xx_hal_dma.c 0x00000000   Number         0  stm32f0xx_hal_dma.o ABSOLUTE
    ..\Drivers\STM32F0xx_HAL_Driver\Src\stm32f0xx_hal_exti.c 0x00000000   Number         0  stm32f0xx_hal_exti.o ABSOLUTE
    ..\Drivers\STM32F0xx_HAL_Driver\Src\stm32f0xx_hal_flash.c 0x00000000   Number         0  stm32f0xx_hal_flash.o ABSOLUTE
    ..\Drivers\STM32F0xx_HAL_Driver\Src\stm32f0xx_hal_flash_ex.c 0x00000000   Number         0  stm32f0xx_hal_flash_ex.o ABSOLUTE
    ..\Drivers\STM32F0xx_HAL_Driver\Src\stm32f0xx_hal_gpio.c 0x00000000   Number         0  stm32f0xx_hal_gpio.o ABSOLUTE
    ..\Drivers\STM32F0xx_HAL_Driver\Src\stm32f0xx_hal_i2c.c 0x00000000   Number         0  stm32f0xx_hal_i2c.o ABSOLUTE
    ..\Drivers\STM32F0xx_HAL_Driver\Src\stm32f0xx_hal_i2c_ex.c 0x00000000   Number         0  stm32f0xx_hal_i2c_ex.o ABSOLUTE
    ..\Drivers\STM32F0xx_HAL_Driver\Src\stm32f0xx_hal_iwdg.c 0x00000000   Number         0  stm32f0xx_hal_iwdg.o ABSOLUTE
    ..\Drivers\STM32F0xx_HAL_Driver\Src\stm32f0xx_hal_pwr.c 0x00000000   Number         0  stm32f0xx_hal_pwr.o ABSOLUTE
    ..\Drivers\STM32F0xx_HAL_Driver\Src\stm32f0xx_hal_pwr_ex.c 0x00000000   Number         0  stm32f0xx_hal_pwr_ex.o ABSOLUTE
    ..\Drivers\STM32F0xx_HAL_Driver\Src\stm32f0xx_hal_rcc.c 0x00000000   Number         0  stm32f0xx_hal_rcc.o ABSOLUTE
    ..\Drivers\STM32F0xx_HAL_Driver\Src\stm32f0xx_hal_rcc_ex.c 0x00000000   Number         0  stm32f0xx_hal_rcc_ex.o ABSOLUTE
    ..\Drivers\STM32F0xx_HAL_Driver\Src\stm32f0xx_hal_rtc.c 0x00000000   Number         0  stm32f0xx_hal_rtc.o ABSOLUTE
    ..\Drivers\STM32F0xx_HAL_Driver\Src\stm32f0xx_hal_rtc_ex.c 0x00000000   Number         0  stm32f0xx_hal_rtc_ex.o ABSOLUTE
    ..\Drivers\STM32F0xx_HAL_Driver\Src\stm32f0xx_hal_tim.c 0x00000000   Number         0  stm32f0xx_hal_tim.o ABSOLUTE
    ..\Drivers\STM32F0xx_HAL_Driver\Src\stm32f0xx_hal_tim_ex.c 0x00000000   Number         0  stm32f0xx_hal_tim_ex.o ABSOLUTE
    ..\Drivers\STM32F0xx_HAL_Driver\Src\stm32f0xx_hal_uart.c 0x00000000   Number         0  stm32f0xx_hal_uart.o ABSOLUTE
    ..\Drivers\STM32F0xx_HAL_Driver\Src\stm32f0xx_hal_uart_ex.c 0x00000000   Number         0  stm32f0xx_hal_uart_ex.o ABSOLUTE
    ..\\Common\\common.c                     0x00000000   Number         0  common.o ABSOLUTE
    ..\\Core\\Src\\eeprom.c                  0x00000000   Number         0  eeprom.o ABSOLUTE
    ..\\Core\\Src\\logger.c                  0x00000000   Number         0  logger.o ABSOLUTE
    ..\\Core\\Src\\rfid.c                    0x00000000   Number         0  rfid.o ABSOLUTE
    dc.s                                     0x00000000   Number         0  dc.o ABSOLUTE
    handlers.s                               0x00000000   Number         0  handlers.o ABSOLUTE
    init.s                                   0x00000000   Number         0  init.o ABSOLUTE
    startup_stm32f030x6.s                    0x00000000   Number         0  startup_stm32f030x6.o ABSOLUTE
    RESET                                    0x08000000   Section      176  startup_stm32f030x6.o(RESET)
    .ARM.Collect$$$$00000000                 0x080000b0   Section        0  entry.o(.ARM.Collect$$$$00000000)
    .ARM.Collect$$$$00000001                 0x080000b0   Section        4  entry2.o(.ARM.Collect$$$$00000001)
    .ARM.Collect$$$$00000004                 0x080000b4   Section        4  entry5.o(.ARM.Collect$$$$00000004)
    .ARM.Collect$$$$00000008                 0x080000b8   Section        0  entry7b.o(.ARM.Collect$$$$00000008)
    .ARM.Collect$$$$0000000A                 0x080000b8   Section        0  entry8b.o(.ARM.Collect$$$$0000000A)
    .ARM.Collect$$$$0000000B                 0x080000b8   Section        8  entry9a.o(.ARM.Collect$$$$0000000B)
    .ARM.Collect$$$$0000000D                 0x080000c0   Section        0  entry10a.o(.ARM.Collect$$$$0000000D)
    .ARM.Collect$$$$0000000F                 0x080000c0   Section        0  entry11a.o(.ARM.Collect$$$$0000000F)
    .ARM.Collect$$$$00002712                 0x080000c0   Section        4  entry2.o(.ARM.Collect$$$$00002712)
    __lit__00000000                          0x080000c0   Data           4  entry2.o(.ARM.Collect$$$$00002712)
    .text                                    0x080000c4   Section       28  startup_stm32f030x6.o(.text)
    .text                                    0x080000e0   Section        0  uidiv.o(.text)
    .text                                    0x0800010c   Section        0  uldiv.o(.text)
    .text                                    0x0800016c   Section        0  llushr.o(.text)
    .text                                    0x0800018e   Section        0  memseta.o(.text)
    .text                                    0x080001b2   Section        0  llshl.o(.text)
    .text                                    0x080001d4   Section       36  init.o(.text)
    i.EXTI4_15_IRQHandler                    0x080001f8   Section        0  stm32f0xx_it.o(i.EXTI4_15_IRQHandler)
    i.Error_Handler                          0x08000208   Section        0  main.o(i.Error_Handler)
    i.HAL_CRC_Init                           0x08000248   Section        0  stm32f0xx_hal_crc.o(i.HAL_CRC_Init)
    i.HAL_CRC_MspDeInit                      0x080002a4   Section        0  stm32f0xx_hal_msp.o(i.HAL_CRC_MspDeInit)
    i.HAL_CRC_MspInit                        0x080002c4   Section        0  stm32f0xx_hal_msp.o(i.HAL_CRC_MspInit)
    i.HAL_DMA_Abort                          0x080002f4   Section        0  stm32f0xx_hal_dma.o(i.HAL_DMA_Abort)
    i.HAL_DMA_Abort_IT                       0x08000346   Section        0  stm32f0xx_hal_dma.o(i.HAL_DMA_Abort_IT)
    i.HAL_DMA_GetError                       0x0800039e   Section        0  stm32f0xx_hal_dma.o(i.HAL_DMA_GetError)
    i.HAL_DeInit                             0x080003a4   Section        0  stm32f0xx_hal.o(i.HAL_DeInit)
    i.HAL_Delay                              0x080003d0   Section        0  stm32f0xx_hal.o(i.HAL_Delay)
    i.HAL_GPIO_DeInit                        0x080003fc   Section        0  stm32f0xx_hal_gpio.o(i.HAL_GPIO_DeInit)
    i.HAL_GPIO_EXTI_Callback                 0x08000504   Section        0  main.o(i.HAL_GPIO_EXTI_Callback)
    i.HAL_GPIO_EXTI_IRQHandler               0x08000538   Section        0  stm32f0xx_hal_gpio.o(i.HAL_GPIO_EXTI_IRQHandler)
    i.HAL_GPIO_Init                          0x08000558   Section        0  stm32f0xx_hal_gpio.o(i.HAL_GPIO_Init)
    i.HAL_GPIO_ReadPin                       0x08000748   Section        0  stm32f0xx_hal_gpio.o(i.HAL_GPIO_ReadPin)
    i.HAL_GPIO_WritePin                      0x0800075a   Section        0  stm32f0xx_hal_gpio.o(i.HAL_GPIO_WritePin)
    i.HAL_GetTick                            0x08000768   Section        0  stm32f0xx_hal.o(i.HAL_GetTick)
    i.HAL_I2CEx_ConfigAnalogFilter           0x08000774   Section        0  stm32f0xx_hal_i2c_ex.o(i.HAL_I2CEx_ConfigAnalogFilter)
    i.HAL_I2CEx_ConfigDigitalFilter          0x080007e2   Section        0  stm32f0xx_hal_i2c_ex.o(i.HAL_I2CEx_ConfigDigitalFilter)
    i.HAL_I2C_Init                           0x08000854   Section        0  stm32f0xx_hal_i2c.o(i.HAL_I2C_Init)
    i.HAL_I2C_IsDeviceReady                  0x08000940   Section        0  stm32f0xx_hal_i2c.o(i.HAL_I2C_IsDeviceReady)
    i.HAL_I2C_Master_Receive                 0x08000ac8   Section        0  stm32f0xx_hal_i2c.o(i.HAL_I2C_Master_Receive)
    i.HAL_I2C_Master_Transmit                0x08000c34   Section        0  stm32f0xx_hal_i2c.o(i.HAL_I2C_Master_Transmit)
    i.HAL_I2C_MspDeInit                      0x08000dc8   Section        0  stm32f0xx_hal_msp.o(i.HAL_I2C_MspDeInit)
    i.HAL_I2C_MspInit                        0x08000e04   Section        0  stm32f0xx_hal_msp.o(i.HAL_I2C_MspInit)
    i.HAL_IWDG_Init                          0x08000e88   Section        0  stm32f0xx_hal_iwdg.o(i.HAL_IWDG_Init)
    i.HAL_IWDG_Refresh                       0x08000f04   Section        0  stm32f0xx_hal_iwdg.o(i.HAL_IWDG_Refresh)
    i.HAL_IncTick                            0x08000f14   Section        0  stm32f0xx_hal.o(i.HAL_IncTick)
    i.HAL_Init                               0x08000f2c   Section        0  stm32f0xx_hal.o(i.HAL_Init)
    i.HAL_InitTick                           0x08000f4c   Section        0  stm32f0xx_hal.o(i.HAL_InitTick)
    i.HAL_MspDeInit                          0x08000fa0   Section        0  stm32f0xx_hal.o(i.HAL_MspDeInit)
    i.HAL_MspInit                            0x08000fa4   Section        0  stm32f0xx_hal_msp.o(i.HAL_MspInit)
    i.HAL_NVIC_ClearPendingIRQ               0x08000fe4   Section        0  stm32f0xx_hal_cortex.o(i.HAL_NVIC_ClearPendingIRQ)
    i.HAL_NVIC_DisableIRQ                    0x08001000   Section        0  stm32f0xx_hal_cortex.o(i.HAL_NVIC_DisableIRQ)
    i.HAL_NVIC_EnableIRQ                     0x0800103c   Section        0  stm32f0xx_hal_cortex.o(i.HAL_NVIC_EnableIRQ)
    i.HAL_NVIC_SetPriority                   0x08001058   Section        0  stm32f0xx_hal_cortex.o(i.HAL_NVIC_SetPriority)
    i.HAL_NVIC_SystemReset                   0x0800106c   Section        0  stm32f0xx_hal_cortex.o(i.HAL_NVIC_SystemReset)
    i.HAL_RCCEx_PeriphCLKConfig              0x080010a4   Section        0  stm32f0xx_hal_rcc_ex.o(i.HAL_RCCEx_PeriphCLKConfig)
    i.HAL_RCC_ClockConfig                    0x080011f4   Section        0  stm32f0xx_hal_rcc.o(i.HAL_RCC_ClockConfig)
    i.HAL_RCC_GetHCLKFreq                    0x08001360   Section        0  stm32f0xx_hal_rcc.o(i.HAL_RCC_GetHCLKFreq)
    i.HAL_RCC_GetPCLK1Freq                   0x0800136c   Section        0  stm32f0xx_hal_rcc.o(i.HAL_RCC_GetPCLK1Freq)
    i.HAL_RCC_GetSysClockFreq                0x08001390   Section        0  stm32f0xx_hal_rcc.o(i.HAL_RCC_GetSysClockFreq)
    i.HAL_RCC_OscConfig                      0x08001428   Section        0  stm32f0xx_hal_rcc.o(i.HAL_RCC_OscConfig)
    i.HAL_RS485Ex_Init                       0x080019b4   Section        0  stm32f0xx_hal_uart_ex.o(i.HAL_RS485Ex_Init)
    i.HAL_RTC_GetDate                        0x08001a50   Section        0  stm32f0xx_hal_rtc.o(i.HAL_RTC_GetDate)
    i.HAL_RTC_GetTime                        0x08001aac   Section        0  stm32f0xx_hal_rtc.o(i.HAL_RTC_GetTime)
    i.HAL_RTC_Init                           0x08001b18   Section        0  stm32f0xx_hal_rtc.o(i.HAL_RTC_Init)
    i.HAL_RTC_MspDeInit                      0x08001bd8   Section        0  stm32f0xx_hal_msp.o(i.HAL_RTC_MspDeInit)
    i.HAL_RTC_MspInit                        0x08001bf8   Section        0  stm32f0xx_hal_msp.o(i.HAL_RTC_MspInit)
    i.HAL_RTC_SetDate                        0x08001c18   Section        0  stm32f0xx_hal_rtc.o(i.HAL_RTC_SetDate)
    i.HAL_RTC_SetTime                        0x08001ce0   Section        0  stm32f0xx_hal_rtc.o(i.HAL_RTC_SetTime)
    i.HAL_RTC_WaitForSynchro                 0x08001dd8   Section        0  stm32f0xx_hal_rtc.o(i.HAL_RTC_WaitForSynchro)
    i.HAL_SYSTICK_Config                     0x08001e14   Section        0  stm32f0xx_hal_cortex.o(i.HAL_SYSTICK_Config)
    i.HAL_TIMEx_BreakCallback                0x08001e4c   Section        0  stm32f0xx_hal_tim_ex.o(i.HAL_TIMEx_BreakCallback)
    i.HAL_TIMEx_CommutCallback               0x08001e4e   Section        0  stm32f0xx_hal_tim_ex.o(i.HAL_TIMEx_CommutCallback)
    i.HAL_TIM_Base_Init                      0x08001e50   Section        0  stm32f0xx_hal_tim.o(i.HAL_TIM_Base_Init)
    i.HAL_TIM_Base_MspDeInit                 0x08001eb4   Section        0  stm32f0xx_hal_msp.o(i.HAL_TIM_Base_MspDeInit)
    i.HAL_TIM_Base_MspInit                   0x08001edc   Section        0  stm32f0xx_hal_msp.o(i.HAL_TIM_Base_MspInit)
    i.HAL_TIM_Base_Start_IT                  0x08001f20   Section        0  stm32f0xx_hal_tim.o(i.HAL_TIM_Base_Start_IT)
    i.HAL_TIM_Base_Stop_IT                   0x08001f84   Section        0  stm32f0xx_hal_tim.o(i.HAL_TIM_Base_Stop_IT)
    i.HAL_TIM_IC_CaptureCallback             0x08001fc8   Section        0  stm32f0xx_hal_tim.o(i.HAL_TIM_IC_CaptureCallback)
    i.HAL_TIM_OC_DelayElapsedCallback        0x08001fca   Section        0  stm32f0xx_hal_tim.o(i.HAL_TIM_OC_DelayElapsedCallback)
    i.HAL_TIM_PWM_PulseFinishedCallback      0x08001fcc   Section        0  stm32f0xx_hal_tim.o(i.HAL_TIM_PWM_PulseFinishedCallback)
    i.HAL_TIM_TriggerCallback                0x08001fce   Section        0  stm32f0xx_hal_tim.o(i.HAL_TIM_TriggerCallback)
    i.HAL_UARTEx_RxEventCallback             0x08001fd0   Section        0  stm32f0xx_hal_uart.o(i.HAL_UARTEx_RxEventCallback)
    i.HAL_UART_ErrorCallback                 0x08001fd2   Section        0  main.o(i.HAL_UART_ErrorCallback)
    i.HAL_UART_TxCpltCallback                0x08001fdc   Section        0  main.o(i.HAL_UART_TxCpltCallback)
    i.HardFault_Handler                      0x08001fde   Section        0  stm32f0xx_it.o(i.HardFault_Handler)
    i.NMI_Handler                            0x08001fe2   Section        0  stm32f0xx_it.o(i.NMI_Handler)
    i.PendSV_Handler                         0x08001fe6   Section        0  stm32f0xx_it.o(i.PendSV_Handler)
    i.SVC_Handler                            0x08001fe8   Section        0  stm32f0xx_it.o(i.SVC_Handler)
    i.SystemInit                             0x08001fea   Section        0  system_stm32f0xx.o(i.SystemInit)
    i.TIM14_IRQHandler                       0x08001fec   Section        0  stm32f0xx_it.o(i.TIM14_IRQHandler)
    .ARM.__at_0x08002000                     0x08002000   Section        4  common.o(.ARM.__at_0x08002000)
    __tagsym$$used                           0x08002000   Number         0  common.o(.ARM.__at_0x08002000)
    .ARM.__at_0x08002004                     0x08002004   Section        4  common.o(.ARM.__at_0x08002004)
    __tagsym$$used                           0x08002004   Number         0  common.o(.ARM.__at_0x08002004)
    .ARM.__at_0x08002008                     0x08002008   Section        4  common.o(.ARM.__at_0x08002008)
    __tagsym$$used                           0x08002008   Number         0  common.o(.ARM.__at_0x08002008)
    .ARM.__at_0x0800200C                     0x0800200c   Section        4  common.o(.ARM.__at_0x0800200C)
    __tagsym$$used                           0x0800200c   Number         0  common.o(.ARM.__at_0x0800200C)
    i.HAL_TIM_IRQHandler                     0x08002010   Section        0  stm32f0xx_hal_tim.o(i.HAL_TIM_IRQHandler)
    i.HAL_TIM_PeriodElapsedCallback          0x08002180   Section        0  main.o(i.HAL_TIM_PeriodElapsedCallback)
    i.HAL_UART_AbortReceive                  0x080022a4   Section        0  stm32f0xx_hal_uart.o(i.HAL_UART_AbortReceive)
    i.HAL_UART_IRQHandler                    0x08002394   Section        0  stm32f0xx_hal_uart.o(i.HAL_UART_IRQHandler)
    i.HAL_UART_MspDeInit                     0x08002740   Section        0  stm32f0xx_hal_msp.o(i.HAL_UART_MspDeInit)
    i.HAL_UART_MspInit                       0x08002774   Section        0  stm32f0xx_hal_msp.o(i.HAL_UART_MspInit)
    i.HAL_UART_Receive                       0x08002804   Section        0  stm32f0xx_hal_uart.o(i.HAL_UART_Receive)
    i.HAL_UART_Receive_IT                    0x08002934   Section        0  stm32f0xx_hal_uart.o(i.HAL_UART_Receive_IT)
    i.HAL_UART_RxCpltCallback                0x080029b4   Section        0  main.o(i.HAL_UART_RxCpltCallback)
    i.HAL_UART_Transmit                      0x08002a04   Section        0  stm32f0xx_hal_uart.o(i.HAL_UART_Transmit)
    i.I2C_Flush_TXDR                         0x08002aec   Section        0  stm32f0xx_hal_i2c.o(i.I2C_Flush_TXDR)
    I2C_Flush_TXDR                           0x08002aed   Thumb Code    50  stm32f0xx_hal_i2c.o(i.I2C_Flush_TXDR)
    i.I2C_IsErrorOccurred                    0x08002b20   Section        0  stm32f0xx_hal_i2c.o(i.I2C_IsErrorOccurred)
    I2C_IsErrorOccurred                      0x08002b21   Thumb Code   344  stm32f0xx_hal_i2c.o(i.I2C_IsErrorOccurred)
    i.I2C_TransferConfig                     0x08002c7c   Section        0  stm32f0xx_hal_i2c.o(i.I2C_TransferConfig)
    I2C_TransferConfig                       0x08002c7d   Thumb Code    56  stm32f0xx_hal_i2c.o(i.I2C_TransferConfig)
    i.I2C_WaitOnFlagUntilTimeout             0x08002cb8   Section        0  stm32f0xx_hal_i2c.o(i.I2C_WaitOnFlagUntilTimeout)
    I2C_WaitOnFlagUntilTimeout               0x08002cb9   Thumb Code   126  stm32f0xx_hal_i2c.o(i.I2C_WaitOnFlagUntilTimeout)
    i.I2C_WaitOnRXNEFlagUntilTimeout         0x08002d38   Section        0  stm32f0xx_hal_i2c.o(i.I2C_WaitOnRXNEFlagUntilTimeout)
    I2C_WaitOnRXNEFlagUntilTimeout           0x08002d39   Thumb Code   216  stm32f0xx_hal_i2c.o(i.I2C_WaitOnRXNEFlagUntilTimeout)
    i.I2C_WaitOnSTOPFlagUntilTimeout         0x08002e14   Section        0  stm32f0xx_hal_i2c.o(i.I2C_WaitOnSTOPFlagUntilTimeout)
    I2C_WaitOnSTOPFlagUntilTimeout           0x08002e15   Thumb Code   102  stm32f0xx_hal_i2c.o(i.I2C_WaitOnSTOPFlagUntilTimeout)
    i.I2C_WaitOnTXISFlagUntilTimeout         0x08002e7a   Section        0  stm32f0xx_hal_i2c.o(i.I2C_WaitOnTXISFlagUntilTimeout)
    I2C_WaitOnTXISFlagUntilTimeout           0x08002e7b   Thumb Code   110  stm32f0xx_hal_i2c.o(i.I2C_WaitOnTXISFlagUntilTimeout)
    i.LOGGER_Delete                          0x08002ee8   Section        0  logger.o(i.LOGGER_Delete)
    i.LOGGER_Init                            0x08002fac   Section        0  logger.o(i.LOGGER_Init)
    i.LOGGER_Read                            0x08003120   Section        0  logger.o(i.LOGGER_Read)
    i.LOGGER_Service                         0x080031b0   Section        0  logger.o(i.LOGGER_Service)
    i.LOGGER_Write                           0x080031f0   Section        0  logger.o(i.LOGGER_Write)
    i.MX_CRC_Init                            0x08003354   Section        0  main.o(i.MX_CRC_Init)
    MX_CRC_Init                              0x08003355   Thumb Code    42  main.o(i.MX_CRC_Init)
    i.MX_GPIO_Init                           0x08003388   Section        0  main.o(i.MX_GPIO_Init)
    MX_GPIO_Init                             0x08003389   Thumb Code   234  main.o(i.MX_GPIO_Init)
    i.MX_I2C1_Init                           0x08003480   Section        0  main.o(i.MX_I2C1_Init)
    MX_I2C1_Init                             0x08003481   Thumb Code    98  main.o(i.MX_I2C1_Init)
    i.MX_IWDG_Init                           0x080034f4   Section        0  main.o(i.MX_IWDG_Init)
    MX_IWDG_Init                             0x080034f5   Thumb Code    34  main.o(i.MX_IWDG_Init)
    i.MX_RTC_Init                            0x08003524   Section        0  main.o(i.MX_RTC_Init)
    MX_RTC_Init                              0x08003525   Thumb Code    44  main.o(i.MX_RTC_Init)
    i.MX_TIM14_Init                          0x08003558   Section        0  main.o(i.MX_TIM14_Init)
    MX_TIM14_Init                            0x08003559   Thumb Code    56  main.o(i.MX_TIM14_Init)
    i.MX_USART1_UART_Init                    0x0800359c   Section        0  main.o(i.MX_USART1_UART_Init)
    MX_USART1_UART_Init                      0x0800359d   Thumb Code    90  main.o(i.MX_USART1_UART_Init)
    i.ParityCheck                            0x08003608   Section        0  main.o(i.ParityCheck)
    ParityCheck                              0x08003609   Thumb Code   128  main.o(i.ParityCheck)
    i.RTC_Bcd2ToByte                         0x0800368c   Section        0  stm32f0xx_hal_rtc.o(i.RTC_Bcd2ToByte)
    i.RTC_ByteToBcd2                         0x080036a6   Section        0  stm32f0xx_hal_rtc.o(i.RTC_ByteToBcd2)
    i.RTC_EnterInitMode                      0x080036c0   Section        0  stm32f0xx_hal_rtc.o(i.RTC_EnterInitMode)
    i.RTC_ExitInitMode                       0x08003710   Section        0  stm32f0xx_hal_rtc.o(i.RTC_ExitInitMode)
    i.Str2Hex                                0x08003742   Section        0  common.o(i.Str2Hex)
    i.SysTick_Handler                        0x08003808   Section        0  stm32f0xx_it.o(i.SysTick_Handler)
    i.SystemClock_Config                     0x0800382c   Section        0  main.o(i.SystemClock_Config)
    i.TIM_Base_SetConfig                     0x080038c0   Section        0  stm32f0xx_hal_tim.o(i.TIM_Base_SetConfig)
    i.UART_AdvFeatureConfig                  0x08003960   Section        0  stm32f0xx_hal_uart.o(i.UART_AdvFeatureConfig)
    i.UART_CheckIdleState                    0x08003a50   Section        0  stm32f0xx_hal_uart.o(i.UART_CheckIdleState)
    i.UART_DMAAbortOnError                   0x08003b50   Section        0  stm32f0xx_hal_uart.o(i.UART_DMAAbortOnError)
    UART_DMAAbortOnError                     0x08003b51   Thumb Code    24  stm32f0xx_hal_uart.o(i.UART_DMAAbortOnError)
    i.UART_EndRxTransfer                     0x08003b68   Section        0  stm32f0xx_hal_uart.o(i.UART_EndRxTransfer)
    UART_EndRxTransfer                       0x08003b69   Thumb Code   128  stm32f0xx_hal_uart.o(i.UART_EndRxTransfer)
    i.UART_EndTransmit_IT                    0x08003be8   Section        0  stm32f0xx_hal_uart.o(i.UART_EndTransmit_IT)
    UART_EndTransmit_IT                      0x08003be9   Thumb Code    54  stm32f0xx_hal_uart.o(i.UART_EndTransmit_IT)
    i.UART_RxISR_16BIT                       0x08003c1e   Section        0  stm32f0xx_hal_uart.o(i.UART_RxISR_16BIT)
    UART_RxISR_16BIT                         0x08003c1f   Thumb Code   282  stm32f0xx_hal_uart.o(i.UART_RxISR_16BIT)
    i.UART_RxISR_8BIT                        0x08003d38   Section        0  stm32f0xx_hal_uart.o(i.UART_RxISR_8BIT)
    UART_RxISR_8BIT                          0x08003d39   Thumb Code   282  stm32f0xx_hal_uart.o(i.UART_RxISR_8BIT)
    i.UART_SetConfig                         0x08003e54   Section        0  stm32f0xx_hal_uart.o(i.UART_SetConfig)
    i.UART_Start_Receive_IT                  0x08003fd4   Section        0  stm32f0xx_hal_uart.o(i.UART_Start_Receive_IT)
    i.UART_WaitOnFlagUntilTimeout            0x080040d4   Section        0  stm32f0xx_hal_uart.o(i.UART_WaitOnFlagUntilTimeout)
    i.USART1_IRQHandler                      0x08004188   Section        0  stm32f0xx_it.o(i.USART1_IRQHandler)
    i.__ARM_common_ll_muluu                  0x08004198   Section        0  stm32f0xx_hal_rcc.o(i.__ARM_common_ll_muluu)
    i.__ARM_common_switch8                   0x080041c8   Section        0  rfid.o(i.__ARM_common_switch8)
    i.__NVIC_SetPriority                     0x080041e4   Section        0  stm32f0xx_hal_cortex.o(i.__NVIC_SetPriority)
    __NVIC_SetPriority                       0x080041e5   Thumb Code   110  stm32f0xx_hal_cortex.o(i.__NVIC_SetPriority)
    i.__get_PRIMASK                          0x0800425c   Section        0  stm32f0xx_hal_uart.o(i.__get_PRIMASK)
    __get_PRIMASK                            0x0800425d   Thumb Code     6  stm32f0xx_hal_uart.o(i.__get_PRIMASK)
    i.__scatterload_copy                     0x08004262   Section       14  handlers.o(i.__scatterload_copy)
    i.__scatterload_null                     0x08004270   Section        2  handlers.o(i.__scatterload_null)
    i.__scatterload_zeroinit                 0x08004272   Section       14  handlers.o(i.__scatterload_zeroinit)
    i.__set_PRIMASK                          0x08004280   Section        0  stm32f0xx_hal_uart.o(i.__set_PRIMASK)
    __set_PRIMASK                            0x08004281   Thumb Code     6  stm32f0xx_hal_uart.o(i.__set_PRIMASK)
    i.card_blocked                           0x08004288   Section        0  main.o(i.card_blocked)
    card_blocked                             0x08004289   Thumb Code    92  main.o(i.card_blocked)
    i.card_invalid                           0x08004310   Section        0  main.o(i.card_invalid)
    card_invalid                             0x08004311   Thumb Code    90  main.o(i.card_invalid)
    i.card_valid                             0x08004398   Section        0  main.o(i.card_valid)
    card_valid                               0x08004399   Thumb Code   106  main.o(i.card_valid)
    i.delete_all_cards                       0x08004434   Section        0  main.o(i.delete_all_cards)
    delete_all_cards                         0x08004435   Thumb Code   102  main.o(i.delete_all_cards)
    i.delete_all_events                      0x080044a8   Section        0  main.o(i.delete_all_events)
    delete_all_events                        0x080044a9   Thumb Code   102  main.o(i.delete_all_events)
    i.delete_card                            0x08004518   Section        0  main.o(i.delete_card)
    delete_card                              0x08004519   Thumb Code   212  main.o(i.delete_card)
    i.enable_rfid_receiver                   0x080045f4   Section        0  main.o(i.enable_rfid_receiver)
    enable_rfid_receiver                     0x080045f5   Thumb Code    16  main.o(i.enable_rfid_receiver)
    i.enable_rs485_receiver                  0x08004608   Section        0  main.o(i.enable_rs485_receiver)
    enable_rs485_receiver                    0x08004609   Thumb Code    80  main.o(i.enable_rs485_receiver)
    i.find_card                              0x08004668   Section        0  main.o(i.find_card)
    find_card                                0x08004669   Thumb Code   126  main.o(i.find_card)
    i.init                                   0x080046ec   Section        0  main.o(i.init)
    init                                     0x080046ed   Thumb Code   444  main.o(i.init)
    i.main                                   0x080048c8   Section        0  main.o(i.main)
    i.mem_comp                               0x08004bbc   Section        0  common.o(i.mem_comp)
    i.mem_copy                               0x08004bec   Section        0  common.o(i.mem_copy)
    i.mem_set                                0x08004c06   Section        0  common.o(i.mem_set)
    i.new_event                              0x08004c18   Section        0  main.o(i.new_event)
    new_event                                0x08004c19   Thumb Code   326  main.o(i.new_event)
    i.rfid_end_read_tag                      0x08004d78   Section        0  rfid.o(i.rfid_end_read_tag)
    i.rfid_process                           0x08004d88   Section        0  rfid.o(i.rfid_process)
    i.rfid_read_tag                          0x08004f38   Section        0  rfid.o(i.rfid_read_tag)
    i.rfid_start_read_tag                    0x08004f44   Section        0  rfid.o(i.rfid_start_read_tag)
    i.rfid_tx_rx_byte                        0x080050cc   Section        0  rfid.o(i.rfid_tx_rx_byte)
    i.rs485                                  0x0800577c   Section        0  main.o(i.rs485)
    rs485                                    0x0800577d   Thumb Code   728  main.o(i.rs485)
    i.save_door_tmr                          0x08005a88   Section        0  main.o(i.save_door_tmr)
    save_door_tmr                            0x08005a89   Thumb Code    84  main.o(i.save_door_tmr)
    i.save_flags                             0x08005ae4   Section        0  main.o(i.save_flags)
    save_flags                               0x08005ae5   Thumb Code    74  main.o(i.save_flags)
    i.status                                 0x08005b38   Section        0  main.o(i.status)
    i.write_card                             0x08005fd4   Section        0  main.o(i.write_card)
    write_card                               0x08005fd5   Thumb Code   222  main.o(i.write_card)
    .constdata                               0x080060bc   Section       32  stm32f0xx_hal_rcc.o(.constdata)
    aPLLMULFactorTable                       0x080060bc   Data          16  stm32f0xx_hal_rcc.o(.constdata)
    aPredivFactorTable                       0x080060cc   Data          16  stm32f0xx_hal_rcc.o(.constdata)
    .constdata                               0x080060dc   Section       24  system_stm32f0xx.o(.constdata)
    .data                                    0x20000000   Section       24  logger.o(.data)
    logger_next_log_address                  0x20000008   Data           4  logger.o(.data)
    logger_next_log_id                       0x2000000c   Data           4  logger.o(.data)
    logger_tmr                               0x20000010   Data           4  logger.o(.data)
    .data                                    0x20000018   Section        8  rfid.o(.data)
    .data                                    0x20000020   Section       77  main.o(.data)
    rsadd                                    0x20000025   Data           1  main.o(.data)
    rscnt                                    0x20000026   Data           1  main.o(.data)
    door_time                                0x20000028   Data           4  main.o(.data)
    card_cnt                                 0x2000002c   Data           2  main.o(.data)
    buzz_cnt                                 0x2000002e   Data           1  main.o(.data)
    sta_cnt                                  0x2000002f   Data           1  main.o(.data)
    door_cnt                                 0x20000030   Data           1  main.o(.data)
    led_cnt                                  0x20000031   Data           1  main.o(.data)
    buzz_tmr                                 0x20000034   Data           4  main.o(.data)
    sta_tmr                                  0x20000038   Data           4  main.o(.data)
    door_tmr                                 0x2000003c   Data           4  main.o(.data)
    led_tmr                                  0x20000040   Data           4  main.o(.data)
    rstmr                                    0x20000044   Data           4  main.o(.data)
    rstmr2                                   0x20000048   Data           4  main.o(.data)
    rdcnt                                    0x2000004c   Data           1  main.o(.data)
    card_id_buffer                           0x2000004d   Data           6  main.o(.data)
    card_id_buffer2                          0x20000053   Data           6  main.o(.data)
    card_id_buffer3                          0x20000059   Data           6  main.o(.data)
    bit_cnt                                  0x2000005f   Data           1  main.o(.data)
    byte_cnt                                 0x20000060   Data           1  main.o(.data)
    if_flag                                  0x20000061   Data           1  main.o(.data)
    shift                                    0x20000062   Data           1  main.o(.data)
    door                                     0x20000063   Data           1  main.o(.data)
    state                                    0x20000064   Data           1  main.o(.data)
    led                                      0x20000065   Data           1  main.o(.data)
    buzz                                     0x20000066   Data           1  main.o(.data)
    RFID_State                               0x20000067   Data           1  main.o(.data)
    add                                      0x20000068   Data           4  main.o(.data)
    i                                        0x2000006c   Data           1  main.o(.data)
    .data                                    0x20000070   Section        9  stm32f0xx_hal.o(.data)
    .data                                    0x2000007c   Section        4  system_stm32f0xx.o(.data)
    .bss                                     0x20000080   Section      512  main.o(.bss)
    rsbuf                                    0x20000204   Data          64  main.o(.bss)
    raw_data_buffer                          0x20000244   Data          12  main.o(.bss)
    buf                                      0x20000250   Data          16  main.o(.bss)
    resp                                     0x20000260   Data          32  main.o(.bss)
    STACK                                    0x20000280   Section     1024  startup_stm32f030x6.o(STACK)

    Global Symbols

    Symbol Name                              Value     Ov Type        Size  Object(Section)

    BuildAttributes$$THM_ISAv3M$S$PE$A:L22$X:L11$S22$IEEE1$IW$USESV6$~STKCKD$USESV7$~SHL$OSPACE$EBA8$MICROLIB$REQ8$PRES8$EABIv2 0x00000000   Number         0  anon$$obj.o ABSOLUTE
    __ARM_use_no_argv                        0x00000000   Number         0  main.o ABSOLUTE
    __cpp_initialize__aeabi_                  - Undefined Weak Reference
    __cxa_finalize                            - Undefined Weak Reference
    __decompress                              - Undefined Weak Reference
    _clock_init                               - Undefined Weak Reference
    _microlib_exit                            - Undefined Weak Reference
    __Vectors_Size                           0x000000b0   Number         0  startup_stm32f030x6.o ABSOLUTE
    __Vectors                                0x08000000   Data           4  startup_stm32f030x6.o(RESET)
    __Vectors_End                            0x080000b0   Data           0  startup_stm32f030x6.o(RESET)
    __main                                   0x080000b1   Thumb Code     0  entry.o(.ARM.Collect$$$$00000000)
    _main_stk                                0x080000b1   Thumb Code     0  entry2.o(.ARM.Collect$$$$00000001)
    _main_scatterload                        0x080000b5   Thumb Code     0  entry5.o(.ARM.Collect$$$$00000004)
    __main_after_scatterload                 0x080000b9   Thumb Code     0  entry5.o(.ARM.Collect$$$$00000004)
    _main_clock                              0x080000b9   Thumb Code     0  entry7b.o(.ARM.Collect$$$$00000008)
    _main_cpp_init                           0x080000b9   Thumb Code     0  entry8b.o(.ARM.Collect$$$$0000000A)
    _main_init                               0x080000b9   Thumb Code     0  entry9a.o(.ARM.Collect$$$$0000000B)
    __rt_final_cpp                           0x080000c1   Thumb Code     0  entry10a.o(.ARM.Collect$$$$0000000D)
    __rt_final_exit                          0x080000c1   Thumb Code     0  entry11a.o(.ARM.Collect$$$$0000000F)
    Reset_Handler                            0x080000c5   Thumb Code     8  startup_stm32f030x6.o(.text)
    ADC1_IRQHandler                          0x080000d7   Thumb Code     0  startup_stm32f030x6.o(.text)
    DMA1_Channel1_IRQHandler                 0x080000d7   Thumb Code     0  startup_stm32f030x6.o(.text)
    DMA1_Channel2_3_IRQHandler               0x080000d7   Thumb Code     0  startup_stm32f030x6.o(.text)
    DMA1_Channel4_5_IRQHandler               0x080000d7   Thumb Code     0  startup_stm32f030x6.o(.text)
    EXTI0_1_IRQHandler                       0x080000d7   Thumb Code     0  startup_stm32f030x6.o(.text)
    EXTI2_3_IRQHandler                       0x080000d7   Thumb Code     0  startup_stm32f030x6.o(.text)
    FLASH_IRQHandler                         0x080000d7   Thumb Code     0  startup_stm32f030x6.o(.text)
    I2C1_IRQHandler                          0x080000d7   Thumb Code     0  startup_stm32f030x6.o(.text)
    RCC_IRQHandler                           0x080000d7   Thumb Code     0  startup_stm32f030x6.o(.text)
    RTC_IRQHandler                           0x080000d7   Thumb Code     0  startup_stm32f030x6.o(.text)
    SPI1_IRQHandler                          0x080000d7   Thumb Code     0  startup_stm32f030x6.o(.text)
    TIM16_IRQHandler                         0x080000d7   Thumb Code     0  startup_stm32f030x6.o(.text)
    TIM17_IRQHandler                         0x080000d7   Thumb Code     0  startup_stm32f030x6.o(.text)
    TIM1_BRK_UP_TRG_COM_IRQHandler           0x080000d7   Thumb Code     0  startup_stm32f030x6.o(.text)
    TIM1_CC_IRQHandler                       0x080000d7   Thumb Code     0  startup_stm32f030x6.o(.text)
    TIM3_IRQHandler                          0x080000d7   Thumb Code     0  startup_stm32f030x6.o(.text)
    WWDG_IRQHandler                          0x080000d7   Thumb Code     0  startup_stm32f030x6.o(.text)
    __aeabi_uidiv                            0x080000e1   Thumb Code     0  uidiv.o(.text)
    __aeabi_uidivmod                         0x080000e1   Thumb Code    44  uidiv.o(.text)
    __aeabi_uldivmod                         0x0800010d   Thumb Code    96  uldiv.o(.text)
    __aeabi_llsr                             0x0800016d   Thumb Code    34  llushr.o(.text)
    _ll_ushift_r                             0x0800016d   Thumb Code     0  llushr.o(.text)
    __aeabi_memset                           0x0800018f   Thumb Code    14  memseta.o(.text)
    __aeabi_memset4                          0x0800018f   Thumb Code     0  memseta.o(.text)
    __aeabi_memset8                          0x0800018f   Thumb Code     0  memseta.o(.text)
    __aeabi_memclr                           0x0800019d   Thumb Code     4  memseta.o(.text)
    __aeabi_memclr4                          0x0800019d   Thumb Code     0  memseta.o(.text)
    __aeabi_memclr8                          0x0800019d   Thumb Code     0  memseta.o(.text)
    _memset$wrapper                          0x080001a1   Thumb Code    18  memseta.o(.text)
    __aeabi_llsl                             0x080001b3   Thumb Code    32  llshl.o(.text)
    _ll_shift_l                              0x080001b3   Thumb Code     0  llshl.o(.text)
    __scatterload                            0x080001d5   Thumb Code    28  init.o(.text)
    __scatterload_rt2                        0x080001d5   Thumb Code     0  init.o(.text)
    EXTI4_15_IRQHandler                      0x080001f9   Thumb Code    16  stm32f0xx_it.o(i.EXTI4_15_IRQHandler)
    Error_Handler                            0x08000209   Thumb Code    44  main.o(i.Error_Handler)
    HAL_CRC_Init                             0x08000249   Thumb Code    90  stm32f0xx_hal_crc.o(i.HAL_CRC_Init)
    HAL_CRC_MspDeInit                        0x080002a5   Thumb Code    22  stm32f0xx_hal_msp.o(i.HAL_CRC_MspDeInit)
    HAL_CRC_MspInit                          0x080002c5   Thumb Code    40  stm32f0xx_hal_msp.o(i.HAL_CRC_MspInit)
    HAL_DMA_Abort                            0x080002f5   Thumb Code    82  stm32f0xx_hal_dma.o(i.HAL_DMA_Abort)
    HAL_DMA_Abort_IT                         0x08000347   Thumb Code    88  stm32f0xx_hal_dma.o(i.HAL_DMA_Abort_IT)
    HAL_DMA_GetError                         0x0800039f   Thumb Code     6  stm32f0xx_hal_dma.o(i.HAL_DMA_GetError)
    HAL_DeInit                               0x080003a5   Thumb Code    38  stm32f0xx_hal.o(i.HAL_DeInit)
    HAL_Delay                                0x080003d1   Thumb Code    38  stm32f0xx_hal.o(i.HAL_Delay)
    HAL_GPIO_DeInit                          0x080003fd   Thumb Code   244  stm32f0xx_hal_gpio.o(i.HAL_GPIO_DeInit)
    HAL_GPIO_EXTI_Callback                   0x08000505   Thumb Code    38  main.o(i.HAL_GPIO_EXTI_Callback)
    HAL_GPIO_EXTI_IRQHandler                 0x08000539   Thumb Code    26  stm32f0xx_hal_gpio.o(i.HAL_GPIO_EXTI_IRQHandler)
    HAL_GPIO_Init                            0x08000559   Thumb Code   470  stm32f0xx_hal_gpio.o(i.HAL_GPIO_Init)
    HAL_GPIO_ReadPin                         0x08000749   Thumb Code    18  stm32f0xx_hal_gpio.o(i.HAL_GPIO_ReadPin)
    HAL_GPIO_WritePin                        0x0800075b   Thumb Code    12  stm32f0xx_hal_gpio.o(i.HAL_GPIO_WritePin)
    HAL_GetTick                              0x08000769   Thumb Code     6  stm32f0xx_hal.o(i.HAL_GetTick)
    HAL_I2CEx_ConfigAnalogFilter             0x08000775   Thumb Code   110  stm32f0xx_hal_i2c_ex.o(i.HAL_I2CEx_ConfigAnalogFilter)
    HAL_I2CEx_ConfigDigitalFilter            0x080007e3   Thumb Code   112  stm32f0xx_hal_i2c_ex.o(i.HAL_I2CEx_ConfigDigitalFilter)
    HAL_I2C_Init                             0x08000855   Thumb Code   232  stm32f0xx_hal_i2c.o(i.HAL_I2C_Init)
    HAL_I2C_IsDeviceReady                    0x08000941   Thumb Code   390  stm32f0xx_hal_i2c.o(i.HAL_I2C_IsDeviceReady)
    HAL_I2C_Master_Receive                   0x08000ac9   Thumb Code   354  stm32f0xx_hal_i2c.o(i.HAL_I2C_Master_Receive)
    HAL_I2C_Master_Transmit                  0x08000c35   Thumb Code   396  stm32f0xx_hal_i2c.o(i.HAL_I2C_Master_Transmit)
    HAL_I2C_MspDeInit                        0x08000dc9   Thumb Code    50  stm32f0xx_hal_msp.o(i.HAL_I2C_MspDeInit)
    HAL_I2C_MspInit                          0x08000e05   Thumb Code   122  stm32f0xx_hal_msp.o(i.HAL_I2C_MspInit)
    HAL_IWDG_Init                            0x08000e89   Thumb Code   110  stm32f0xx_hal_iwdg.o(i.HAL_IWDG_Init)
    HAL_IWDG_Refresh                         0x08000f05   Thumb Code    12  stm32f0xx_hal_iwdg.o(i.HAL_IWDG_Refresh)
    HAL_IncTick                              0x08000f15   Thumb Code    16  stm32f0xx_hal.o(i.HAL_IncTick)
    HAL_Init                                 0x08000f2d   Thumb Code    28  stm32f0xx_hal.o(i.HAL_Init)
    HAL_InitTick                             0x08000f4d   Thumb Code    70  stm32f0xx_hal.o(i.HAL_InitTick)
    HAL_MspDeInit                            0x08000fa1   Thumb Code     2  stm32f0xx_hal.o(i.HAL_MspDeInit)
    HAL_MspInit                              0x08000fa5   Thumb Code    60  stm32f0xx_hal_msp.o(i.HAL_MspInit)
    HAL_NVIC_ClearPendingIRQ                 0x08000fe5   Thumb Code    22  stm32f0xx_hal_cortex.o(i.HAL_NVIC_ClearPendingIRQ)
    HAL_NVIC_DisableIRQ                      0x08001001   Thumb Code    54  stm32f0xx_hal_cortex.o(i.HAL_NVIC_DisableIRQ)
    HAL_NVIC_EnableIRQ                       0x0800103d   Thumb Code    22  stm32f0xx_hal_cortex.o(i.HAL_NVIC_EnableIRQ)
    HAL_NVIC_SetPriority                     0x08001059   Thumb Code    18  stm32f0xx_hal_cortex.o(i.HAL_NVIC_SetPriority)
    HAL_NVIC_SystemReset                     0x0800106d   Thumb Code    48  stm32f0xx_hal_cortex.o(i.HAL_NVIC_SystemReset)
    HAL_RCCEx_PeriphCLKConfig                0x080010a5   Thumb Code   322  stm32f0xx_hal_rcc_ex.o(i.HAL_RCCEx_PeriphCLKConfig)
    HAL_RCC_ClockConfig                      0x080011f5   Thumb Code   342  stm32f0xx_hal_rcc.o(i.HAL_RCC_ClockConfig)
    HAL_RCC_GetHCLKFreq                      0x08001361   Thumb Code     6  stm32f0xx_hal_rcc.o(i.HAL_RCC_GetHCLKFreq)
    HAL_RCC_GetPCLK1Freq                     0x0800136d   Thumb Code    26  stm32f0xx_hal_rcc.o(i.HAL_RCC_GetPCLK1Freq)
    HAL_RCC_GetSysClockFreq                  0x08001391   Thumb Code   130  stm32f0xx_hal_rcc.o(i.HAL_RCC_GetSysClockFreq)
    HAL_RCC_OscConfig                        0x08001429   Thumb Code  1416  stm32f0xx_hal_rcc.o(i.HAL_RCC_OscConfig)
    HAL_RS485Ex_Init                         0x080019b5   Thumb Code   150  stm32f0xx_hal_uart_ex.o(i.HAL_RS485Ex_Init)
    HAL_RTC_GetDate                          0x08001a51   Thumb Code    88  stm32f0xx_hal_rtc.o(i.HAL_RTC_GetDate)
    HAL_RTC_GetTime                          0x08001aad   Thumb Code   104  stm32f0xx_hal_rtc.o(i.HAL_RTC_GetTime)
    HAL_RTC_Init                             0x08001b19   Thumb Code   188  stm32f0xx_hal_rtc.o(i.HAL_RTC_Init)
    HAL_RTC_MspDeInit                        0x08001bd9   Thumb Code    22  stm32f0xx_hal_msp.o(i.HAL_RTC_MspDeInit)
    HAL_RTC_MspInit                          0x08001bf9   Thumb Code    22  stm32f0xx_hal_msp.o(i.HAL_RTC_MspInit)
    HAL_RTC_SetDate                          0x08001c19   Thumb Code   196  stm32f0xx_hal_rtc.o(i.HAL_RTC_SetDate)
    HAL_RTC_SetTime                          0x08001ce1   Thumb Code   242  stm32f0xx_hal_rtc.o(i.HAL_RTC_SetTime)
    HAL_RTC_WaitForSynchro                   0x08001dd9   Thumb Code    54  stm32f0xx_hal_rtc.o(i.HAL_RTC_WaitForSynchro)
    HAL_SYSTICK_Config                       0x08001e15   Thumb Code    46  stm32f0xx_hal_cortex.o(i.HAL_SYSTICK_Config)
    HAL_TIMEx_BreakCallback                  0x08001e4d   Thumb Code     2  stm32f0xx_hal_tim_ex.o(i.HAL_TIMEx_BreakCallback)
    HAL_TIMEx_CommutCallback                 0x08001e4f   Thumb Code     2  stm32f0xx_hal_tim_ex.o(i.HAL_TIMEx_CommutCallback)
    HAL_TIM_Base_Init                        0x08001e51   Thumb Code   100  stm32f0xx_hal_tim.o(i.HAL_TIM_Base_Init)
    HAL_TIM_Base_MspDeInit                   0x08001eb5   Thumb Code    32  stm32f0xx_hal_msp.o(i.HAL_TIM_Base_MspDeInit)
    HAL_TIM_Base_MspInit                     0x08001edd   Thumb Code    58  stm32f0xx_hal_msp.o(i.HAL_TIM_Base_MspInit)
    HAL_TIM_Base_Start_IT                    0x08001f21   Thumb Code    90  stm32f0xx_hal_tim.o(i.HAL_TIM_Base_Start_IT)
    HAL_TIM_Base_Stop_IT                     0x08001f85   Thumb Code    64  stm32f0xx_hal_tim.o(i.HAL_TIM_Base_Stop_IT)
    HAL_TIM_IC_CaptureCallback               0x08001fc9   Thumb Code     2  stm32f0xx_hal_tim.o(i.HAL_TIM_IC_CaptureCallback)
    HAL_TIM_OC_DelayElapsedCallback          0x08001fcb   Thumb Code     2  stm32f0xx_hal_tim.o(i.HAL_TIM_OC_DelayElapsedCallback)
    HAL_TIM_PWM_PulseFinishedCallback        0x08001fcd   Thumb Code     2  stm32f0xx_hal_tim.o(i.HAL_TIM_PWM_PulseFinishedCallback)
    HAL_TIM_TriggerCallback                  0x08001fcf   Thumb Code     2  stm32f0xx_hal_tim.o(i.HAL_TIM_TriggerCallback)
    HAL_UARTEx_RxEventCallback               0x08001fd1   Thumb Code     2  stm32f0xx_hal_uart.o(i.HAL_UARTEx_RxEventCallback)
    HAL_UART_ErrorCallback                   0x08001fd3   Thumb Code    10  main.o(i.HAL_UART_ErrorCallback)
    HAL_UART_TxCpltCallback                  0x08001fdd   Thumb Code     2  main.o(i.HAL_UART_TxCpltCallback)
    HardFault_Handler                        0x08001fdf   Thumb Code     4  stm32f0xx_it.o(i.HardFault_Handler)
    NMI_Handler                              0x08001fe3   Thumb Code     4  stm32f0xx_it.o(i.NMI_Handler)
    PendSV_Handler                           0x08001fe7   Thumb Code     2  stm32f0xx_it.o(i.PendSV_Handler)
    SVC_Handler                              0x08001fe9   Thumb Code     2  stm32f0xx_it.o(i.SVC_Handler)
    SystemInit                               0x08001feb   Thumb Code     2  system_stm32f0xx.o(i.SystemInit)
    TIM14_IRQHandler                         0x08001fed   Thumb Code    16  stm32f0xx_it.o(i.TIM14_IRQHandler)
    size                                     0x08002000   Data           4  common.o(.ARM.__at_0x08002000)
    crc_32                                   0x08002004   Data           4  common.o(.ARM.__at_0x08002004)
    version                                  0x08002008   Data           4  common.o(.ARM.__at_0x08002008)
    address                                  0x0800200c   Data           4  common.o(.ARM.__at_0x0800200C)
    HAL_TIM_IRQHandler                       0x08002011   Thumb Code   366  stm32f0xx_hal_tim.o(i.HAL_TIM_IRQHandler)
    HAL_TIM_PeriodElapsedCallback            0x08002181   Thumb Code   254  main.o(i.HAL_TIM_PeriodElapsedCallback)
    HAL_UART_AbortReceive                    0x080022a5   Thumb Code   240  stm32f0xx_hal_uart.o(i.HAL_UART_AbortReceive)
    HAL_UART_IRQHandler                      0x08002395   Thumb Code   928  stm32f0xx_hal_uart.o(i.HAL_UART_IRQHandler)
    HAL_UART_MspDeInit                       0x08002741   Thumb Code    44  stm32f0xx_hal_msp.o(i.HAL_UART_MspDeInit)
    HAL_UART_MspInit                         0x08002775   Thumb Code   134  stm32f0xx_hal_msp.o(i.HAL_UART_MspInit)
    HAL_UART_Receive                         0x08002805   Thumb Code   300  stm32f0xx_hal_uart.o(i.HAL_UART_Receive)
    HAL_UART_Receive_IT                      0x08002935   Thumb Code   126  stm32f0xx_hal_uart.o(i.HAL_UART_Receive_IT)
    HAL_UART_RxCpltCallback                  0x080029b5   Thumb Code    58  main.o(i.HAL_UART_RxCpltCallback)
    HAL_UART_Transmit                        0x08002a05   Thumb Code   232  stm32f0xx_hal_uart.o(i.HAL_UART_Transmit)
    LOGGER_Delete                            0x08002ee9   Thumb Code   176  logger.o(i.LOGGER_Delete)
    LOGGER_Init                              0x08002fad   Thumb Code   338  logger.o(i.LOGGER_Init)
    LOGGER_Read                              0x08003121   Thumb Code   128  logger.o(i.LOGGER_Read)
    LOGGER_Service                           0x080031b1   Thumb Code    56  logger.o(i.LOGGER_Service)
    LOGGER_Write                             0x080031f1   Thumb Code   316  logger.o(i.LOGGER_Write)
    RTC_Bcd2ToByte                           0x0800368d   Thumb Code    26  stm32f0xx_hal_rtc.o(i.RTC_Bcd2ToByte)
    RTC_ByteToBcd2                           0x080036a7   Thumb Code    26  stm32f0xx_hal_rtc.o(i.RTC_ByteToBcd2)
    RTC_EnterInitMode                        0x080036c1   Thumb Code    80  stm32f0xx_hal_rtc.o(i.RTC_EnterInitMode)
    RTC_ExitInitMode                         0x08003711   Thumb Code    50  stm32f0xx_hal_rtc.o(i.RTC_ExitInitMode)
    Str2Hex                                  0x08003743   Thumb Code   196  common.o(i.Str2Hex)
    SysTick_Handler                          0x08003809   Thumb Code    30  stm32f0xx_it.o(i.SysTick_Handler)
    SystemClock_Config                       0x0800382d   Thumb Code   142  main.o(i.SystemClock_Config)
    TIM_Base_SetConfig                       0x080038c1   Thumb Code   140  stm32f0xx_hal_tim.o(i.TIM_Base_SetConfig)
    UART_AdvFeatureConfig                    0x08003961   Thumb Code   240  stm32f0xx_hal_uart.o(i.UART_AdvFeatureConfig)
    UART_CheckIdleState                      0x08003a51   Thumb Code   252  stm32f0xx_hal_uart.o(i.UART_CheckIdleState)
    UART_SetConfig                           0x08003e55   Thumb Code   368  stm32f0xx_hal_uart.o(i.UART_SetConfig)
    UART_Start_Receive_IT                    0x08003fd5   Thumb Code   244  stm32f0xx_hal_uart.o(i.UART_Start_Receive_IT)
    UART_WaitOnFlagUntilTimeout              0x080040d5   Thumb Code   180  stm32f0xx_hal_uart.o(i.UART_WaitOnFlagUntilTimeout)
    USART1_IRQHandler                        0x08004189   Thumb Code    10  stm32f0xx_it.o(i.USART1_IRQHandler)
    __ARM_common_ll_muluu                    0x08004199   Thumb Code    48  stm32f0xx_hal_rcc.o(i.__ARM_common_ll_muluu)
    __ARM_common_switch8                     0x080041c9   Thumb Code    28  rfid.o(i.__ARM_common_switch8)
    __scatterload_copy                       0x08004263   Thumb Code    14  handlers.o(i.__scatterload_copy)
    __scatterload_null                       0x08004271   Thumb Code     2  handlers.o(i.__scatterload_null)
    __scatterload_zeroinit                   0x08004273   Thumb Code    14  handlers.o(i.__scatterload_zeroinit)
    main                                     0x080048c9   Thumb Code   710  main.o(i.main)
    mem_comp                                 0x08004bbd   Thumb Code    48  common.o(i.mem_comp)
    mem_copy                                 0x08004bed   Thumb Code    26  common.o(i.mem_copy)
    mem_set                                  0x08004c07   Thumb Code    18  common.o(i.mem_set)
    rfid_end_read_tag                        0x08004d79   Thumb Code    16  rfid.o(i.rfid_end_read_tag)
    rfid_process                             0x08004d89   Thumb Code   404  rfid.o(i.rfid_process)
    rfid_read_tag                            0x08004f39   Thumb Code     8  rfid.o(i.rfid_read_tag)
    rfid_start_read_tag                      0x08004f45   Thumb Code   392  rfid.o(i.rfid_start_read_tag)
    rfid_tx_rx_byte                          0x080050cd   Thumb Code  1712  rfid.o(i.rfid_tx_rx_byte)
    status                                   0x08005b39   Thumb Code  1164  main.o(i.status)
    AHBPrescTable                            0x080060dc   Data          16  system_stm32f0xx.o(.constdata)
    APBPrescTable                            0x080060ec   Data           8  system_stm32f0xx.o(.constdata)
    Region$$Table$$Base                      0x080060f4   Number         0  anon$$obj.o(Region$$Table)
    Region$$Table$$Limit                     0x08006114   Number         0  anon$$obj.o(Region$$Table)
    logger                                   0x20000000   Data           5  logger.o(.data)
    logger_list_count                        0x20000014   Data           4  logger.o(.data)
    rfid_gain                                0x20000018   Data           1  rfid.o(.data)
    rfid_read_tag_pending                    0x20000019   Data           1  rfid.o(.data)
    rfid_read_tag_success                    0x2000001a   Data           1  rfid.o(.data)
    rfid_capture_state                       0x2000001b   Data           1  rfid.o(.data)
    rfid_bit_count                           0x2000001c   Data           1  rfid.o(.data)
    rfid_tries_count                         0x2000001d   Data           1  rfid.o(.data)
    rfid_state                               0x2000001e   Data           1  rfid.o(.data)
    rfid_1ms_timer                           0x2000001f   Data           1  rfid.o(.data)
    sysfl                                    0x20000020   Data           1  main.o(.data)
    rdate                                    0x20000021   Data           4  main.o(.data)
    uwTick                                   0x20000070   Data           4  stm32f0xx_hal.o(.data)
    uwTickPrio                               0x20000074   Data           4  stm32f0xx_hal.o(.data)
    uwTickFreq                               0x20000078   Data           1  stm32f0xx_hal.o(.data)
    SystemCoreClock                          0x2000007c   Data           4  system_stm32f0xx.o(.data)
    hcrc                                     0x20000080   Data          28  main.o(.bss)
    hi2c1                                    0x2000009c   Data          84  main.o(.bss)
    hiwdg                                    0x200000f0   Data          16  main.o(.bss)
    hrtc                                     0x20000100   Data          32  main.o(.bss)
    htim14                                   0x20000120   Data          72  main.o(.bss)
    huart1                                   0x20000168   Data         136  main.o(.bss)
    rtime                                    0x200001f0   Data          20  main.o(.bss)
    __initial_sp                             0x20000680   Data           0  startup_stm32f030x6.o(STACK)



==============================================================================

Memory Map of the image

  Image Entry point : 0x080000b1

  Load Region LR_IROM1 (Base: 0x08000000, Size: 0x00006194, Max: 0x00008000, ABSOLUTE)

    Execution Region ER_IROM1 (Exec base: 0x08000000, Load base: 0x08000000, Size: 0x00006114, Max: 0x00008000, ABSOLUTE)

    Exec Addr    Load Addr    Size         Type   Attr      Idx    E Section Name        Object

    0x08000000   0x08000000   0x000000b0   Data   RO            3    RESET               startup_stm32f030x6.o
    0x080000b0   0x080000b0   0x00000000   Code   RO         4085  * .ARM.Collect$$$$00000000  mc_p.l(entry.o)
    0x080000b0   0x080000b0   0x00000004   Code   RO         4096    .ARM.Collect$$$$00000001  mc_p.l(entry2.o)
    0x080000b4   0x080000b4   0x00000004   Code   RO         4099    .ARM.Collect$$$$00000004  mc_p.l(entry5.o)
    0x080000b8   0x080000b8   0x00000000   Code   RO         4101    .ARM.Collect$$$$00000008  mc_p.l(entry7b.o)
    0x080000b8   0x080000b8   0x00000000   Code   RO         4103    .ARM.Collect$$$$0000000A  mc_p.l(entry8b.o)
    0x080000b8   0x080000b8   0x00000008   Code   RO         4104    .ARM.Collect$$$$0000000B  mc_p.l(entry9a.o)
    0x080000c0   0x080000c0   0x00000000   Code   RO         4106    .ARM.Collect$$$$0000000D  mc_p.l(entry10a.o)
    0x080000c0   0x080000c0   0x00000000   Code   RO         4108    .ARM.Collect$$$$0000000F  mc_p.l(entry11a.o)
    0x080000c0   0x080000c0   0x00000004   Code   RO         4097    .ARM.Collect$$$$00002712  mc_p.l(entry2.o)
    0x080000c4   0x080000c4   0x0000001c   Code   RO            4    .text               startup_stm32f030x6.o
    0x080000e0   0x080000e0   0x0000002c   Code   RO         4088    .text               mc_p.l(uidiv.o)
    0x0800010c   0x0800010c   0x00000060   Code   RO         4090    .text               mc_p.l(uldiv.o)
    0x0800016c   0x0800016c   0x00000022   Code   RO         4092    .text               mc_p.l(llushr.o)
    0x0800018e   0x0800018e   0x00000024   Code   RO         4094    .text               mc_p.l(memseta.o)
    0x080001b2   0x080001b2   0x00000020   Code   RO         4110    .text               mc_p.l(llshl.o)
    0x080001d2   0x080001d2   0x00000002   PAD
    0x080001d4   0x080001d4   0x00000024   Code   RO         4112    .text               mc_p.l(init.o)
    0x080001f8   0x080001f8   0x00000010   Code   RO          638    i.EXTI4_15_IRQHandler  stm32f0xx_it.o
    0x08000208   0x08000208   0x00000040   Code   RO          439    i.Error_Handler     main.o
    0x08000248   0x08000248   0x0000005a   Code   RO          789    i.HAL_CRC_Init      stm32f0xx_hal_crc.o
    0x080002a2   0x080002a2   0x00000002   PAD
    0x080002a4   0x080002a4   0x00000020   Code   RO          703    i.HAL_CRC_MspDeInit  stm32f0xx_hal_msp.o
    0x080002c4   0x080002c4   0x00000030   Code   RO          704    i.HAL_CRC_MspInit   stm32f0xx_hal_msp.o
    0x080002f4   0x080002f4   0x00000052   Code   RO         1730    i.HAL_DMA_Abort     stm32f0xx_hal_dma.o
    0x08000346   0x08000346   0x00000058   Code   RO         1731    i.HAL_DMA_Abort_IT  stm32f0xx_hal_dma.o
    0x0800039e   0x0800039e   0x00000006   Code   RO         1733    i.HAL_DMA_GetError  stm32f0xx_hal_dma.o
    0x080003a4   0x080003a4   0x0000002c   Code   RO         1006    i.HAL_DeInit        stm32f0xx_hal.o
    0x080003d0   0x080003d0   0x0000002c   Code   RO         1007    i.HAL_Delay         stm32f0xx_hal.o
    0x080003fc   0x080003fc   0x00000108   Code   RO         1666    i.HAL_GPIO_DeInit   stm32f0xx_hal_gpio.o
    0x08000504   0x08000504   0x00000034   Code   RO          440    i.HAL_GPIO_EXTI_Callback  main.o
    0x08000538   0x08000538   0x00000020   Code   RO         1668    i.HAL_GPIO_EXTI_IRQHandler  stm32f0xx_hal_gpio.o
    0x08000558   0x08000558   0x000001f0   Code   RO         1669    i.HAL_GPIO_Init     stm32f0xx_hal_gpio.o
    0x08000748   0x08000748   0x00000012   Code   RO         1671    i.HAL_GPIO_ReadPin  stm32f0xx_hal_gpio.o
    0x0800075a   0x0800075a   0x0000000c   Code   RO         1673    i.HAL_GPIO_WritePin  stm32f0xx_hal_gpio.o
    0x08000766   0x08000766   0x00000002   PAD
    0x08000768   0x08000768   0x0000000c   Code   RO         1011    i.HAL_GetTick       stm32f0xx_hal.o
    0x08000774   0x08000774   0x0000006e   Code   RO         1628    i.HAL_I2CEx_ConfigAnalogFilter  stm32f0xx_hal_i2c_ex.o
    0x080007e2   0x080007e2   0x00000070   Code   RO         1629    i.HAL_I2CEx_ConfigDigitalFilter  stm32f0xx_hal_i2c_ex.o
    0x08000852   0x08000852   0x00000002   PAD
    0x08000854   0x08000854   0x000000ec   Code   RO         1171    i.HAL_I2C_Init      stm32f0xx_hal_i2c.o
    0x08000940   0x08000940   0x00000186   Code   RO         1172    i.HAL_I2C_IsDeviceReady  stm32f0xx_hal_i2c.o
    0x08000ac6   0x08000ac6   0x00000002   PAD
    0x08000ac8   0x08000ac8   0x0000016c   Code   RO         1177    i.HAL_I2C_Master_Receive  stm32f0xx_hal_i2c.o
    0x08000c34   0x08000c34   0x00000194   Code   RO         1184    i.HAL_I2C_Master_Transmit  stm32f0xx_hal_i2c.o
    0x08000dc8   0x08000dc8   0x0000003c   Code   RO          705    i.HAL_I2C_MspDeInit  stm32f0xx_hal_msp.o
    0x08000e04   0x08000e04   0x00000084   Code   RO          706    i.HAL_I2C_MspInit   stm32f0xx_hal_msp.o
    0x08000e88   0x08000e88   0x0000007c   Code   RO         2287    i.HAL_IWDG_Init     stm32f0xx_hal_iwdg.o
    0x08000f04   0x08000f04   0x00000010   Code   RO         2288    i.HAL_IWDG_Refresh  stm32f0xx_hal_iwdg.o
    0x08000f14   0x08000f14   0x00000018   Code   RO         1017    i.HAL_IncTick       stm32f0xx_hal.o
    0x08000f2c   0x08000f2c   0x00000020   Code   RO         1018    i.HAL_Init          stm32f0xx_hal.o
    0x08000f4c   0x08000f4c   0x00000054   Code   RO         1019    i.HAL_InitTick      stm32f0xx_hal.o
    0x08000fa0   0x08000fa0   0x00000002   Code   RO         1020    i.HAL_MspDeInit     stm32f0xx_hal.o
    0x08000fa2   0x08000fa2   0x00000002   PAD
    0x08000fa4   0x08000fa4   0x00000040   Code   RO          707    i.HAL_MspInit       stm32f0xx_hal_msp.o
    0x08000fe4   0x08000fe4   0x0000001c   Code   RO         1824    i.HAL_NVIC_ClearPendingIRQ  stm32f0xx_hal_cortex.o
    0x08001000   0x08001000   0x0000003c   Code   RO         1825    i.HAL_NVIC_DisableIRQ  stm32f0xx_hal_cortex.o
    0x0800103c   0x0800103c   0x0000001c   Code   RO         1826    i.HAL_NVIC_EnableIRQ  stm32f0xx_hal_cortex.o
    0x08001058   0x08001058   0x00000012   Code   RO         1830    i.HAL_NVIC_SetPriority  stm32f0xx_hal_cortex.o
    0x0800106a   0x0800106a   0x00000002   PAD
    0x0800106c   0x0800106c   0x00000038   Code   RO         1831    i.HAL_NVIC_SystemReset  stm32f0xx_hal_cortex.o
    0x080010a4   0x080010a4   0x00000150   Code   RO          972    i.HAL_RCCEx_PeriphCLKConfig  stm32f0xx_hal_rcc_ex.o
    0x080011f4   0x080011f4   0x0000016c   Code   RO          876    i.HAL_RCC_ClockConfig  stm32f0xx_hal_rcc.o
    0x08001360   0x08001360   0x0000000c   Code   RO          881    i.HAL_RCC_GetHCLKFreq  stm32f0xx_hal_rcc.o
    0x0800136c   0x0800136c   0x00000024   Code   RO          883    i.HAL_RCC_GetPCLK1Freq  stm32f0xx_hal_rcc.o
    0x08001390   0x08001390   0x00000098   Code   RO          884    i.HAL_RCC_GetSysClockFreq  stm32f0xx_hal_rcc.o
    0x08001428   0x08001428   0x0000058c   Code   RO          887    i.HAL_RCC_OscConfig  stm32f0xx_hal_rcc.o
    0x080019b4   0x080019b4   0x0000009c   Code   RO         4000    i.HAL_RS485Ex_Init  stm32f0xx_hal_uart_ex.o
    0x08001a50   0x08001a50   0x0000005c   Code   RO         2323    i.HAL_RTC_GetDate   stm32f0xx_hal_rtc.o
    0x08001aac   0x08001aac   0x0000006c   Code   RO         2325    i.HAL_RTC_GetTime   stm32f0xx_hal_rtc.o
    0x08001b18   0x08001b18   0x000000c0   Code   RO         2326    i.HAL_RTC_Init      stm32f0xx_hal_rtc.o
    0x08001bd8   0x08001bd8   0x00000020   Code   RO          708    i.HAL_RTC_MspDeInit  stm32f0xx_hal_msp.o
    0x08001bf8   0x08001bf8   0x00000020   Code   RO          709    i.HAL_RTC_MspInit   stm32f0xx_hal_msp.o
    0x08001c18   0x08001c18   0x000000c8   Code   RO         2332    i.HAL_RTC_SetDate   stm32f0xx_hal_rtc.o
    0x08001ce0   0x08001ce0   0x000000f8   Code   RO         2333    i.HAL_RTC_SetTime   stm32f0xx_hal_rtc.o
    0x08001dd8   0x08001dd8   0x0000003c   Code   RO         2334    i.HAL_RTC_WaitForSynchro  stm32f0xx_hal_rtc.o
    0x08001e14   0x08001e14   0x00000038   Code   RO         1834    i.HAL_SYSTICK_Config  stm32f0xx_hal_cortex.o
    0x08001e4c   0x08001e4c   0x00000002   Code   RO         3342    i.HAL_TIMEx_BreakCallback  stm32f0xx_hal_tim_ex.o
    0x08001e4e   0x08001e4e   0x00000002   Code   RO         3343    i.HAL_TIMEx_CommutCallback  stm32f0xx_hal_tim_ex.o
    0x08001e50   0x08001e50   0x00000064   Code   RO         2631    i.HAL_TIM_Base_Init  stm32f0xx_hal_tim.o
    0x08001eb4   0x08001eb4   0x00000028   Code   RO          710    i.HAL_TIM_Base_MspDeInit  stm32f0xx_hal_msp.o
    0x08001edc   0x08001edc   0x00000044   Code   RO          711    i.HAL_TIM_Base_MspInit  stm32f0xx_hal_msp.o
    0x08001f20   0x08001f20   0x00000064   Code   RO         2636    i.HAL_TIM_Base_Start_IT  stm32f0xx_hal_tim.o
    0x08001f84   0x08001f84   0x00000044   Code   RO         2639    i.HAL_TIM_Base_Stop_IT  stm32f0xx_hal_tim.o
    0x08001fc8   0x08001fc8   0x00000002   Code   RO         2665    i.HAL_TIM_IC_CaptureCallback  stm32f0xx_hal_tim.o
    0x08001fca   0x08001fca   0x00000002   Code   RO         2682    i.HAL_TIM_OC_DelayElapsedCallback  stm32f0xx_hal_tim.o
    0x08001fcc   0x08001fcc   0x00000002   Code   RO         2709    i.HAL_TIM_PWM_PulseFinishedCallback  stm32f0xx_hal_tim.o
    0x08001fce   0x08001fce   0x00000002   Code   RO         2722    i.HAL_TIM_TriggerCallback  stm32f0xx_hal_tim.o
    0x08001fd0   0x08001fd0   0x00000002   Code   RO         3612    i.HAL_UARTEx_RxEventCallback  stm32f0xx_hal_uart.o
    0x08001fd2   0x08001fd2   0x0000000a   Code   RO          442    i.HAL_UART_ErrorCallback  main.o
    0x08001fdc   0x08001fdc   0x00000002   Code   RO          444    i.HAL_UART_TxCpltCallback  main.o
    0x08001fde   0x08001fde   0x00000004   Code   RO          639    i.HardFault_Handler  stm32f0xx_it.o
    0x08001fe2   0x08001fe2   0x00000004   Code   RO          640    i.NMI_Handler       stm32f0xx_it.o
    0x08001fe6   0x08001fe6   0x00000002   Code   RO          641    i.PendSV_Handler    stm32f0xx_it.o
    0x08001fe8   0x08001fe8   0x00000002   Code   RO          642    i.SVC_Handler       stm32f0xx_it.o
    0x08001fea   0x08001fea   0x00000002   Code   RO         4055    i.SystemInit        system_stm32f0xx.o
    0x08001fec   0x08001fec   0x00000014   Code   RO          644    i.TIM14_IRQHandler  stm32f0xx_it.o
    0x08002000   0x08002000   0x00000004   Data   RO           35    .ARM.__at_0x08002000  common.o
    0x08002004   0x08002004   0x00000004   Data   RO           36    .ARM.__at_0x08002004  common.o
    0x08002008   0x08002008   0x00000004   Data   RO           37    .ARM.__at_0x08002008  common.o
    0x0800200c   0x0800200c   0x00000004   Data   RO           38    .ARM.__at_0x0800200C  common.o
    0x08002010   0x08002010   0x0000016e   Code   RO         2679    i.HAL_TIM_IRQHandler  stm32f0xx_hal_tim.o
    0x0800217e   0x0800217e   0x00000002   PAD
    0x08002180   0x08002180   0x00000124   Code   RO          441    i.HAL_TIM_PeriodElapsedCallback  main.o
    0x080022a4   0x080022a4   0x000000f0   Code   RO         3615    i.HAL_UART_AbortReceive  stm32f0xx_hal_uart.o
    0x08002394   0x08002394   0x000003ac   Code   RO         3631    i.HAL_UART_IRQHandler  stm32f0xx_hal_uart.o
    0x08002740   0x08002740   0x00000034   Code   RO          712    i.HAL_UART_MspDeInit  stm32f0xx_hal_msp.o
    0x08002774   0x08002774   0x00000090   Code   RO          713    i.HAL_UART_MspInit  stm32f0xx_hal_msp.o
    0x08002804   0x08002804   0x00000130   Code   RO         3635    i.HAL_UART_Receive  stm32f0xx_hal_uart.o
    0x08002934   0x08002934   0x0000007e   Code   RO         3637    i.HAL_UART_Receive_IT  stm32f0xx_hal_uart.o
    0x080029b2   0x080029b2   0x00000002   PAD
    0x080029b4   0x080029b4   0x00000050   Code   RO          443    i.HAL_UART_RxCpltCallback  main.o
    0x08002a04   0x08002a04   0x000000e8   Code   RO         3641    i.HAL_UART_Transmit  stm32f0xx_hal_uart.o
    0x08002aec   0x08002aec   0x00000032   Code   RO         1218    i.I2C_Flush_TXDR    stm32f0xx_hal_i2c.o
    0x08002b1e   0x08002b1e   0x00000002   PAD
    0x08002b20   0x08002b20   0x0000015c   Code   RO         1226    i.I2C_IsErrorOccurred  stm32f0xx_hal_i2c.o
    0x08002c7c   0x08002c7c   0x0000003c   Code   RO         1235    i.I2C_TransferConfig  stm32f0xx_hal_i2c.o
    0x08002cb8   0x08002cb8   0x0000007e   Code   RO         1237    i.I2C_WaitOnFlagUntilTimeout  stm32f0xx_hal_i2c.o
    0x08002d36   0x08002d36   0x00000002   PAD
    0x08002d38   0x08002d38   0x000000dc   Code   RO         1238    i.I2C_WaitOnRXNEFlagUntilTimeout  stm32f0xx_hal_i2c.o
    0x08002e14   0x08002e14   0x00000066   Code   RO         1239    i.I2C_WaitOnSTOPFlagUntilTimeout  stm32f0xx_hal_i2c.o
    0x08002e7a   0x08002e7a   0x0000006e   Code   RO         1240    i.I2C_WaitOnTXISFlagUntilTimeout  stm32f0xx_hal_i2c.o
    0x08002ee8   0x08002ee8   0x000000c4   Code   RO          324    i.LOGGER_Delete     logger.o
    0x08002fac   0x08002fac   0x00000174   Code   RO          325    i.LOGGER_Init       logger.o
    0x08003120   0x08003120   0x00000090   Code   RO          326    i.LOGGER_Read       logger.o
    0x080031b0   0x080031b0   0x00000040   Code   RO          327    i.LOGGER_Service    logger.o
    0x080031f0   0x080031f0   0x00000164   Code   RO          328    i.LOGGER_Write      logger.o
    0x08003354   0x08003354   0x00000034   Code   RO          445    i.MX_CRC_Init       main.o
    0x08003388   0x08003388   0x000000f8   Code   RO          446    i.MX_GPIO_Init      main.o
    0x08003480   0x08003480   0x00000074   Code   RO          447    i.MX_I2C1_Init      main.o
    0x080034f4   0x080034f4   0x00000030   Code   RO          448    i.MX_IWDG_Init      main.o
    0x08003524   0x08003524   0x00000034   Code   RO          449    i.MX_RTC_Init       main.o
    0x08003558   0x08003558   0x00000044   Code   RO          450    i.MX_TIM14_Init     main.o
    0x0800359c   0x0800359c   0x0000006c   Code   RO          451    i.MX_USART1_UART_Init  main.o
    0x08003608   0x08003608   0x00000084   Code   RO          452    i.ParityCheck       main.o
    0x0800368c   0x0800368c   0x0000001a   Code   RO         2335    i.RTC_Bcd2ToByte    stm32f0xx_hal_rtc.o
    0x080036a6   0x080036a6   0x0000001a   Code   RO         2336    i.RTC_ByteToBcd2    stm32f0xx_hal_rtc.o
    0x080036c0   0x080036c0   0x00000050   Code   RO         2337    i.RTC_EnterInitMode  stm32f0xx_hal_rtc.o
    0x08003710   0x08003710   0x00000032   Code   RO         2338    i.RTC_ExitInitMode  stm32f0xx_hal_rtc.o
    0x08003742   0x08003742   0x000000c4   Code   RO           24    i.Str2Hex           common.o
    0x08003806   0x08003806   0x00000002   PAD
    0x08003808   0x08003808   0x00000024   Code   RO          643    i.SysTick_Handler   stm32f0xx_it.o
    0x0800382c   0x0800382c   0x00000094   Code   RO          453    i.SystemClock_Config  main.o
    0x080038c0   0x080038c0   0x000000a0   Code   RO         2724    i.TIM_Base_SetConfig  stm32f0xx_hal_tim.o
    0x08003960   0x08003960   0x000000f0   Code   RO         3646    i.UART_AdvFeatureConfig  stm32f0xx_hal_uart.o
    0x08003a50   0x08003a50   0x00000100   Code   RO         3647    i.UART_CheckIdleState  stm32f0xx_hal_uart.o
    0x08003b50   0x08003b50   0x00000018   Code   RO         3648    i.UART_DMAAbortOnError  stm32f0xx_hal_uart.o
    0x08003b68   0x08003b68   0x00000080   Code   RO         3658    i.UART_EndRxTransfer  stm32f0xx_hal_uart.o
    0x08003be8   0x08003be8   0x00000036   Code   RO         3659    i.UART_EndTransmit_IT  stm32f0xx_hal_uart.o
    0x08003c1e   0x08003c1e   0x0000011a   Code   RO         3661    i.UART_RxISR_16BIT  stm32f0xx_hal_uart.o
    0x08003d38   0x08003d38   0x0000011a   Code   RO         3662    i.UART_RxISR_8BIT   stm32f0xx_hal_uart.o
    0x08003e52   0x08003e52   0x00000002   PAD
    0x08003e54   0x08003e54   0x00000180   Code   RO         3663    i.UART_SetConfig    stm32f0xx_hal_uart.o
    0x08003fd4   0x08003fd4   0x00000100   Code   RO         3665    i.UART_Start_Receive_IT  stm32f0xx_hal_uart.o
    0x080040d4   0x080040d4   0x000000b4   Code   RO         3668    i.UART_WaitOnFlagUntilTimeout  stm32f0xx_hal_uart.o
    0x08004188   0x08004188   0x00000010   Code   RO          645    i.USART1_IRQHandler  stm32f0xx_it.o
    0x08004198   0x08004198   0x00000030   Code   RO          963    i.__ARM_common_ll_muluu  stm32f0xx_hal_rcc.o
    0x080041c8   0x080041c8   0x0000001c   Code   RO          429    i.__ARM_common_switch8  rfid.o
    0x080041e4   0x080041e4   0x00000078   Code   RO         1836    i.__NVIC_SetPriority  stm32f0xx_hal_cortex.o
    0x0800425c   0x0800425c   0x00000006   Code   RO         3669    i.__get_PRIMASK     stm32f0xx_hal_uart.o
    0x08004262   0x08004262   0x0000000e   Code   RO         4116    i.__scatterload_copy  mc_p.l(handlers.o)
    0x08004270   0x08004270   0x00000002   Code   RO         4117    i.__scatterload_null  mc_p.l(handlers.o)
    0x08004272   0x08004272   0x0000000e   Code   RO         4118    i.__scatterload_zeroinit  mc_p.l(handlers.o)
    0x08004280   0x08004280   0x00000006   Code   RO         3670    i.__set_PRIMASK     stm32f0xx_hal_uart.o
    0x08004286   0x08004286   0x00000002   PAD
    0x08004288   0x08004288   0x00000088   Code   RO          454    i.card_blocked      main.o
    0x08004310   0x08004310   0x00000088   Code   RO          455    i.card_invalid      main.o
    0x08004398   0x08004398   0x0000009c   Code   RO          456    i.card_valid        main.o
    0x08004434   0x08004434   0x00000074   Code   RO          457    i.delete_all_cards  main.o
    0x080044a8   0x080044a8   0x00000070   Code   RO          458    i.delete_all_events  main.o
    0x08004518   0x08004518   0x000000dc   Code   RO          459    i.delete_card       main.o
    0x080045f4   0x080045f4   0x00000014   Code   RO          460    i.enable_rfid_receiver  main.o
    0x08004608   0x08004608   0x00000060   Code   RO          461    i.enable_rs485_receiver  main.o
    0x08004668   0x08004668   0x00000084   Code   RO          462    i.find_card         main.o
    0x080046ec   0x080046ec   0x000001dc   Code   RO          463    i.init              main.o
    0x080048c8   0x080048c8   0x000002f4   Code   RO          464    i.main              main.o
    0x08004bbc   0x08004bbc   0x00000030   Code   RO           29    i.mem_comp          common.o
    0x08004bec   0x08004bec   0x0000001a   Code   RO           30    i.mem_copy          common.o
    0x08004c06   0x08004c06   0x00000012   Code   RO           32    i.mem_set           common.o
    0x08004c18   0x08004c18   0x00000160   Code   RO          465    i.new_event         main.o
    0x08004d78   0x08004d78   0x00000010   Code   RO          374    i.rfid_end_read_tag  rfid.o
    0x08004d88   0x08004d88   0x000001b0   Code   RO          377    i.rfid_process      rfid.o
    0x08004f38   0x08004f38   0x0000000c   Code   RO          378    i.rfid_read_tag     rfid.o
    0x08004f44   0x08004f44   0x00000188   Code   RO          379    i.rfid_start_read_tag  rfid.o
    0x080050cc   0x080050cc   0x000006b0   Code   RO          380    i.rfid_tx_rx_byte   rfid.o
    0x0800577c   0x0800577c   0x0000030c   Code   RO          466    i.rs485             main.o
    0x08005a88   0x08005a88   0x0000005c   Code   RO          467    i.save_door_tmr     main.o
    0x08005ae4   0x08005ae4   0x00000054   Code   RO          468    i.save_flags        main.o
    0x08005b38   0x08005b38   0x0000049c   Code   RO          469    i.status            main.o
    0x08005fd4   0x08005fd4   0x000000e8   Code   RO          470    i.write_card        main.o
    0x080060bc   0x080060bc   0x00000020   Data   RO          888    .constdata          stm32f0xx_hal_rcc.o
    0x080060dc   0x080060dc   0x00000018   Data   RO         4056    .constdata          system_stm32f0xx.o
    0x080060f4   0x080060f4   0x00000020   Data   RO         4114    Region$$Table       anon$$obj.o


    Execution Region RW_IRAM1 (Exec base: 0x20000000, Load base: 0x08006114, Size: 0x00000680, Max: 0x00001000, ABSOLUTE)

    Exec Addr    Load Addr    Size         Type   Attr      Idx    E Section Name        Object

    0x20000000   0x08006114   0x00000018   Data   RW          329    .data               logger.o
    0x20000018   0x0800612c   0x00000008   Data   RW          382    .data               rfid.o
    0x20000020   0x08006134   0x0000004d   Data   RW          473    .data               main.o
    0x2000006d   0x08006181   0x00000003   PAD
    0x20000070   0x08006184   0x00000009   Data   RW         1025    .data               stm32f0xx_hal.o
    0x20000079   0x0800618d   0x00000003   PAD
    0x2000007c   0x08006190   0x00000004   Data   RW         4057    .data               system_stm32f0xx.o
    0x20000080        -       0x00000200   Zero   RW          471    .bss                main.o
    0x20000280        -       0x00000400   Zero   RW            1    STACK               startup_stm32f030x6.o


==============================================================================

Image component sizes


      Code (inc. data)   RO Data    RW Data    ZI Data      Debug   Object Name

       288          0         16          0          0     309091   common.o
      1132        118          0         24          0       4159   logger.o
      6548        704          0         77        512      19623   main.o
      2592         44          0          8          0       4978   rfid.o
        28          8        176          0       1024        616   startup_stm32f030x6.o
       242         44          0          9          0       8670   stm32f0xx_hal.o
       366         46          0          0          0      12149   stm32f0xx_hal_cortex.o
        90          0          0          0          0       1051   stm32f0xx_hal_crc.o
       176          0          0          0          0       2158   stm32f0xx_hal_dma.o
       822         52          0          0          0       3924   stm32f0xx_hal_gpio.o
      2410         34          0          0          0      11482   stm32f0xx_hal_i2c.o
       222          0          0          0          0       1855   stm32f0xx_hal_i2c_ex.o
       140         18          0          0          0       1803   stm32f0xx_hal_iwdg.o
       704         98          0          0          0       6260   stm32f0xx_hal_msp.o
      2032         78         32          0          0       5009   stm32f0xx_hal_rcc.o
       336         14          0          0          0       1360   stm32f0xx_hal_rcc_ex.o
      1082         28          0          0          0       7489   stm32f0xx_hal_rtc.o
       802         34          0          0          0       6142   stm32f0xx_hal_tim.o
         4          0          0          0          0       1493   stm32f0xx_hal_tim_ex.o
      3942         48          0          0          0      18813   stm32f0xx_hal_uart.o
       156          6          0          0          0       1323   stm32f0xx_hal_uart_ex.o
       100         16          0          0          0       3416   stm32f0xx_it.o
         2          0         24          4          0       1067   system_stm32f0xx.o

    ----------------------------------------------------------------------
     24242       1390        280        128       1536     433931   Object Totals
         0          0         32          0          0          0   (incl. Generated)
        26          0          0          6          0          0   (incl. Padding)

    ----------------------------------------------------------------------

      Code (inc. data)   RO Data    RW Data    ZI Data      Debug   Library Member Name

         0          0          0          0          0          0   entry.o
         0          0          0          0          0          0   entry10a.o
         0          0          0          0          0          0   entry11a.o
         8          4          0          0          0          0   entry2.o
         4          0          0          0          0          0   entry5.o
         0          0          0          0          0          0   entry7b.o
         0          0          0          0          0          0   entry8b.o
         8          4          0          0          0          0   entry9a.o
        30          0          0          0          0          0   handlers.o
        36          8          0          0          0         68   init.o
        32          0          0          0          0         68   llshl.o
        34          0          0          0          0         68   llushr.o
        36          0          0          0          0        100   memseta.o
        44          0          0          0          0         72   uidiv.o
        96          0          0          0          0         84   uldiv.o

    ----------------------------------------------------------------------
       330         16          0          0          0        460   Library Totals
         2          0          0          0          0          0   (incl. Padding)

    ----------------------------------------------------------------------

      Code (inc. data)   RO Data    RW Data    ZI Data      Debug   Library Name

       328         16          0          0          0        460   mc_p.l

    ----------------------------------------------------------------------
       330         16          0          0          0        460   Library Totals

    ----------------------------------------------------------------------

==============================================================================


      Code (inc. data)   RO Data    RW Data    ZI Data      Debug   

     24572       1406        280        128       1536     427943   Grand Totals
     24572       1406        280        128       1536     427943   ELF Image Totals
     24572       1406        280        128          0          0   ROM Totals

==============================================================================

    Total RO  Size (Code + RO Data)                24852 (  24.27kB)
    Total RW  Size (RW Data + ZI Data)              1664 (   1.63kB)
    Total ROM Size (Code + RO Data + RW Data)      24980 (  24.39kB)

==============================================================================

